[   1/1800] elapsed     0s  n=64   hb run1
[   2/1800] elapsed     0s eta     0s  n=67   hb run1
[   3/1800] elapsed     1s eta   898s  n=70   hb run1
[   4/1800] elapsed     1s eta   598s  n=74   hb run1
[   5/1800] elapsed     2s eta   897s  n=77   hb run1
[   6/1800] elapsed     2s eta   717s  n=81   hb run1
[   7/1800] elapsed     3s eta   896s  n=85   hb run1
[   8/1800] elapsed     3s eta   768s  n=89   hb run1
[   9/1800] elapsed     4s eta   895s  n=93   hb run1
[  10/1800] elapsed     4s eta   795s  n=98   hb run1
[  11/1800] elapsed     5s eta   894s  n=102  hb run1
[  12/1800] elapsed     5s eta   812s  n=107  hb run1
[  13/1800] elapsed     6s eta   893s  n=113  hb run1
[  14/1800] elapsed     7s eta   961s  n=118  hb run1
[  15/1800] elapsed     7s eta   892s  n=124  hb run1
[  16/1800] elapsed     8s eta   951s  n=130  hb run1
[  17/1800] elapsed     9s eta  1002s  n=136  hb run1
[  18/1800] elapsed    10s eta  1048s  n=143  hb run1
[  19/1800] elapsed    11s eta  1088s  n=150  hb run1
[  20/1800] elapsed    11s eta  1030s  n=157  hb run1
[  21/1800] elapsed    12s eta  1067s  n=164  hb run1
[  22/1800] elapsed    13s eta  1100s  n=172  hb run1
[  23/1800] elapsed    14s eta  1130s  n=181  hb run1
[  24/1800] elapsed    15s eta  1158s  n=189  hb run1
[  25/1800] elapsed    17s eta  1257s  n=199  hb run1
[  26/1800] elapsed    18s eta  1277s  n=208  hb run1
[  27/1800] elapsed    19s eta  1295s  n=218  hb run1
[  28/1800] elapsed    20s eta  1312s  n=229  hb run1
[  29/1800] elapsed    22s eta  1391s  n=240  hb run1
[  30/1800] elapsed    23s eta  1403s  n=252  hb run1
[  31/1800] elapsed    25s eta  1474s  n=264  hb run1
[  32/1800] elapsed    27s eta  1539s  n=277  hb run1
[  33/1800] elapsed    28s eta  1546s  n=290  hb run1
[  34/1800] elapsed    30s eta  1605s  n=304  hb run1
[  35/1800] elapsed    32s eta  1661s  n=319  hb run1
[  36/1800] elapsed    34s eta  1713s  n=334  hb run1
[  37/1800] elapsed    36s eta  1763s  n=350  hb run1
[  38/1800] elapsed    38s eta  1809s  n=367  hb run1
[  39/1800] elapsed    41s eta  1900s  n=385  hb run1
[  40/1800] elapsed    43s eta  1940s  n=403  hb run1
[  41/1800] elapsed    46s eta  2022s  n=423  hb run1
[  42/1800] elapsed    48s eta  2058s  n=443  hb run1
[  43/1800] elapsed    51s eta  2133s  n=465  hb run1
[  44/1800] elapsed    54s eta  2205s  n=487  hb run1
[  45/1800] elapsed    57s eta  2273s  n=511  hb run1
[  46/1800] elapsed    61s eta  2377s  n=535  hb run1
[  47/1800] elapsed    65s eta  2477s  n=561  hb run1
[  48/1800] elapsed    68s eta  2534s  n=588  hb run1
[  49/1800] elapsed    73s eta  2662s  n=617  hb run1
[  50/1800] elapsed    77s eta  2750s  n=647  hb run1
[  51/1800] elapsed    81s eta  2833s  n=678  hb run1
[  52/1800] elapsed    86s eta  2947s  n=711  hb run1
[  53/1800] elapsed    91s eta  3057s  n=745  hb run1
[  54/1800] elapsed    96s eta  3162s  n=781  hb run1
[  55/1800] elapsed   102s eta  3296s  n=819  hb run1
[  56/1800] elapsed   107s eta  3392s  n=858  hb run1
[  57/1800] elapsed   113s eta  3517s  n=899  hb run1
[  58/1800] elapsed   120s eta  3667s  n=943  hb run1
[  59/1800] elapsed   126s eta  3782s  n=988  hb run1
[  60/1800] elapsed   133s eta  3922s  n=1036 hb run1
[  61/1800] elapsed   141s eta  4086s  n=1086 hb run1
[  62/1800] elapsed   148s eta  4216s  n=1138 hb run1
[  63/1800] elapsed   156s eta  4370s  n=1193 hb run1
[  64/1800] elapsed   165s eta  4546s  n=1251 hb run1
[  65/1800] elapsed   174s eta  4717s  n=1311 hb run1
[  66/1800] elapsed   183s eta  4881s  n=1374 hb run1
[  67/1800] elapsed   193s eta  5067s  n=1441 hb run1
[  68/1800] elapsed   204s eta  5273s  n=1510 hb run1
[  69/1800] elapsed   215s eta  5473s  n=1583 hb run1
[  70/1800] elapsed   226s eta  5666s  n=1659 hb run1
[  71/1800] elapsed   238s eta  5878s  n=1739 hb run1
[  72/1800] elapsed   250s eta  6084s  n=1823 hb run1
[  73/1800] elapsed   264s eta  6332s  n=1911 hb run1
[  74/1800] elapsed   277s eta  6549s  n=2003 hb run1
[  75/1800] elapsed   292s eta  6806s  n=2100 hb run1
[  76/1800] elapsed   307s eta  7056s  n=2201 hb run1
[  77/1800] elapsed   324s eta  7345s  n=2307 hb run1
[  78/1800] elapsed   341s eta  7626s  n=2418 hb run1
[  79/1800] elapsed   358s eta  7898s  n=2535 hb run1
[  80/1800] elapsed   377s eta  8208s  n=2657 hb run1
[  81/1800] elapsed   397s eta  8530s  n=2785 hb run1
[  82/1800] elapsed   417s eta  8844s  n=2920 hb run1
[  83/1800] elapsed   439s eta  9192s  n=3061 hb run1
[  84/1800] elapsed   462s eta  9551s  n=3208 hb run1
[  85/1800] elapsed   486s eta  9922s  n=3363 hb run1
[  86/1800] elapsed   511s eta 10304s  n=3525 hb run1
[  87/1800] elapsed   538s eta 10716s  n=3695 hb run1
[  88/1800] elapsed   566s eta 11137s  n=3873 hb run1
[  89/1800] elapsed   596s eta 11588s  n=4060 hb run1
[  90/1800] elapsed   628s eta 12066s  n=4096 hb run1
[  91/1800] elapsed   659s eta 12513s  n=64   hs run1
[  92/1800] elapsed   660s eta 12387s  n=67   hs run1
[  93/1800] elapsed   660s eta 12245s  n=70   hs run1
[  94/1800] elapsed   661s eta 12125s  n=74   hs run1
[  95/1800] elapsed   661s eta 11989s  n=77   hs run1
[  96/1800] elapsed   661s eta 11856s  n=81   hs run1
[  97/1800] elapsed   662s eta 11743s  n=85   hs run1
[  98/1800] elapsed   662s eta 11615s  n=89   hs run1
[  99/1800] elapsed   663s eta 11507s  n=93   hs run1
[ 100/1800] elapsed   663s eta 11384s  n=98   hs run1
[ 101/1800] elapsed   664s eta 11281s  n=102  hs run1
[ 102/1800] elapsed   665s eta 11179s  n=107  hs run1
[ 103/1800] elapsed   665s eta 11063s  n=113  hs run1
[ 104/1800] elapsed   666s eta 10966s  n=118  hs run1
[ 105/1800] elapsed   667s eta 10870s  n=124  hs run1
[ 106/1800] elapsed   667s eta 10760s  n=130  hs run1
[ 107/1800] elapsed   668s eta 10669s  n=136  hs run1
[ 108/1800] elapsed   669s eta 10578s  n=143  hs run1
[ 109/1800] elapsed   670s eta 10490s  n=150  hs run1
[ 110/1800] elapsed   671s eta 10403s  n=157  hs run1
[ 111/1800] elapsed   672s eta 10318s  n=164  hs run1
[ 112/1800] elapsed   673s eta 10234s  n=172  hs run1
[ 113/1800] elapsed   674s eta 10152s  n=181  hs run1
[ 114/1800] elapsed   675s eta 10071s  n=189  hs run1
[ 115/1800] elapsed   676s eta  9991s  n=199  hs run1
[ 116/1800] elapsed   677s eta  9913s  n=208  hs run1
[ 117/1800] elapsed   678s eta  9836s  n=218  hs run1
[ 118/1800] elapsed   680s eta  9775s  n=229  hs run1
[ 119/1800] elapsed   681s eta  9701s  n=240  hs run1
[ 120/1800] elapsed   682s eta  9628s  n=252  hs run1
[ 121/1800] elapsed   684s eta  9570s  n=264  hs run1
[ 122/1800] elapsed   686s eta  9513s  n=277  hs run1
[ 123/1800] elapsed   687s eta  9443s  n=290  hs run1
[ 124/1800] elapsed   689s eta  9388s  n=304  hs run1
[ 125/1800] elapsed   691s eta  9334s  n=319  hs run1
[ 126/1800] elapsed   693s eta  9280s  n=334  hs run1
[ 127/1800] elapsed   695s eta  9228s  n=350  hs run1
[ 128/1800] elapsed   697s eta  9176s  n=367  hs run1
[ 129/1800] elapsed   700s eta  9138s  n=385  hs run1
[ 130/1800] elapsed   702s eta  9087s  n=403  hs run1
[ 131/1800] elapsed   705s eta  9051s  n=423  hs run1
[ 132/1800] elapsed   707s eta  9002s  n=443  hs run1
[ 133/1800] elapsed   710s eta  8966s  n=465  hs run1
[ 134/1800] elapsed   713s eta  8931s  n=487  hs run1
[ 135/1800] elapsed   716s eta  8896s  n=511  hs run1
[ 136/1800] elapsed   720s eta  8874s  n=535  hs run1
[ 137/1800] elapsed   723s eta  8840s  n=561  hs run1
[ 138/1800] elapsed   727s eta  8819s  n=588  hs run1
[ 139/1800] elapsed   731s eta  8798s  n=617  hs run1
[ 140/1800] elapsed   735s eta  8777s  n=647  hs run1
[ 141/1800] elapsed   740s eta  8769s  n=678  hs run1
[ 142/1800] elapsed   744s eta  8748s  n=711  hs run1
[ 143/1800] elapsed   749s eta  8740s  n=745  hs run1
[ 144/1800] elapsed   754s eta  8731s  n=781  hs run1
[ 145/1800] elapsed   760s eta  8734s  n=819  hs run1
[ 146/1800] elapsed   765s eta  8726s  n=858  hs run1
[ 147/1800] elapsed   771s eta  8729s  n=899  hs run1
[ 148/1800] elapsed   777s eta  8732s  n=943  hs run1
[ 149/1800] elapsed   784s eta  8745s  n=988  hs run1
[ 150/1800] elapsed   791s eta  8759s  n=1036 hs run1
[ 151/1800] elapsed   798s eta  8772s  n=1086 hs run1
[ 152/1800] elapsed   806s eta  8796s  n=1138 hs run1
[ 153/1800] elapsed   814s eta  8820s  n=1193 hs run1
[ 154/1800] elapsed   823s eta  8853s  n=1251 hs run1
[ 155/1800] elapsed   831s eta  8876s  n=1311 hs run1
[ 156/1800] elapsed   841s eta  8920s  n=1374 hs run1
[ 157/1800] elapsed   851s eta  8962s  n=1441 hs run1
[ 158/1800] elapsed   861s eta  9004s  n=1510 hs run1
[ 159/1800] elapsed   872s eta  9056s  n=1583 hs run1
[ 160/1800] elapsed   883s eta  9107s  n=1659 hs run1
[ 161/1800] elapsed   895s eta  9168s  n=1739 hs run1
[ 162/1800] elapsed   907s eta  9227s  n=1823 hs run1
[ 163/1800] elapsed   921s eta  9306s  n=1911 hs run1
[ 164/1800] elapsed   935s eta  9384s  n=2003 hs run1
[ 165/1800] elapsed   949s eta  9461s  n=2100 hs run1
[ 166/1800] elapsed   965s eta  9556s  n=2201 hs run1
[ 167/1800] elapsed   981s eta  9650s  n=2307 hs run1
[ 168/1800] elapsed   998s eta  9752s  n=2418 hs run1
[ 169/1800] elapsed  1015s eta  9853s  n=2535 hs run1
[ 170/1800] elapsed  1034s eta  9972s  n=2657 hs run1
[ 171/1800] elapsed  1054s eta 10099s  n=2785 hs run1
[ 172/1800] elapsed  1074s eta 10224s  n=2920 hs run1
[ 173/1800] elapsed  1096s eta 10367s  n=3061 hs run1
[ 174/1800] elapsed  1119s eta 10517s  n=3208 hs run1
[ 175/1800] elapsed  1143s eta 10674s  n=3363 hs run1
[ 176/1800] elapsed  1169s eta 10848s  n=3525 hs run1
[ 177/1800] elapsed  1195s eta 11019s  n=3695 hs run1
[ 178/1800] elapsed  1223s eta 11207s  n=3873 hs run1
[ 179/1800] elapsed  1253s eta 11410s  n=4060 hs run1
[ 180/1800] elapsed  1285s eta 11629s  n=4096 hs run1
[ 181/1800] elapsed  1317s eta 11845s  n=64   cb run1
[ 182/1800] elapsed  1317s eta 11772s  n=67   cb run1
[ 183/1800] elapsed  1317s eta 11701s  n=70   cb run1
[ 184/1800] elapsed  1318s eta 11638s  n=74   cb run1
[ 185/1800] elapsed  1318s eta 11568s  n=77   cb run1
[ 186/1800] elapsed  1319s eta 11507s  n=81   cb run1
[ 187/1800] elapsed  1319s eta 11438s  n=85   cb run1
[ 188/1800] elapsed  1320s eta 11378s  n=89   cb run1
[ 189/1800] elapsed  1320s eta 11311s  n=93   cb run1
[ 190/1800] elapsed  1321s eta 11252s  n=98   cb run1
[ 191/1800] elapsed  1321s eta 11186s  n=102  cb run1
[ 192/1800] elapsed  1322s eta 11129s  n=107  cb run1
[ 193/1800] elapsed  1323s eta 11073s  n=113  cb run1
[ 194/1800] elapsed  1323s eta 11009s  n=118  cb run1
[ 195/1800] elapsed  1324s eta 10953s  n=124  cb run1
[ 196/1800] elapsed  1325s eta 10898s  n=130  cb run1
[ 197/1800] elapsed  1326s eta 10844s  n=136  cb run1
[ 198/1800] elapsed  1326s eta 10783s  n=143  cb run1
[ 199/1800] elapsed  1327s eta 10729s  n=150  cb run1
[ 200/1800] elapsed  1328s eta 10677s  n=157  cb run1
[ 201/1800] elapsed  1329s eta 10625s  n=164  cb run1
[ 202/1800] elapsed  1330s eta 10573s  n=172  cb run1
[ 203/1800] elapsed  1331s eta 10522s  n=181  cb run1
[ 204/1800] elapsed  1332s eta 10472s  n=189  cb run1
[ 205/1800] elapsed  1333s eta 10422s  n=199  cb run1
[ 206/1800] elapsed  1335s eta 10380s  n=208  cb run1
[ 207/1800] elapsed  1336s eta 10331s  n=218  cb run1
[ 208/1800] elapsed  1337s eta 10282s  n=229  cb run1
[ 209/1800] elapsed  1339s eta 10242s  n=240  cb run1
[ 210/1800] elapsed  1340s eta 10194s  n=252  cb run1
[ 211/1800] elapsed  1342s eta 10154s  n=264  cb run1
[ 212/1800] elapsed  1343s eta 10107s  n=277  cb run1
[ 213/1800] elapsed  1345s eta 10068s  n=290  cb run1
[ 214/1800] elapsed  1347s eta 10029s  n=304  cb run1
[ 215/1800] elapsed  1349s eta  9991s  n=319  cb run1
[ 216/1800] elapsed  1351s eta  9953s  n=334  cb run1
[ 217/1800] elapsed  1353s eta  9915s  n=350  cb run1
[ 218/1800] elapsed  1355s eta  9878s  n=367  cb run1
[ 219/1800] elapsed  1358s eta  9848s  n=385  cb run1
[ 220/1800] elapsed  1360s eta  9811s  n=403  cb run1
[ 221/1800] elapsed  1363s eta  9782s  n=423  cb run1
[ 222/1800] elapsed  1365s eta  9746s  n=443  cb run1
[ 223/1800] elapsed  1368s eta  9717s  n=465  cb run1
[ 224/1800] elapsed  1371s eta  9689s  n=487  cb run1
[ 225/1800] elapsed  1374s eta  9660s  n=511  cb run1
[ 226/1800] elapsed  1378s eta  9639s  n=535  cb run1
[ 227/1800] elapsed  1381s eta  9612s  n=561  cb run1
[ 228/1800] elapsed  1385s eta  9591s  n=588  cb run1
[ 229/1800] elapsed  1389s eta  9570s  n=617  cb run1
[ 230/1800] elapsed  1393s eta  9550s  n=647  cb run1
[ 231/1800] elapsed  1398s eta  9536s  n=678  cb run1
[ 232/1800] elapsed  1402s eta  9516s  n=711  cb run1
[ 233/1800] elapsed  1407s eta  9503s  n=745  cb run1
[ 234/1800] elapsed  1412s eta  9490s  n=781  cb run1
[ 235/1800] elapsed  1418s eta  9483s  n=819  cb run1
[ 236/1800] elapsed  1423s eta  9470s  n=858  cb run1
[ 237/1800] elapsed  1429s eta  9464s  n=899  cb run1
[ 238/1800] elapsed  1436s eta  9464s  n=943  cb run1
[ 239/1800] elapsed  1442s eta  9457s  n=988  cb run1
[ 240/1800] elapsed  1449s eta  9457s  n=1036 cb run1
[ 241/1800] elapsed  1456s eta  9457s  n=1086 cb run1
[ 242/1800] elapsed  1464s eta  9464s  n=1138 cb run1
[ 243/1800] elapsed  1472s eta  9470s  n=1193 cb run1
[ 244/1800] elapsed  1481s eta  9483s  n=1251 cb run1
[ 245/1800] elapsed  1489s eta  9489s  n=1311 cb run1
[ 246/1800] elapsed  1499s eta  9507s  n=1374 cb run1
[ 247/1800] elapsed  1509s eta  9526s  n=1441 cb run1
[ 248/1800] elapsed  1519s eta  9544s  n=1510 cb run1
[ 249/1800] elapsed  1530s eta  9568s  n=1583 cb run1
[ 250/1800] elapsed  1541s eta  9592s  n=1659 cb run1
[ 251/1800] elapsed  1553s eta  9622s  n=1739 cb run1
[ 252/1800] elapsed  1566s eta  9658s  n=1823 cb run1
[ 253/1800] elapsed  1579s eta  9693s  n=1911 cb run1
[ 254/1800] elapsed  1593s eta  9734s  n=2003 cb run1
[ 255/1800] elapsed  1607s eta  9774s  n=2100 cb run1
[ 256/1800] elapsed  1623s eta  9827s  n=2201 cb run1
[ 257/1800] elapsed  1639s eta  9878s  n=2307 cb run1
[ 258/1800] elapsed  1656s eta  9936s  n=2418 cb run1
[ 259/1800] elapsed  1673s eta  9992s  n=2535 cb run1
[ 260/1800] elapsed  1692s eta 10060s  n=2657 cb run1
[ 261/1800] elapsed  1712s eta 10133s  n=2785 cb run1
[ 262/1800] elapsed  1733s eta 10212s  n=2920 cb run1
[ 263/1800] elapsed  1754s eta 10289s  n=3061 cb run1
[ 264/1800] elapsed  1777s eta 10378s  n=3208 cb run1
[ 265/1800] elapsed  1801s eta 10471s  n=3363 cb run1
[ 266/1800] elapsed  1827s eta 10575s  n=3525 cb run1
[ 267/1800] elapsed  1854s eta 10684s  n=3695 cb run1
[ 268/1800] elapsed  1882s eta 10798s  n=3873 cb run1
[ 269/1800] elapsed  1912s eta 10922s  n=4060 cb run1
[ 270/1800] elapsed  1944s eta 11056s  n=4096 cb run1
[ 271/1800] elapsed  1975s eta 11184s  n=64   cs run1
[ 272/1800] elapsed  1976s eta 11141s  n=67   cs run1
[ 273/1800] elapsed  1976s eta 11093s  n=70   cs run1
[ 274/1800] elapsed  1977s eta 11050s  n=74   cs run1
[ 275/1800] elapsed  1977s eta 11003s  n=77   cs run1
[ 276/1800] elapsed  1978s eta 10961s  n=81   cs run1
[ 277/1800] elapsed  1978s eta 10914s  n=85   cs run1
[ 278/1800] elapsed  1979s eta 10873s  n=89   cs run1
[ 279/1800] elapsed  1979s eta 10827s  n=93   cs run1
[ 280/1800] elapsed  1980s eta 10787s  n=98   cs run1
[ 281/1800] elapsed  1980s eta 10741s  n=102  cs run1
[ 282/1800] elapsed  1981s eta 10701s  n=107  cs run1
[ 283/1800] elapsed  1981s eta 10656s  n=113  cs run1
[ 284/1800] elapsed  1982s eta 10617s  n=118  cs run1
[ 285/1800] elapsed  1983s eta 10578s  n=124  cs run1
[ 286/1800] elapsed  1984s eta 10539s  n=130  cs run1
[ 287/1800] elapsed  1984s eta 10495s  n=136  cs run1
[ 288/1800] elapsed  1985s eta 10457s  n=143  cs run1
[ 289/1800] elapsed  1986s eta 10419s  n=150  cs run1
[ 290/1800] elapsed  1987s eta 10381s  n=157  cs run1
[ 291/1800] elapsed  1988s eta 10344s  n=164  cs run1
[ 292/1800] elapsed  1989s eta 10307s  n=172  cs run1
[ 293/1800] elapsed  1990s eta 10270s  n=181  cs run1
[ 294/1800] elapsed  1991s eta 10233s  n=189  cs run1
[ 295/1800] elapsed  1992s eta 10197s  n=199  cs run1
[ 296/1800] elapsed  1993s eta 10160s  n=208  cs run1
[ 297/1800] elapsed  1995s eta 10130s  n=218  cs run1
[ 298/1800] elapsed  1996s eta 10094s  n=229  cs run1
[ 299/1800] elapsed  1997s eta 10058s  n=240  cs run1
[ 300/1800] elapsed  1999s eta 10028s  n=252  cs run1
[ 301/1800] elapsed  2001s eta  9998s  n=264  cs run1
[ 302/1800] elapsed  2002s eta  9963s  n=277  cs run1
[ 303/1800] elapsed  2004s eta  9933s  n=290  cs run1
[ 304/1800] elapsed  2006s eta  9904s  n=304  cs run1
[ 305/1800] elapsed  2008s eta  9874s  n=319  cs run1
[ 306/1800] elapsed  2010s eta  9845s  n=334  cs run1
[ 307/1800] elapsed  2012s eta  9816s  n=350  cs run1
[ 308/1800] elapsed  2014s eta  9787s  n=367  cs run1
[ 309/1800] elapsed  2016s eta  9759s  n=385  cs run1
[ 310/1800] elapsed  2019s eta  9735s  n=403  cs run1
[ 311/1800] elapsed  2021s eta  9707s  n=423  cs run1
[ 312/1800] elapsed  2024s eta  9683s  n=443  cs run1
[ 313/1800] elapsed  2027s eta  9660s  n=465  cs run1
[ 314/1800] elapsed  2030s eta  9637s  n=487  cs run1
[ 315/1800] elapsed  2033s eta  9614s  n=511  cs run1
[ 316/1800] elapsed  2036s eta  9591s  n=535  cs run1
[ 317/1800] elapsed  2040s eta  9573s  n=561  cs run1
[ 318/1800] elapsed  2044s eta  9555s  n=588  cs run1
[ 319/1800] elapsed  2048s eta  9538s  n=617  cs run1
[ 320/1800] elapsed  2052s eta  9520s  n=647  cs run1
[ 321/1800] elapsed  2056s eta  9502s  n=678  cs run1
[ 322/1800] elapsed  2061s eta  9489s  n=711  cs run1
[ 323/1800] elapsed  2066s eta  9476s  n=745  cs run1
[ 324/1800] elapsed  2071s eta  9463s  n=781  cs run1
[ 325/1800] elapsed  2077s eta  9455s  n=819  cs run1
[ 326/1800] elapsed  2082s eta  9442s  n=858  cs run1
[ 327/1800] elapsed  2088s eta  9434s  n=899  cs run1
[ 328/1800] elapsed  2095s eta  9430s  n=943  cs run1
[ 329/1800] elapsed  2101s eta  9422s  n=988  cs run1
[ 330/1800] elapsed  2108s eta  9418s  n=1036 cs run1
[ 331/1800] elapsed  2115s eta  9414s  n=1086 cs run1
[ 332/1800] elapsed  2123s eta  9415s  n=1138 cs run1
[ 333/1800] elapsed  2131s eta  9416s  n=1193 cs run1
[ 334/1800] elapsed  2139s eta  9416s  n=1251 cs run1
[ 335/1800] elapsed  2148s eta  9421s  n=1311 cs run1
[ 336/1800] elapsed  2158s eta  9430s  n=1374 cs run1
[ 337/1800] elapsed  2168s eta  9439s  n=1441 cs run1
[ 338/1800] elapsed  2178s eta  9448s  n=1510 cs run1
[ 339/1800] elapsed  2189s eta  9461s  n=1583 cs run1
[ 340/1800] elapsed  2200s eta  9474s  n=1659 cs run1
[ 341/1800] elapsed  2212s eta  9492s  n=1739 cs run1
[ 342/1800] elapsed  2224s eta  9509s  n=1823 cs run1
[ 343/1800] elapsed  2237s eta  9530s  n=1911 cs run1
[ 344/1800] elapsed  2251s eta  9555s  n=2003 cs run1
[ 345/1800] elapsed  2266s eta  9584s  n=2100 cs run1
[ 346/1800] elapsed  2281s eta  9613s  n=2201 cs run1
[ 347/1800] elapsed  2297s eta  9646s  n=2307 cs run1
[ 348/1800] elapsed  2314s eta  9682s  n=2418 cs run1
[ 349/1800] elapsed  2332s eta  9723s  n=2535 cs run1
[ 350/1800] elapsed  2351s eta  9767s  n=2657 cs run1
[ 351/1800] elapsed  2370s eta  9811s  n=2785 cs run1
[ 352/1800] elapsed  2391s eta  9863s  n=2920 cs run1
[ 353/1800] elapsed  2412s eta  9915s  n=3061 cs run1
[ 354/1800] elapsed  2435s eta  9974s  n=3208 cs run1
[ 355/1800] elapsed  2460s eta 10041s  n=3363 cs run1
[ 356/1800] elapsed  2485s eta 10108s  n=3525 cs run1
[ 357/1800] elapsed  2512s eta 10182s  n=3695 cs run1
[ 358/1800] elapsed  2540s eta 10259s  n=3873 cs run1
[ 359/1800] elapsed  2570s eta 10344s  n=4060 cs run1
[ 360/1800] elapsed  2602s eta 10436s  n=4096 cs run1
[ 361/1800] elapsed  2633s eta 10524s  n=64   hb run2
[ 362/1800] elapsed  2634s eta 10492s  n=67   hb run2
[ 363/1800] elapsed  2634s eta 10455s  n=70   hb run2
[ 364/1800] elapsed  2634s eta 10419s  n=74   hb run2
[ 365/1800] elapsed  2635s eta 10387s  n=77   hb run2
[ 366/1800] elapsed  2635s eta 10352s  n=81   hb run2
[ 367/1800] elapsed  2636s eta 10320s  n=85   hb run2
[ 368/1800] elapsed  2636s eta 10285s  n=89   hb run2
[ 369/1800] elapsed  2637s eta 10254s  n=93   hb run2
[ 370/1800] elapsed  2637s eta 10219s  n=98   hb run2
[ 371/1800] elapsed  2638s eta 10188s  n=102  hb run2
[ 372/1800] elapsed  2639s eta 10157s  n=107  hb run2
[ 373/1800] elapsed  2639s eta 10123s  n=113  hb run2
[ 374/1800] elapsed  2640s eta 10092s  n=118  hb run2
[ 375/1800] elapsed  2640s eta 10058s  n=124  hb run2
[ 376/1800] elapsed  2641s eta 10028s  n=130  hb run2
[ 377/1800] elapsed  2642s eta  9998s  n=136  hb run2
[ 378/1800] elapsed  2643s eta  9969s  n=143  hb run2
[ 379/1800] elapsed  2644s eta  9939s  n=150  hb run2
[ 380/1800] elapsed  2645s eta  9910s  n=157  hb run2
[ 381/1800] elapsed  2645s eta  9876s  n=164  hb run2
[ 382/1800] elapsed  2646s eta  9847s  n=172  hb run2
[ 383/1800] elapsed  2647s eta  9818s  n=181  hb run2
[ 384/1800] elapsed  2649s eta  9793s  n=189  hb run2
[ 385/1800] elapsed  2650s eta  9764s  n=199  hb run2
[ 386/1800] elapsed  2651s eta  9736s  n=208  hb run2
[ 387/1800] elapsed  2652s eta  9707s  n=218  hb run2
[ 388/1800] elapsed  2653s eta  9679s  n=229  hb run2
[ 389/1800] elapsed  2655s eta  9655s  n=240  hb run2
[ 390/1800] elapsed  2656s eta  9627s  n=252  hb run2
[ 391/1800] elapsed  2658s eta  9602s  n=264  hb run2
[ 392/1800] elapsed  2660s eta  9578s  n=277  hb run2
[ 393/1800] elapsed  2661s eta  9551s  n=290  hb run2
[ 394/1800] elapsed  2663s eta  9527s  n=304  hb run2
[ 395/1800] elapsed  2665s eta  9503s  n=319  hb run2
[ 396/1800] elapsed  2667s eta  9479s  n=334  hb run2
[ 397/1800] elapsed  2669s eta  9456s  n=350  hb run2
[ 398/1800] elapsed  2671s eta  9432s  n=367  hb run2
[ 399/1800] elapsed  2674s eta  9412s  n=385  hb run2
[ 400/1800] elapsed  2676s eta  9389s  n=403  hb run2
[ 401/1800] elapsed  2679s eta  9369s  n=423  hb run2
[ 402/1800] elapsed  2681s eta  9346s  n=443  hb run2
[ 403/1800] elapsed  2684s eta  9327s  n=465  hb run2
[ 404/1800] elapsed  2687s eta  9307s  n=487  hb run2
[ 405/1800] elapsed  2690s eta  9288s  n=511  hb run2
[ 406/1800] elapsed  2693s eta  9269s  n=535  hb run2
[ 407/1800] elapsed  2697s eta  9253s  n=561  hb run2
[ 408/1800] elapsed  2701s eta  9237s  n=588  hb run2
[ 409/1800] elapsed  2705s eta  9222s  n=617  hb run2
[ 410/1800] elapsed  2709s eta  9206s  n=647  hb run2
[ 411/1800] elapsed  2713s eta  9191s  n=678  hb run2
[ 412/1800] elapsed  2718s eta  9179s  n=711  hb run2
[ 413/1800] elapsed  2723s eta  9166s  n=745  hb run2
[ 414/1800] elapsed  2728s eta  9154s  n=781  hb run2
[ 415/1800] elapsed  2733s eta  9143s  n=819  hb run2
[ 416/1800] elapsed  2739s eta  9134s  n=858  hb run2
[ 417/1800] elapsed  2745s eta  9125s  n=899  hb run2
[ 418/1800] elapsed  2751s eta  9117s  n=943  hb run2
[ 419/1800] elapsed  2758s eta  9111s  n=988  hb run2
[ 420/1800] elapsed  2765s eta  9106s  n=1036 hb run2
[ 421/1800] elapsed  2772s eta  9101s  n=1086 hb run2
[ 422/1800] elapsed  2780s eta  9099s  n=1138 hb run2
[ 423/1800] elapsed  2788s eta  9097s  n=1193 hb run2
[ 424/1800] elapsed  2796s eta  9095s  n=1251 hb run2
[ 425/1800] elapsed  2805s eta  9096s  n=1311 hb run2
[ 426/1800] elapsed  2814s eta  9097s  n=1374 hb run2
[ 427/1800] elapsed  2824s eta  9101s  n=1441 hb run2
[ 428/1800] elapsed  2834s eta  9105s  n=1510 hb run2
[ 429/1800] elapsed  2845s eta  9113s  n=1583 hb run2
[ 430/1800] elapsed  2856s eta  9120s  n=1659 hb run2
[ 431/1800] elapsed  2868s eta  9130s  n=1739 hb run2
[ 432/1800] elapsed  2881s eta  9144s  n=1823 hb run2
[ 433/1800] elapsed  2894s eta  9157s  n=1911 hb run2
[ 434/1800] elapsed  2909s eta  9177s  n=2003 hb run2
[ 435/1800] elapsed  2923s eta  9193s  n=2100 hb run2
[ 436/1800] elapsed  2938s eta  9212s  n=2201 hb run2
[ 437/1800] elapsed  2954s eta  9234s  n=2307 hb run2
[ 438/1800] elapsed  2971s eta  9259s  n=2418 hb run2
[ 439/1800] elapsed  2989s eta  9287s  n=2535 hb run2
[ 440/1800] elapsed  3008s eta  9318s  n=2657 hb run2
[ 441/1800] elapsed  3027s eta  9349s  n=2785 hb run2
[ 442/1800] elapsed  3048s eta  9385s  n=2920 hb run2
[ 443/1800] elapsed  3070s eta  9425s  n=3061 hb run2
[ 444/1800] elapsed  3092s eta  9464s  n=3208 hb run2
[ 445/1800] elapsed  3116s eta  9509s  n=3363 hb run2
[ 446/1800] elapsed  3142s eta  9560s  n=3525 hb run2
[ 447/1800] elapsed  3169s eta  9613s  n=3695 hb run2
[ 448/1800] elapsed  3197s eta  9669s  n=3873 hb run2
[ 449/1800] elapsed  3228s eta  9734s  n=4060 hb run2
[ 450/1800] elapsed  3259s eta  9798s  n=4096 hb run2
[ 451/1800] elapsed  3292s eta  9868s  n=64   hs run2
[ 452/1800] elapsed  3292s eta  9839s  n=67   hs run2
[ 453/1800] elapsed  3293s eta  9813s  n=70   hs run2
[ 454/1800] elapsed  3293s eta  9784s  n=74   hs run2
[ 455/1800] elapsed  3293s eta  9755s  n=77   hs run2
[ 456/1800] elapsed  3294s eta  9729s  n=81   hs run2
[ 457/1800] elapsed  3294s eta  9701s  n=85   hs run2
[ 458/1800] elapsed  3295s eta  9675s  n=89   hs run2
[ 459/1800] elapsed  3295s eta  9647s  n=93   hs run2
[ 460/1800] elapsed  3296s eta  9622s  n=98   hs run2
[ 461/1800] elapsed  3296s eta  9594s  n=102  hs run2
[ 462/1800] elapsed  3297s eta  9569s  n=107  hs run2
[ 463/1800] elapsed  3298s eta  9544s  n=113  hs run2
[ 464/1800] elapsed  3298s eta  9516s  n=118  hs run2
[ 465/1800] elapsed  3299s eta  9491s  n=124  hs run2
[ 466/1800] elapsed  3300s eta  9467s  n=130  hs run2
[ 467/1800] elapsed  3300s eta  9439s  n=136  hs run2
[ 468/1800] elapsed  3301s eta  9415s  n=143  hs run2
[ 469/1800] elapsed  3302s eta  9390s  n=150  hs run2
[ 470/1800] elapsed  3303s eta  9366s  n=157  hs run2
[ 471/1800] elapsed  3304s eta  9342s  n=164  hs run2
[ 472/1800] elapsed  3305s eta  9318s  n=172  hs run2
[ 473/1800] elapsed  3306s eta  9294s  n=181  hs run2
[ 474/1800] elapsed  3307s eta  9270s  n=189  hs run2
[ 475/1800] elapsed  3308s eta  9247s  n=199  hs run2
[ 476/1800] elapsed  3309s eta  9223s  n=208  hs run2
[ 477/1800] elapsed  3311s eta  9202s  n=218  hs run2
[ 478/1800] elapsed  3312s eta  9179s  n=229  hs run2
[ 479/1800] elapsed  3314s eta  9158s  n=240  hs run2
[ 480/1800] elapsed  3315s eta  9135s  n=252  hs run2
[ 481/1800] elapsed  3317s eta  9114s  n=264  hs run2
[ 482/1800] elapsed  3318s eta  9091s  n=277  hs run2
[ 483/1800] elapsed  3320s eta  9071s  n=290  hs run2
[ 484/1800] elapsed  3322s eta  9051s  n=304  hs run2
[ 485/1800] elapsed  3324s eta  9031s  n=319  hs run2
[ 486/1800] elapsed  3326s eta  9011s  n=334  hs run2
[ 487/1800] elapsed  3328s eta  8991s  n=350  hs run2
[ 488/1800] elapsed  3330s eta  8971s  n=367  hs run2
[ 489/1800] elapsed  3332s eta  8951s  n=385  hs run2
[ 490/1800] elapsed  3335s eta  8934s  n=403  hs run2
[ 491/1800] elapsed  3337s eta  8914s  n=423  hs run2
[ 492/1800] elapsed  3340s eta  8897s  n=443  hs run2
[ 493/1800] elapsed  3343s eta  8880s  n=465  hs run2
[ 494/1800] elapsed  3346s eta  8863s  n=487  hs run2
[ 495/1800] elapsed  3349s eta  8847s  n=511  hs run2
[ 496/1800] elapsed  3352s eta  8830s  n=535  hs run2
[ 497/1800] elapsed  3356s eta  8816s  n=561  hs run2
[ 498/1800] elapsed  3360s eta  8802s  n=588  hs run2
[ 499/1800] elapsed  3364s eta  8788s  n=617  hs run2
[ 500/1800] elapsed  3368s eta  8774s  n=647  hs run2
[ 501/1800] elapsed  3372s eta  8760s  n=678  hs run2
[ 502/1800] elapsed  3377s eta  8749s  n=711  hs run2
[ 503/1800] elapsed  3382s eta  8737s  n=745  hs run2
[ 504/1800] elapsed  3387s eta  8726s  n=781  hs run2
[ 505/1800] elapsed  3392s eta  8715s  n=819  hs run2
[ 506/1800] elapsed  3398s eta  8706s  n=858  hs run2
[ 507/1800] elapsed  3404s eta  8698s  n=899  hs run2
[ 508/1800] elapsed  3410s eta  8689s  n=943  hs run2
[ 509/1800] elapsed  3417s eta  8683s  n=988  hs run2
[ 510/1800] elapsed  3424s eta  8677s  n=1036 hs run2
[ 511/1800] elapsed  3431s eta  8671s  n=1086 hs run2
[ 512/1800] elapsed  3439s eta  8668s  n=1138 hs run2
[ 513/1800] elapsed  3447s eta  8664s  n=1193 hs run2
[ 514/1800] elapsed  3455s eta  8661s  n=1251 hs run2
[ 515/1800] elapsed  3464s eta  8660s  n=1311 hs run2
[ 516/1800] elapsed  3473s eta  8658s  n=1374 hs run2
[ 517/1800] elapsed  3483s eta  8660s  n=1441 hs run2
[ 518/1800] elapsed  3493s eta  8661s  n=1510 hs run2
[ 519/1800] elapsed  3504s eta  8665s  n=1583 hs run2
[ 520/1800] elapsed  3516s eta  8671s  n=1659 hs run2
[ 521/1800] elapsed  3528s eta  8677s  n=1739 hs run2
[ 522/1800] elapsed  3540s eta  8683s  n=1823 hs run2
[ 523/1800] elapsed  3553s eta  8691s  n=1911 hs run2
[ 524/1800] elapsed  3567s eta  8702s  n=2003 hs run2
[ 525/1800] elapsed  3582s eta  8715s  n=2100 hs run2
[ 526/1800] elapsed  3597s eta  8728s  n=2201 hs run2
[ 527/1800] elapsed  3613s eta  8744s  n=2307 hs run2
[ 528/1800] elapsed  3630s eta  8761s  n=2418 hs run2
[ 529/1800] elapsed  3648s eta  8781s  n=2535 hs run2
[ 530/1800] elapsed  3667s eta  8803s  n=2657 hs run2
[ 531/1800] elapsed  3686s eta  8825s  n=2785 hs run2
[ 532/1800] elapsed  3707s eta  8852s  n=2920 hs run2
[ 533/1800] elapsed  3728s eta  8878s  n=3061 hs run2
[ 534/1800] elapsed  3751s eta  8909s  n=3208 hs run2
[ 535/1800] elapsed  3775s eta  8942s  n=3363 hs run2
[ 536/1800] elapsed  3801s eta  8980s  n=3525 hs run2
[ 537/1800] elapsed  3828s eta  9020s  n=3695 hs run2
[ 538/1800] elapsed  3856s eta  9061s  n=3873 hs run2
[ 539/1800] elapsed  3886s eta  9108s  n=4060 hs run2
[ 540/1800] elapsed  3917s eta  9156s  n=4096 hs run2
[ 541/1800] elapsed  3949s eta  9207s  n=64   cb run2
[ 542/1800] elapsed  3949s eta  9182s  n=67   cb run2
[ 543/1800] elapsed  3950s eta  9160s  n=70   cb run2
[ 544/1800] elapsed  3950s eta  9136s  n=74   cb run2
[ 545/1800] elapsed  3951s eta  9114s  n=77   cb run2
[ 546/1800] elapsed  3951s eta  9090s  n=81   cb run2
[ 547/1800] elapsed  3952s eta  9069s  n=85   cb run2
[ 548/1800] elapsed  3952s eta  9045s  n=89   cb run2
[ 549/1800] elapsed  3953s eta  9024s  n=93   cb run2
[ 550/1800] elapsed  3953s eta  9000s  n=98   cb run2
[ 551/1800] elapsed  3954s eta  8979s  n=102  cb run2
[ 552/1800] elapsed  3954s eta  8955s  n=107  cb run2
[ 553/1800] elapsed  3955s eta  8934s  n=113  cb run2
[ 554/1800] elapsed  3956s eta  8913s  n=118  cb run2
[ 555/1800] elapsed  3956s eta  8890s  n=124  cb run2
[ 556/1800] elapsed  3957s eta  8869s  n=130  cb run2
[ 557/1800] elapsed  3958s eta  8848s  n=136  cb run2
[ 558/1800] elapsed  3959s eta  8827s  n=143  cb run2
[ 559/1800] elapsed  3960s eta  8807s  n=150  cb run2
[ 560/1800] elapsed  3961s eta  8786s  n=157  cb run2
[ 561/1800] elapsed  3962s eta  8765s  n=164  cb run2
[ 562/1800] elapsed  3963s eta  8745s  n=172  cb run2
[ 563/1800] elapsed  3964s eta  8725s  n=181  cb run2
[ 564/1800] elapsed  3965s eta  8704s  n=189  cb run2
[ 565/1800] elapsed  3966s eta  8684s  n=199  cb run2
[ 566/1800] elapsed  3967s eta  8664s  n=208  cb run2
[ 567/1800] elapsed  3968s eta  8644s  n=218  cb run2
[ 568/1800] elapsed  3970s eta  8626s  n=229  cb run2
[ 569/1800] elapsed  3971s eta  8606s  n=240  cb run2
[ 570/1800] elapsed  3973s eta  8588s  n=252  cb run2
[ 571/1800] elapsed  3974s eta  8568s  n=264  cb run2
[ 572/1800] elapsed  3976s eta  8550s  n=277  cb run2
[ 573/1800] elapsed  3978s eta  8533s  n=290  cb run2
[ 574/1800] elapsed  3979s eta  8513s  n=304  cb run2
[ 575/1800] elapsed  3981s eta  8496s  n=319  cb run2
[ 576/1800] elapsed  3983s eta  8478s  n=334  cb run2
[ 577/1800] elapsed  3985s eta  8461s  n=350  cb run2
[ 578/1800] elapsed  3988s eta  8445s  n=367  cb run2
[ 579/1800] elapsed  3990s eta  8428s  n=385  cb run2
[ 580/1800] elapsed  3992s eta  8411s  n=403  cb run2
[ 581/1800] elapsed  3995s eta  8396s  n=423  cb run2
[ 582/1800] elapsed  3998s eta  8381s  n=443  cb run2
[ 583/1800] elapsed  4000s eta  8364s  n=465  cb run2
[ 584/1800] elapsed  4003s eta  8349s  n=487  cb run2
[ 585/1800] elapsed  4007s eta  8336s  n=511  cb run2
[ 586/1800] elapsed  4010s eta  8321s  n=535  cb run2
[ 587/1800] elapsed  4013s eta  8306s  n=561  cb run2
[ 588/1800] elapsed  4017s eta  8294s  n=588  cb run2
[ 589/1800] elapsed  4021s eta  8281s  n=617  cb run2
[ 590/1800] elapsed  4026s eta  8270s  n=647  cb run2
[ 591/1800] elapsed  4030s eta  8258s  n=678  cb run2
[ 592/1800] elapsed  4035s eta  8247s  n=711  cb run2
[ 593/1800] elapsed  4040s eta  8236s  n=745  cb run2
[ 594/1800] elapsed  4045s eta  8226s  n=781  cb run2
[ 595/1800] elapsed  4050s eta  8215s  n=819  cb run2
[ 596/1800] elapsed  4056s eta  8207s  n=858  cb run2
[ 597/1800] elapsed  4062s eta  8198s  n=899  cb run2
[ 598/1800] elapsed  4068s eta  8190s  n=943  cb run2
[ 599/1800] elapsed  4074s eta  8182s  n=988  cb run2
[ 600/1800] elapsed  4081s eta  8175s  n=1036 cb run2
[ 601/1800] elapsed  4089s eta  8171s  n=1086 cb run2
[ 602/1800] elapsed  4096s eta  8164s  n=1138 cb run2
[ 603/1800] elapsed  4104s eta  8160s  n=1193 cb run2
[ 604/1800] elapsed  4113s eta  8157s  n=1251 cb run2
[ 605/1800] elapsed  4122s eta  8155s  n=1311 cb run2
[ 606/1800] elapsed  4131s eta  8152s  n=1374 cb run2
[ 607/1800] elapsed  4141s eta  8152s  n=1441 cb run2
[ 608/1800] elapsed  4151s eta  8151s  n=1510 cb run2
[ 609/1800] elapsed  4162s eta  8152s  n=1583 cb run2
[ 610/1800] elapsed  4173s eta  8154s  n=1659 cb run2
[ 611/1800] elapsed  4185s eta  8157s  n=1739 cb run2
[ 612/1800] elapsed  4198s eta  8162s  n=1823 cb run2
[ 613/1800] elapsed  4211s eta  8167s  n=1911 cb run2
[ 614/1800] elapsed  4225s eta  8174s  n=2003 cb run2
[ 615/1800] elapsed  4240s eta  8183s  n=2100 cb run2
[ 616/1800] elapsed  4255s eta  8191s  n=2201 cb run2
[ 617/1800] elapsed  4271s eta  8202s  n=2307 cb run2
[ 618/1800] elapsed  4288s eta  8214s  n=2418 cb run2
[ 619/1800] elapsed  4306s eta  8228s  n=2535 cb run2
[ 620/1800] elapsed  4324s eta  8242s  n=2657 cb run2
[ 621/1800] elapsed  4344s eta  8260s  n=2785 cb run2
[ 622/1800] elapsed  4364s eta  8278s  n=2920 cb run2
[ 623/1800] elapsed  4386s eta  8299s  n=3061 cb run2
[ 624/1800] elapsed  4409s eta  8322s  n=3208 cb run2
[ 625/1800] elapsed  4433s eta  8347s  n=3363 cb run2
[ 626/1800] elapsed  4459s eta  8375s  n=3525 cb run2
[ 627/1800] elapsed  4486s eta  8405s  n=3695 cb run2
[ 628/1800] elapsed  4514s eta  8437s  n=3873 cb run2
[ 629/1800] elapsed  4544s eta  8472s  n=4060 cb run2
[ 630/1800] elapsed  4575s eta  8509s  n=4096 cb run2
[ 631/1800] elapsed  4607s eta  8548s  n=64   cs run2
[ 632/1800] elapsed  4607s eta  8527s  n=67   cs run2
[ 633/1800] elapsed  4608s eta  8508s  n=70   cs run2
[ 634/1800] elapsed  4608s eta  8488s  n=74   cs run2
[ 635/1800] elapsed  4608s eta  8467s  n=77   cs run2
[ 636/1800] elapsed  4609s eta  8448s  n=81   cs run2
[ 637/1800] elapsed  4609s eta  8428s  n=85   cs run2
[ 638/1800] elapsed  4610s eta  8409s  n=89   cs run2
[ 639/1800] elapsed  4610s eta  8389s  n=93   cs run2
[ 640/1800] elapsed  4611s eta  8370s  n=98   cs run2
[ 641/1800] elapsed  4612s eta  8352s  n=102  cs run2
[ 642/1800] elapsed  4612s eta  8331s  n=107  cs run2
[ 643/1800] elapsed  4613s eta  8313s  n=113  cs run2
[ 644/1800] elapsed  4613s eta  8293s  n=118  cs run2
[ 645/1800] elapsed  4614s eta  8275s  n=124  cs run2
[ 646/1800] elapsed  4615s eta  8256s  n=130  cs run2
[ 647/1800] elapsed  4616s eta  8238s  n=136  cs run2
[ 648/1800] elapsed  4616s eta  8218s  n=143  cs run2
[ 649/1800] elapsed  4617s eta  8200s  n=150  cs run2
[ 650/1800] elapsed  4618s eta  8182s  n=157  cs run2
[ 651/1800] elapsed  4619s eta  8164s  n=164  cs run2
[ 652/1800] elapsed  4620s eta  8147s  n=172  cs run2
[ 653/1800] elapsed  4621s eta  8129s  n=181  cs run2
[ 654/1800] elapsed  4622s eta  8111s  n=189  cs run2
[ 655/1800] elapsed  4624s eta  8095s  n=199  cs run2
[ 656/1800] elapsed  4625s eta  8077s  n=208  cs run2
[ 657/1800] elapsed  4626s eta  8060s  n=218  cs run2
[ 658/1800] elapsed  4627s eta  8042s  n=229  cs run2
[ 659/1800] elapsed  4629s eta  8026s  n=240  cs run2
[ 660/1800] elapsed  4630s eta  8009s  n=252  cs run2
[ 661/1800] elapsed  4632s eta  7993s  n=264  cs run2
[ 662/1800] elapsed  4634s eta  7978s  n=277  cs run2
[ 663/1800] elapsed  4635s eta  7960s  n=290  cs run2
[ 664/1800] elapsed  4637s eta  7945s  n=304  cs run2
[ 665/1800] elapsed  4639s eta  7929s  n=319  cs run2
[ 666/1800] elapsed  4641s eta  7914s  n=334  cs run2
[ 667/1800] elapsed  4643s eta  7898s  n=350  cs run2
[ 668/1800] elapsed  4645s eta  7883s  n=367  cs run2
[ 669/1800] elapsed  4648s eta  7869s  n=385  cs run2
[ 670/1800] elapsed  4650s eta  7854s  n=403  cs run2
[ 671/1800] elapsed  4653s eta  7840s  n=423  cs run2
[ 672/1800] elapsed  4655s eta  7825s  n=443  cs run2
[ 673/1800] elapsed  4658s eta  7811s  n=465  cs run2
[ 674/1800] elapsed  4661s eta  7798s  n=487  cs run2
[ 675/1800] elapsed  4664s eta  7784s  n=511  cs run2
[ 676/1800] elapsed  4668s eta  7773s  n=535  cs run2
[ 677/1800] elapsed  4671s eta  7759s  n=561  cs run2
[ 678/1800] elapsed  4675s eta  7747s  n=588  cs run2
[ 679/1800] elapsed  4679s eta  7736s  n=617  cs run2
[ 680/1800] elapsed  4683s eta  7724s  n=647  cs run2
[ 681/1800] elapsed  4688s eta  7714s  n=678  cs run2
[ 682/1800] elapsed  4692s eta  7702s  n=711  cs run2
[ 683/1800] elapsed  4697s eta  7692s  n=745  cs run2
[ 684/1800] elapsed  4702s eta  7682s  n=781  cs run2
[ 685/1800] elapsed  4708s eta  7674s  n=819  cs run2
[ 686/1800] elapsed  4714s eta  7666s  n=858  cs run2
[ 687/1800] elapsed  4719s eta  7656s  n=899  cs run2
[ 688/1800] elapsed  4726s eta  7649s  n=943  cs run2
[ 689/1800] elapsed  4732s eta  7641s  n=988  cs run2
[ 690/1800] elapsed  4739s eta  7634s  n=1036 cs run2
[ 691/1800] elapsed  4746s eta  7627s  n=1086 cs run2
[ 692/1800] elapsed  4754s eta  7622s  n=1138 cs run2
[ 693/1800] elapsed  4762s eta  7617s  n=1193 cs run2
[ 694/1800] elapsed  4771s eta  7614s  n=1251 cs run2
[ 695/1800] elapsed  4780s eta  7610s  n=1311 cs run2
[ 696/1800] elapsed  4789s eta  7607s  n=1374 cs run2
[ 697/1800] elapsed  4799s eta  7605s  n=1441 cs run2
[ 698/1800] elapsed  4809s eta  7603s  n=1510 cs run2
[ 699/1800] elapsed  4820s eta  7602s  n=1583 cs run2
[ 700/1800] elapsed  4832s eta  7604s  n=1659 cs run2
[ 701/1800] elapsed  4843s eta  7603s  n=1739 cs run2
[ 702/1800] elapsed  4856s eta  7606s  n=1823 cs run2
[ 703/1800] elapsed  4869s eta  7608s  n=1911 cs run2
[ 704/1800] elapsed  4883s eta  7612s  n=2003 cs run2
[ 705/1800] elapsed  4898s eta  7618s  n=2100 cs run2
[ 706/1800] elapsed  4913s eta  7623s  n=2201 cs run2
[ 707/1800] elapsed  4929s eta  7630s  n=2307 cs run2
[ 708/1800] elapsed  4946s eta  7639s  n=2418 cs run2
[ 709/1800] elapsed  4964s eta  7649s  n=2535 cs run2
[ 710/1800] elapsed  4983s eta  7660s  n=2657 cs run2
[ 711/1800] elapsed  5002s eta  7672s  n=2785 cs run2
[ 712/1800] elapsed  5023s eta  7686s  n=2920 cs run2
[ 713/1800] elapsed  5044s eta  7700s  n=3061 cs run2
[ 714/1800] elapsed  5067s eta  7717s  n=3208 cs run2
[ 715/1800] elapsed  5092s eta  7737s  n=3363 cs run2
[ 716/1800] elapsed  5117s eta  7757s  n=3525 cs run2
[ 717/1800] elapsed  5144s eta  7780s  n=3695 cs run2
[ 718/1800] elapsed  5172s eta  7804s  n=3873 cs run2
[ 719/1800] elapsed  5202s eta  7831s  n=4060 cs run2
[ 720/1800] elapsed  5233s eta  7860s  n=4096 cs run2
[ 721/1800] elapsed  5265s eta  7890s  n=64   hb run3
[ 722/1800] elapsed  5265s eta  7871s  n=67   hb run3
[ 723/1800] elapsed  5266s eta  7855s  n=70   hb run3
[ 724/1800] elapsed  5266s eta  7837s  n=74   hb run3
[ 725/1800] elapsed  5267s eta  7820s  n=77   hb run3
[ 726/1800] elapsed  5267s eta  7802s  n=81   hb run3
[ 727/1800] elapsed  5267s eta  7784s  n=85   hb run3
[ 728/1800] elapsed  5268s eta  7767s  n=89   hb run3
[ 729/1800] elapsed  5268s eta  7750s  n=93   hb run3
[ 730/1800] elapsed  5269s eta  7733s  n=98   hb run3
[ 731/1800] elapsed  5270s eta  7717s  n=102  hb run3
[ 732/1800] elapsed  5270s eta  7699s  n=107  hb run3
[ 733/1800] elapsed  5271s eta  7683s  n=113  hb run3
[ 734/1800] elapsed  5272s eta  7667s  n=118  hb run3
[ 735/1800] elapsed  5272s eta  7649s  n=124  hb run3
[ 736/1800] elapsed  5273s eta  7633s  n=130  hb run3
[ 737/1800] elapsed  5274s eta  7617s  n=136  hb run3
[ 738/1800] elapsed  5275s eta  7601s  n=143  hb run3
[ 739/1800] elapsed  5275s eta  7583s  n=150  hb run3
[ 740/1800] elapsed  5276s eta  7567s  n=157  hb run3
[ 741/1800] elapsed  5277s eta  7551s  n=164  hb run3
[ 742/1800] elapsed  5278s eta  7535s  n=172  hb run3
[ 743/1800] elapsed  5279s eta  7520s  n=181  hb run3
[ 744/1800] elapsed  5280s eta  7504s  n=189  hb run3
[ 745/1800] elapsed  5281s eta  7488s  n=199  hb run3
[ 746/1800] elapsed  5283s eta  7474s  n=208  hb run3
[ 747/1800] elapsed  5284s eta  7458s  n=218  hb run3
[ 748/1800] elapsed  5285s eta  7442s  n=229  hb run3
[ 749/1800] elapsed  5287s eta  7428s  n=240  hb run3
[ 750/1800] elapsed  5288s eta  7413s  n=252  hb run3
[ 751/1800] elapsed  5290s eta  7398s  n=264  hb run3
[ 752/1800] elapsed  5291s eta  7383s  n=277  hb run3
[ 753/1800] elapsed  5293s eta  7369s  n=290  hb run3
[ 754/1800] elapsed  5295s eta  7355s  n=304  hb run3
[ 755/1800] elapsed  5297s eta  7341s  n=319  hb run3
[ 756/1800] elapsed  5299s eta  7327s  n=334  hb run3
[ 757/1800] elapsed  5301s eta  7313s  n=350  hb run3
[ 758/1800] elapsed  5303s eta  7299s  n=367  hb run3
[ 759/1800] elapsed  5305s eta  7285s  n=385  hb run3
[ 760/1800] elapsed  5308s eta  7273s  n=403  hb run3
[ 761/1800] elapsed  5310s eta  7259s  n=423  hb run3
[ 762/1800] elapsed  5313s eta  7246s  n=443  hb run3
[ 763/1800] elapsed  5316s eta  7234s  n=465  hb run3
[ 764/1800] elapsed  5319s eta  7222s  n=487  hb run3
[ 765/1800] elapsed  5322s eta  7209s  n=511  hb run3
[ 766/1800] elapsed  5325s eta  7197s  n=535  hb run3
[ 767/1800] elapsed  5329s eta  7186s  n=561  hb run3
[ 768/1800] elapsed  5333s eta  7175s  n=588  hb run3
[ 769/1800] elapsed  5336s eta  7163s  n=617  hb run3
[ 770/1800] elapsed  5341s eta  7153s  n=647  hb run3
[ 771/1800] elapsed  5345s eta  7142s  n=678  hb run3
[ 772/1800] elapsed  5350s eta  7133s  n=711  hb run3
[ 773/1800] elapsed  5355s eta  7123s  n=745  hb run3
[ 774/1800] elapsed  5360s eta  7114s  n=781  hb run3
[ 775/1800] elapsed  5365s eta  7104s  n=819  hb run3
[ 776/1800] elapsed  5371s eta  7096s  n=858  hb run3
[ 777/1800] elapsed  5377s eta  7088s  n=899  hb run3
[ 778/1800] elapsed  5383s eta  7080s  n=943  hb run3
[ 779/1800] elapsed  5390s eta  7073s  n=988  hb run3
[ 780/1800] elapsed  5397s eta  7066s  n=1036 hb run3
[ 781/1800] elapsed  5404s eta  7059s  n=1086 hb run3
[ 782/1800] elapsed  5412s eta  7054s  n=1138 hb run3
[ 783/1800] elapsed  5420s eta  7048s  n=1193 hb run3
[ 784/1800] elapsed  5428s eta  7043s  n=1251 hb run3
[ 785/1800] elapsed  5437s eta  7038s  n=1311 hb run3
[ 786/1800] elapsed  5446s eta  7034s  n=1374 hb run3
[ 787/1800] elapsed  5456s eta  7031s  n=1441 hb run3
[ 788/1800] elapsed  5466s eta  7028s  n=1510 hb run3
[ 789/1800] elapsed  5477s eta  7026s  n=1583 hb run3
[ 790/1800] elapsed  5489s eta  7026s  n=1659 hb run3
[ 791/1800] elapsed  5501s eta  7025s  n=1739 hb run3
[ 792/1800] elapsed  5514s eta  7026s  n=1823 hb run3
[ 793/1800] elapsed  5527s eta  7027s  n=1911 hb run3
[ 794/1800] elapsed  5540s eta  7028s  n=2003 hb run3
[ 795/1800] elapsed  5555s eta  7031s  n=2100 hb run3
[ 796/1800] elapsed  5570s eta  7034s  n=2201 hb run3
[ 797/1800] elapsed  5586s eta  7038s  n=2307 hb run3
[ 798/1800] elapsed  5603s eta  7044s  n=2418 hb run3
[ 799/1800] elapsed  5621s eta  7050s  n=2535 hb run3
[ 800/1800] elapsed  5640s eta  7058s  n=2657 hb run3
[ 801/1800] elapsed  5659s eta  7066s  n=2785 hb run3
[ 802/1800] elapsed  5680s eta  7076s  n=2920 hb run3
[ 803/1800] elapsed  5702s eta  7088s  n=3061 hb run3
[ 804/1800] elapsed  5725s eta  7100s  n=3208 hb run3
[ 805/1800] elapsed  5749s eta  7114s  n=3363 hb run3
[ 806/1800] elapsed  5774s eta  7129s  n=3525 hb run3
[ 807/1800] elapsed  5801s eta  7146s  n=3695 hb run3
[ 808/1800] elapsed  5829s eta  7165s  n=3873 hb run3
[ 809/1800] elapsed  5859s eta  7185s  n=4060 hb run3
[ 810/1800] elapsed  5890s eta  7207s  n=4096 hb run3
[ 811/1800] elapsed  5922s eta  7230s  n=64   hs run3
[ 812/1800] elapsed  5922s eta  7214s  n=67   hs run3
[ 813/1800] elapsed  5922s eta  7198s  n=70   hs run3
[ 814/1800] elapsed  5923s eta  7183s  n=74   hs run3
[ 815/1800] elapsed  5923s eta  7167s  n=77   hs run3
[ 816/1800] elapsed  5924s eta  7152s  n=81   hs run3
[ 817/1800] elapsed  5924s eta  7136s  n=85   hs run3
[ 818/1800] elapsed  5925s eta  7121s  n=89   hs run3
[ 819/1800] elapsed  5925s eta  7105s  n=93   hs run3
[ 820/1800] elapsed  5926s eta  7090s  n=98   hs run3
[ 821/1800] elapsed  5926s eta  7075s  n=102  hs run3
[ 822/1800] elapsed  5927s eta  7060s  n=107  hs run3
[ 823/1800] elapsed  5927s eta  7044s  n=113  hs run3
[ 824/1800] elapsed  5928s eta  7030s  n=118  hs run3
[ 825/1800] elapsed  5929s eta  7015s  n=124  hs run3
[ 826/1800] elapsed  5930s eta  7000s  n=130  hs run3
[ 827/1800] elapsed  5930s eta  6985s  n=136  hs run3
[ 828/1800] elapsed  5931s eta  6970s  n=143  hs run3
[ 829/1800] elapsed  5932s eta  6956s  n=150  hs run3
[ 830/1800] elapsed  5933s eta  6942s  n=157  hs run3
[ 831/1800] elapsed  5934s eta  6927s  n=164  hs run3
[ 832/1800] elapsed  5935s eta  6913s  n=172  hs run3
[ 833/1800] elapsed  5936s eta  6899s  n=181  hs run3
[ 834/1800] elapsed  5937s eta  6884s  n=189  hs run3
[ 835/1800] elapsed  5938s eta  6870s  n=199  hs run3
[ 836/1800] elapsed  5939s eta  6856s  n=208  hs run3
[ 837/1800] elapsed  5940s eta  6842s  n=218  hs run3
[ 838/1800] elapsed  5942s eta  6829s  n=229  hs run3
[ 839/1800] elapsed  5943s eta  6815s  n=240  hs run3
[ 840/1800] elapsed  5945s eta  6802s  n=252  hs run3
[ 841/1800] elapsed  5946s eta  6788s  n=264  hs run3
[ 842/1800] elapsed  5948s eta  6775s  n=277  hs run3
[ 843/1800] elapsed  5950s eta  6762s  n=290  hs run3
[ 844/1800] elapsed  5951s eta  6748s  n=304  hs run3
[ 845/1800] elapsed  5953s eta  6735s  n=319  hs run3
[ 846/1800] elapsed  5955s eta  6723s  n=334  hs run3
[ 847/1800] elapsed  5957s eta  6710s  n=350  hs run3
[ 848/1800] elapsed  5960s eta  6698s  n=367  hs run3
[ 849/1800] elapsed  5962s eta  6686s  n=385  hs run3
[ 850/1800] elapsed  5964s eta  6673s  n=403  hs run3
[ 851/1800] elapsed  5967s eta  6661s  n=423  hs run3
[ 852/1800] elapsed  5970s eta  6650s  n=443  hs run3
[ 853/1800] elapsed  5972s eta  6637s  n=465  hs run3
[ 854/1800] elapsed  5975s eta  6626s  n=487  hs run3
[ 855/1800] elapsed  5978s eta  6615s  n=511  hs run3
[ 856/1800] elapsed  5982s eta  6604s  n=535  hs run3
[ 857/1800] elapsed  5985s eta  6593s  n=561  hs run3
[ 858/1800] elapsed  5989s eta  6583s  n=588  hs run3
[ 859/1800] elapsed  5993s eta  6572s  n=617  hs run3
[ 860/1800] elapsed  5997s eta  6562s  n=647  hs run3
[ 861/1800] elapsed  6002s eta  6553s  n=678  hs run3
[ 862/1800] elapsed  6007s eta  6544s  n=711  hs run3
[ 863/1800] elapsed  6011s eta  6533s  n=745  hs run3
[ 864/1800] elapsed  6016s eta  6524s  n=781  hs run3
[ 865/1800] elapsed  6022s eta  6516s  n=819  hs run3
[ 866/1800] elapsed  6028s eta  6508s  n=858  hs run3
[ 867/1800] elapsed  6033s eta  6499s  n=899  hs run3
[ 868/1800] elapsed  6040s eta  6492s  n=943  hs run3
[ 869/1800] elapsed  6046s eta  6484s  n=988  hs run3
[ 870/1800] elapsed  6053s eta  6477s  n=1036 hs run3
[ 871/1800] elapsed  6061s eta  6472s  n=1086 hs run3
[ 872/1800] elapsed  6068s eta  6465s  n=1138 hs run3
[ 873/1800] elapsed  6076s eta  6459s  n=1193 hs run3
[ 874/1800] elapsed  6085s eta  6454s  n=1251 hs run3
[ 875/1800] elapsed  6093s eta  6448s  n=1311 hs run3
[ 876/1800] elapsed  6103s eta  6444s  n=1374 hs run3
[ 877/1800] elapsed  6113s eta  6440s  n=1441 hs run3
[ 878/1800] elapsed  6123s eta  6437s  n=1510 hs run3
[ 879/1800] elapsed  6133s eta  6433s  n=1583 hs run3
[ 880/1800] elapsed  6145s eta  6431s  n=1659 hs run3
[ 881/1800] elapsed  6157s eta  6429s  n=1739 hs run3
[ 882/1800] elapsed  6169s eta  6428s  n=1823 hs run3
[ 883/1800] elapsed  6182s eta  6427s  n=1911 hs run3
[ 884/1800] elapsed  6196s eta  6427s  n=2003 hs run3
[ 885/1800] elapsed  6211s eta  6428s  n=2100 hs run3
[ 886/1800] elapsed  6226s eta  6430s  n=2201 hs run3
[ 887/1800] elapsed  6242s eta  6432s  n=2307 hs run3
[ 888/1800] elapsed  6259s eta  6435s  n=2418 hs run3
[ 889/1800] elapsed  6277s eta  6439s  n=2535 hs run3
[ 890/1800] elapsed  6295s eta  6443s  n=2657 hs run3
[ 891/1800] elapsed  6315s eta  6449s  n=2785 hs run3
[ 892/1800] elapsed  6336s eta  6456s  n=2920 hs run3
[ 893/1800] elapsed  6357s eta  6463s  n=3061 hs run3
[ 894/1800] elapsed  6380s eta  6472s  n=3208 hs run3
[ 895/1800] elapsed  6404s eta  6482s  n=3363 hs run3
[ 896/1800] elapsed  6430s eta  6494s  n=3525 hs run3
[ 897/1800] elapsed  6456s eta  6506s  n=3695 hs run3
[ 898/1800] elapsed  6485s eta  6521s  n=3873 hs run3
[ 899/1800] elapsed  6514s eta  6535s  n=4060 hs run3
[ 900/1800] elapsed  6546s eta  6553s  n=4096 hs run3
[ 901/1800] elapsed  6578s eta  6570s  n=64   cb run3
[ 902/1800] elapsed  6578s eta  6556s  n=67   cb run3
[ 903/1800] elapsed  6578s eta  6541s  n=70   cb run3
[ 904/1800] elapsed  6579s eta  6528s  n=74   cb run3
[ 905/1800] elapsed  6579s eta  6513s  n=77   cb run3
[ 906/1800] elapsed  6580s eta  6500s  n=81   cb run3
[ 907/1800] elapsed  6580s eta  6485s  n=85   cb run3
[ 908/1800] elapsed  6581s eta  6472s  n=89   cb run3
[ 909/1800] elapsed  6581s eta  6457s  n=93   cb run3
[ 910/1800] elapsed  6582s eta  6444s  n=98   cb run3
[ 911/1800] elapsed  6582s eta  6430s  n=102  cb run3
[ 912/1800] elapsed  6583s eta  6416s  n=107  cb run3
[ 913/1800] elapsed  6584s eta  6403s  n=113  cb run3
[ 914/1800] elapsed  6584s eta  6389s  n=118  cb run3
[ 915/1800] elapsed  6585s eta  6376s  n=124  cb run3
[ 916/1800] elapsed  6586s eta  6362s  n=130  cb run3
[ 917/1800] elapsed  6586s eta  6348s  n=136  cb run3
[ 918/1800] elapsed  6587s eta  6335s  n=143  cb run3
[ 919/1800] elapsed  6588s eta  6322s  n=150  cb run3
[ 920/1800] elapsed  6589s eta  6309s  n=157  cb run3
[ 921/1800] elapsed  6590s eta  6296s  n=164  cb run3
[ 922/1800] elapsed  6591s eta  6283s  n=172  cb run3
[ 923/1800] elapsed  6592s eta  6270s  n=181  cb run3
[ 924/1800] elapsed  6593s eta  6257s  n=189  cb run3
[ 925/1800] elapsed  6594s eta  6244s  n=199  cb run3
[ 926/1800] elapsed  6596s eta  6232s  n=208  cb run3
[ 927/1800] elapsed  6597s eta  6219s  n=218  cb run3
[ 928/1800] elapsed  6598s eta  6206s  n=229  cb run3
[ 929/1800] elapsed  6600s eta  6194s  n=240  cb run3
[ 930/1800] elapsed  6601s eta  6181s  n=252  cb run3
[ 931/1800] elapsed  6603s eta  6169s  n=264  cb run3
[ 932/1800] elapsed  6604s eta  6157s  n=277  cb run3
[ 933/1800] elapsed  6606s eta  6145s  n=290  cb run3
[ 934/1800] elapsed  6608s eta  6133s  n=304  cb run3
[ 935/1800] elapsed  6610s eta  6121s  n=319  cb run3
[ 936/1800] elapsed  6612s eta  6109s  n=334  cb run3
[ 937/1800] elapsed  6614s eta  6098s  n=350  cb run3
[ 938/1800] elapsed  6616s eta  6086s  n=367  cb run3
[ 939/1800] elapsed  6619s eta  6075s  n=385  cb run3
[ 940/1800] elapsed  6621s eta  6063s  n=403  cb run3
[ 941/1800] elapsed  6624s eta  6053s  n=423  cb run3
[ 942/1800] elapsed  6626s eta  6041s  n=443  cb run3
[ 943/1800] elapsed  6629s eta  6030s  n=465  cb run3
[ 944/1800] elapsed  6632s eta  6020s  n=487  cb run3
[ 945/1800] elapsed  6635s eta  6009s  n=511  cb run3
[ 946/1800] elapsed  6639s eta  5999s  n=535  cb run3
[ 947/1800] elapsed  6642s eta  5989s  n=561  cb run3
[ 948/1800] elapsed  6646s eta  5979s  n=588  cb run3
[ 949/1800] elapsed  6650s eta  5969s  n=617  cb run3
[ 950/1800] elapsed  6654s eta  5959s  n=647  cb run3
[ 951/1800] elapsed  6659s eta  5951s  n=678  cb run3
[ 952/1800] elapsed  6663s eta  5941s  n=711  cb run3
[ 953/1800] elapsed  6668s eta  5932s  n=745  cb run3
[ 954/1800] elapsed  6674s eta  5924s  n=781  cb run3
[ 955/1800] elapsed  6679s eta  5915s  n=819  cb run3
[ 956/1800] elapsed  6685s eta  5908s  n=858  cb run3
[ 957/1800] elapsed  6691s eta  5900s  n=899  cb run3
[ 958/1800] elapsed  6697s eta  5892s  n=943  cb run3
[ 959/1800] elapsed  6704s eta  5885s  n=988  cb run3
[ 960/1800] elapsed  6710s eta  5877s  n=1036 cb run3
[ 961/1800] elapsed  6718s eta  5871s  n=1086 cb run3
[ 962/1800] elapsed  6725s eta  5864s  n=1138 cb run3
[ 963/1800] elapsed  6733s eta  5858s  n=1193 cb run3
[ 964/1800] elapsed  6742s eta  5852s  n=1251 cb run3
[ 965/1800] elapsed  6751s eta  5847s  n=1311 cb run3
[ 966/1800] elapsed  6760s eta  5842s  n=1374 cb run3
[ 967/1800] elapsed  6770s eta  5837s  n=1441 cb run3
[ 968/1800] elapsed  6780s eta  5833s  n=1510 cb run3
[ 969/1800] elapsed  6791s eta  5829s  n=1583 cb run3
[ 970/1800] elapsed  6803s eta  5827s  n=1659 cb run3
[ 971/1800] elapsed  6815s eta  5824s  n=1739 cb run3
[ 972/1800] elapsed  6828s eta  5822s  n=1823 cb run3
[ 973/1800] elapsed  6841s eta  5820s  n=1911 cb run3
[ 974/1800] elapsed  6855s eta  5819s  n=2003 cb run3
[ 975/1800] elapsed  6869s eta  5818s  n=2100 cb run3
[ 976/1800] elapsed  6884s eta  5817s  n=2201 cb run3
[ 977/1800] elapsed  6900s eta  5818s  n=2307 cb run3
[ 978/1800] elapsed  6917s eta  5819s  n=2418 cb run3
[ 979/1800] elapsed  6935s eta  5821s  n=2535 cb run3
[ 980/1800] elapsed  6954s eta  5824s  n=2657 cb run3
[ 981/1800] elapsed  6973s eta  5827s  n=2785 cb run3
[ 982/1800] elapsed  6994s eta  5831s  n=2920 cb run3
[ 983/1800] elapsed  7016s eta  5837s  n=3061 cb run3
[ 984/1800] elapsed  7038s eta  5842s  n=3208 cb run3
[ 985/1800] elapsed  7062s eta  5849s  n=3363 cb run3
[ 986/1800] elapsed  7088s eta  5857s  n=3525 cb run3
[ 987/1800] elapsed  7114s eta  5865s  n=3695 cb run3
[ 988/1800] elapsed  7142s eta  5875s  n=3873 cb run3
[ 989/1800] elapsed  7172s eta  5887s  n=4060 cb run3
[ 990/1800] elapsed  7204s eta  5900s  n=4096 cb run3
[ 991/1800] elapsed  7236s eta  5913s  n=64   cs run3
[ 992/1800] elapsed  7236s eta  5899s  n=67   cs run3
[ 993/1800] elapsed  7237s eta  5887s  n=70   cs run3
[ 994/1800] elapsed  7237s eta  5874s  n=74   cs run3
[ 995/1800] elapsed  7238s eta  5861s  n=77   cs run3
[ 996/1800] elapsed  7238s eta  5848s  n=81   cs run3
[ 997/1800] elapsed  7239s eta  5836s  n=85   cs run3
[ 998/1800] elapsed  7239s eta  5823s  n=89   cs run3
[ 999/1800] elapsed  7240s eta  5810s  n=93   cs run3
[1000/1800] elapsed  7240s eta  5797s  n=98   cs run3
[1001/1800] elapsed  7241s eta  5785s  n=102  cs run3
[1002/1800] elapsed  7241s eta  5772s  n=107  cs run3
[1003/1800] elapsed  7242s eta  5760s  n=113  cs run3
[1004/1800] elapsed  7243s eta  5748s  n=118  cs run3
[1005/1800] elapsed  7243s eta  5735s  n=124  cs run3
[1006/1800] elapsed  7244s eta  5723s  n=130  cs run3
[1007/1800] elapsed  7245s eta  5711s  n=136  cs run3
[1008/1800] elapsed  7246s eta  5698s  n=143  cs run3
[1009/1800] elapsed  7247s eta  5686s  n=150  cs run3
[1010/1800] elapsed  7248s eta  5674s  n=157  cs run3
[1011/1800] elapsed  7249s eta  5662s  n=164  cs run3
[1012/1800] elapsed  7250s eta  5650s  n=172  cs run3
[1013/1800] elapsed  7251s eta  5638s  n=181  cs run3
[1014/1800] elapsed  7252s eta  5626s  n=189  cs run3
[1015/1800] elapsed  7253s eta  5614s  n=199  cs run3
[1016/1800] elapsed  7254s eta  5603s  n=208  cs run3
[1017/1800] elapsed  7255s eta  5591s  n=218  cs run3
[1018/1800] elapsed  7257s eta  5580s  n=229  cs run3
[1019/1800] elapsed  7258s eta  5568s  n=240  cs run3
[1020/1800] elapsed  7260s eta  5557s  n=252  cs run3
[1021/1800] elapsed  7261s eta  5545s  n=264  cs run3
[1022/1800] elapsed  7263s eta  5534s  n=277  cs run3
[1023/1800] elapsed  7265s eta  5523s  n=290  cs run3
[1024/1800] elapsed  7266s eta  5511s  n=304  cs run3
[1025/1800] elapsed  7268s eta  5500s  n=319  cs run3
[1026/1800] elapsed  7270s eta  5489s  n=334  cs run3
[1027/1800] elapsed  7272s eta  5478s  n=350  cs run3
[1028/1800] elapsed  7275s eta  5468s  n=367  cs run3
[1029/1800] elapsed  7277s eta  5457s  n=385  cs run3
[1030/1800] elapsed  7279s eta  5446s  n=403  cs run3
[1031/1800] elapsed  7282s eta  5436s  n=423  cs run3
[1032/1800] elapsed  7285s eta  5426s  n=443  cs run3
[1033/1800] elapsed  7287s eta  5415s  n=465  cs run3
[1034/1800] elapsed  7290s eta  5405s  n=487  cs run3
[1035/1800] elapsed  7294s eta  5396s  n=511  cs run3
[1036/1800] elapsed  7297s eta  5386s  n=535  cs run3
[1037/1800] elapsed  7300s eta  5376s  n=561  cs run3
[1038/1800] elapsed  7304s eta  5367s  n=588  cs run3
[1039/1800] elapsed  7308s eta  5357s  n=617  cs run3
[1040/1800] elapsed  7313s eta  5349s  n=647  cs run3
[1041/1800] elapsed  7317s eta  5340s  n=678  cs run3
[1042/1800] elapsed  7322s eta  5331s  n=711  cs run3
[1043/1800] elapsed  7326s eta  5322s  n=745  cs run3
[1044/1800] elapsed  7332s eta  5314s  n=781  cs run3
[1045/1800] elapsed  7337s eta  5305s  n=819  cs run3
[1046/1800] elapsed  7343s eta  5298s  n=858  cs run3
[1047/1800] elapsed  7349s eta  5290s  n=899  cs run3
[1048/1800] elapsed  7355s eta  5282s  n=943  cs run3
[1049/1800] elapsed  7361s eta  5274s  n=988  cs run3
[1050/1800] elapsed  7368s eta  5267s  n=1036 cs run3
[1051/1800] elapsed  7376s eta  5261s  n=1086 cs run3
[1052/1800] elapsed  7383s eta  5254s  n=1138 cs run3
[1053/1800] elapsed  7391s eta  5248s  n=1193 cs run3
[1054/1800] elapsed  7400s eta  5242s  n=1251 cs run3
[1055/1800] elapsed  7409s eta  5236s  n=1311 cs run3
[1056/1800] elapsed  7418s eta  5231s  n=1374 cs run3
[1057/1800] elapsed  7428s eta  5226s  n=1441 cs run3
[1058/1800] elapsed  7438s eta  5221s  n=1510 cs run3
[1059/1800] elapsed  7449s eta  5217s  n=1583 cs run3
[1060/1800] elapsed  7460s eta  5212s  n=1659 cs run3
[1061/1800] elapsed  7472s eta  5209s  n=1739 cs run3
[1062/1800] elapsed  7485s eta  5206s  n=1823 cs run3
[1063/1800] elapsed  7498s eta  5203s  n=1911 cs run3
[1064/1800] elapsed  7512s eta  5201s  n=2003 cs run3
[1065/1800] elapsed  7527s eta  5199s  n=2100 cs run3
[1066/1800] elapsed  7542s eta  5197s  n=2201 cs run3
[1067/1800] elapsed  7558s eta  5197s  n=2307 cs run3
[1068/1800] elapsed  7575s eta  5196s  n=2418 cs run3
[1069/1800] elapsed  7593s eta  5197s  n=2535 cs run3
[1070/1800] elapsed  7611s eta  5197s  n=2657 cs run3
[1071/1800] elapsed  7631s eta  5199s  n=2785 cs run3
[1072/1800] elapsed  7651s eta  5200s  n=2920 cs run3
[1073/1800] elapsed  7673s eta  5203s  n=3061 cs run3
[1074/1800] elapsed  7696s eta  5207s  n=3208 cs run3
[1075/1800] elapsed  7720s eta  5211s  n=3363 cs run3
[1076/1800] elapsed  7745s eta  5216s  n=3525 cs run3
[1077/1800] elapsed  7772s eta  5222s  n=3695 cs run3
[1078/1800] elapsed  7800s eta  5228s  n=3873 cs run3
[1079/1800] elapsed  7830s eta  5236s  n=4060 cs run3
[1080/1800] elapsed  7861s eta  5245s  n=4096 cs run3
[1081/1800] elapsed  7893s eta  5254s  n=64   hb run4
[1082/1800] elapsed  7894s eta  5243s  n=67   hb run4
[1083/1800] elapsed  7894s eta  5231s  n=70   hb run4
[1084/1800] elapsed  7894s eta  5218s  n=74   hb run4
[1085/1800] elapsed  7895s eta  5207s  n=77   hb run4
[1086/1800] elapsed  7895s eta  5195s  n=81   hb run4
[1087/1800] elapsed  7896s eta  5184s  n=85   hb run4
[1088/1800] elapsed  7896s eta  5171s  n=89   hb run4
[1089/1800] elapsed  7897s eta  5160s  n=93   hb run4
[1090/1800] elapsed  7897s eta  5148s  n=98   hb run4
[1091/1800] elapsed  7898s eta  5137s  n=102  hb run4
[1092/1800] elapsed  7898s eta  5125s  n=107  hb run4
[1093/1800] elapsed  7899s eta  5114s  n=113  hb run4
[1094/1800] elapsed  7900s eta  5102s  n=118  hb run4
[1095/1800] elapsed  7900s eta  5090s  n=124  hb run4
[1096/1800] elapsed  7901s eta  5079s  n=130  hb run4
[1097/1800] elapsed  7902s eta  5068s  n=136  hb run4
[1098/1800] elapsed  7903s eta  5057s  n=143  hb run4
[1099/1800] elapsed  7903s eta  5045s  n=150  hb run4
[1100/1800] elapsed  7904s eta  5034s  n=157  hb run4
[1101/1800] elapsed  7905s eta  5023s  n=164  hb run4
[1102/1800] elapsed  7906s eta  5012s  n=172  hb run4
[1103/1800] elapsed  7907s eta  5001s  n=181  hb run4
[1104/1800] elapsed  7908s eta  4989s  n=189  hb run4
[1105/1800] elapsed  7909s eta  4978s  n=199  hb run4
[1106/1800] elapsed  7911s eta  4968s  n=208  hb run4
[1107/1800] elapsed  7912s eta  4957s  n=218  hb run4
[1108/1800] elapsed  7913s eta  4946s  n=229  hb run4
[1109/1800] elapsed  7915s eta  4936s  n=240  hb run4
[1110/1800] elapsed  7916s eta  4925s  n=252  hb run4
[1111/1800] elapsed  7918s eta  4914s  n=264  hb run4
[1112/1800] elapsed  7919s eta  4903s  n=277  hb run4
[1113/1800] elapsed  7921s eta  4893s  n=290  hb run4
[1114/1800] elapsed  7923s eta  4883s  n=304  hb run4
[1115/1800] elapsed  7925s eta  4873s  n=319  hb run4
[1116/1800] elapsed  7927s eta  4862s  n=334  hb run4
[1117/1800] elapsed  7929s eta  4852s  n=350  hb run4
[1118/1800] elapsed  7931s eta  4842s  n=367  hb run4
[1119/1800] elapsed  7933s eta  4832s  n=385  hb run4
[1120/1800] elapsed  7936s eta  4822s  n=403  hb run4
[1121/1800] elapsed  7938s eta  4812s  n=423  hb run4
[1122/1800] elapsed  7941s eta  4802s  n=443  hb run4
[1123/1800] elapsed  7944s eta  4793s  n=465  hb run4
[1124/1800] elapsed  7947s eta  4783s  n=487  hb run4
[1125/1800] elapsed  7950s eta  4774s  n=511  hb run4
[1126/1800] elapsed  7953s eta  4764s  n=535  hb run4
[1127/1800] elapsed  7957s eta  4755s  n=561  hb run4
[1128/1800] elapsed  7960s eta  4746s  n=588  hb run4
[1129/1800] elapsed  7964s eta  4737s  n=617  hb run4
[1130/1800] elapsed  7968s eta  4728s  n=647  hb run4
[1131/1800] elapsed  7973s eta  4720s  n=678  hb run4
[1132/1800] elapsed  7978s eta  4712s  n=711  hb run4
[1133/1800] elapsed  7982s eta  4703s  n=745  hb run4
[1134/1800] elapsed  7988s eta  4695s  n=781  hb run4
[1135/1800] elapsed  7993s eta  4687s  n=819  hb run4
[1136/1800] elapsed  7999s eta  4679s  n=858  hb run4
[1137/1800] elapsed  8005s eta  4671s  n=899  hb run4
[1138/1800] elapsed  8011s eta  4664s  n=943  hb run4
[1139/1800] elapsed  8017s eta  4656s  n=988  hb run4
[1140/1800] elapsed  8024s eta  4649s  n=1036 hb run4
[1141/1800] elapsed  8031s eta  4642s  n=1086 hb run4
[1142/1800] elapsed  8039s eta  4635s  n=1138 hb run4
[1143/1800] elapsed  8047s eta  4629s  n=1193 hb run4
[1144/1800] elapsed  8055s eta  4622s  n=1251 hb run4
[1145/1800] elapsed  8064s eta  4617s  n=1311 hb run4
[1146/1800] elapsed  8073s eta  4611s  n=1374 hb run4
[1147/1800] elapsed  8083s eta  4605s  n=1441 hb run4
[1148/1800] elapsed  8094s eta  4600s  n=1510 hb run4
[1149/1800] elapsed  8104s eta  4595s  n=1583 hb run4
[1150/1800] elapsed  8116s eta  4591s  n=1659 hb run4
[1151/1800] elapsed  8128s eta  4587s  n=1739 hb run4
[1152/1800] elapsed  8140s eta  4582s  n=1823 hb run4
[1153/1800] elapsed  8153s eta  4578s  n=1911 hb run4
[1154/1800] elapsed  8167s eta  4575s  n=2003 hb run4
[1155/1800] elapsed  8181s eta  4572s  n=2100 hb run4
[1156/1800] elapsed  8197s eta  4570s  n=2201 hb run4
[1157/1800] elapsed  8213s eta  4568s  n=2307 hb run4
[1158/1800] elapsed  8230s eta  4566s  n=2418 hb run4
[1159/1800] elapsed  8248s eta  4565s  n=2535 hb run4
[1160/1800] elapsed  8266s eta  4564s  n=2657 hb run4
[1161/1800] elapsed  8286s eta  4564s  n=2785 hb run4
[1162/1800] elapsed  8306s eta  4564s  n=2920 hb run4
[1163/1800] elapsed  8328s eta  4565s  n=3061 hb run4
[1164/1800] elapsed  8351s eta  4566s  n=3208 hb run4
[1165/1800] elapsed  8375s eta  4568s  n=3363 hb run4
[1166/1800] elapsed  8400s eta  4571s  n=3525 hb run4
[1167/1800] elapsed  8427s eta  4574s  n=3695 hb run4
[1168/1800] elapsed  8455s eta  4578s  n=3873 hb run4
[1169/1800] elapsed  8485s eta  4583s  n=4060 hb run4
[1170/1800] elapsed  8516s eta  4589s  n=4096 hb run4
[1171/1800] elapsed  8548s eta  4595s  n=64   hs run4
[1172/1800] elapsed  8548s eta  4584s  n=67   hs run4
[1173/1800] elapsed  8549s eta  4573s  n=70   hs run4
[1174/1800] elapsed  8549s eta  4562s  n=74   hs run4
[1175/1800] elapsed  8549s eta  4551s  n=77   hs run4
[1176/1800] elapsed  8550s eta  4540s  n=81   hs run4
[1177/1800] elapsed  8550s eta  4529s  n=85   hs run4
[1178/1800] elapsed  8551s eta  4518s  n=89   hs run4
[1179/1800] elapsed  8551s eta  4507s  n=93   hs run4
[1180/1800] elapsed  8552s eta  4497s  n=98   hs run4
[1181/1800] elapsed  8552s eta  4486s  n=102  hs run4
[1182/1800] elapsed  8553s eta  4475s  n=107  hs run4
[1183/1800] elapsed  8554s eta  4465s  n=113  hs run4
[1184/1800] elapsed  8554s eta  4454s  n=118  hs run4
[1185/1800] elapsed  8555s eta  4443s  n=124  hs run4
[1186/1800] elapsed  8556s eta  4433s  n=130  hs run4
[1187/1800] elapsed  8556s eta  4422s  n=136  hs run4
[1188/1800] elapsed  8557s eta  4411s  n=143  hs run4
[1189/1800] elapsed  8558s eta  4401s  n=150  hs run4
[1190/1800] elapsed  8559s eta  4391s  n=157  hs run4
[1191/1800] elapsed  8560s eta  4380s  n=164  hs run4
[1192/1800] elapsed  8561s eta  4370s  n=172  hs run4
[1193/1800] elapsed  8562s eta  4360s  n=181  hs run4
[1194/1800] elapsed  8563s eta  4349s  n=189  hs run4
[1195/1800] elapsed  8564s eta  4339s  n=199  hs run4
[1196/1800] elapsed  8565s eta  4329s  n=208  hs run4
[1197/1800] elapsed  8567s eta  4319s  n=218  hs run4
[1198/1800] elapsed  8568s eta  4309s  n=229  hs run4
[1199/1800] elapsed  8569s eta  4298s  n=240  hs run4
[1200/1800] elapsed  8571s eta  4289s  n=252  hs run4
[1201/1800] elapsed  8572s eta  4278s  n=264  hs run4
[1202/1800] elapsed  8574s eta  4269s  n=277  hs run4
[1203/1800] elapsed  8576s eta  4259s  n=290  hs run4
[1204/1800] elapsed  8577s eta  4249s  n=304  hs run4
[1205/1800] elapsed  8579s eta  4239s  n=319  hs run4
[1206/1800] elapsed  8581s eta  4229s  n=334  hs run4
[1207/1800] elapsed  8584s eta  4220s  n=350  hs run4
[1208/1800] elapsed  8586s eta  4211s  n=367  hs run4
[1209/1800] elapsed  8588s eta  4201s  n=385  hs run4
[1210/1800] elapsed  8591s eta  4192s  n=403  hs run4
[1211/1800] elapsed  8593s eta  4182s  n=423  hs run4
[1212/1800] elapsed  8596s eta  4173s  n=443  hs run4
[1213/1800] elapsed  8599s eta  4164s  n=465  hs run4
[1214/1800] elapsed  8602s eta  4155s  n=487  hs run4
[1215/1800] elapsed  8605s eta  4146s  n=511  hs run4
[1216/1800] elapsed  8608s eta  4137s  n=535  hs run4
[1217/1800] elapsed  8612s eta  4128s  n=561  hs run4
[1218/1800] elapsed  8615s eta  4119s  n=588  hs run4
[1219/1800] elapsed  8619s eta  4111s  n=617  hs run4
[1220/1800] elapsed  8623s eta  4102s  n=647  hs run4
[1221/1800] elapsed  8628s eta  4094s  n=678  hs run4
[1222/1800] elapsed  8633s eta  4086s  n=711  hs run4
[1223/1800] elapsed  8637s eta  4078s  n=745  hs run4
[1224/1800] elapsed  8642s eta  4070s  n=781  hs run4
[1225/1800] elapsed  8648s eta  4062s  n=819  hs run4
[1226/1800] elapsed  8654s eta  4055s  n=858  hs run4
[1227/1800] elapsed  8660s eta  4047s  n=899  hs run4
[1228/1800] elapsed  8666s eta  4039s  n=943  hs run4
[1229/1800] elapsed  8672s eta  4032s  n=988  hs run4
[1230/1800] elapsed  8679s eta  4025s  n=1036 hs run4
[1231/1800] elapsed  8686s eta  4018s  n=1086 hs run4
[1232/1800] elapsed  8694s eta  4011s  n=1138 hs run4
[1233/1800] elapsed  8702s eta  4004s  n=1193 hs run4
[1234/1800] elapsed  8711s eta  3998s  n=1251 hs run4
[1235/1800] elapsed  8719s eta  3992s  n=1311 hs run4
[1236/1800] elapsed  8729s eta  3986s  n=1374 hs run4
[1237/1800] elapsed  8739s eta  3980s  n=1441 hs run4
[1238/1800] elapsed  8749s eta  3974s  n=1510 hs run4
[1239/1800] elapsed  8760s eta  3969s  n=1583 hs run4
[1240/1800] elapsed  8771s eta  3964s  n=1659 hs run4
[1241/1800] elapsed  8783s eta  3959s  n=1739 hs run4
[1242/1800] elapsed  8795s eta  3954s  n=1823 hs run4
[1243/1800] elapsed  8809s eta  3950s  n=1911 hs run4
[1244/1800] elapsed  8823s eta  3946s  n=2003 hs run4
[1245/1800] elapsed  8837s eta  3942s  n=2100 hs run4
[1246/1800] elapsed  8852s eta  3938s  n=2201 hs run4
[1247/1800] elapsed  8868s eta  3935s  n=2307 hs run4
[1248/1800] elapsed  8885s eta  3933s  n=2418 hs run4
[1249/1800] elapsed  8903s eta  3930s  n=2535 hs run4
[1250/1800] elapsed  8922s eta  3928s  n=2657 hs run4
[1251/1800] elapsed  8941s eta  3926s  n=2785 hs run4
[1252/1800] elapsed  8962s eta  3925s  n=2920 hs run4
[1253/1800] elapsed  8983s eta  3924s  n=3061 hs run4
[1254/1800] elapsed  9006s eta  3924s  n=3208 hs run4
[1255/1800] elapsed  9030s eta  3924s  n=3363 hs run4
[1256/1800] elapsed  9056s eta  3925s  n=3525 hs run4
[1257/1800] elapsed  9083s eta  3926s  n=3695 hs run4
[1258/1800] elapsed  9111s eta  3928s  n=3873 hs run4
[1259/1800] elapsed  9141s eta  3931s  n=4060 hs run4
[1260/1800] elapsed  9173s eta  3934s  n=4096 hs run4
[1261/1800] elapsed  9204s eta  3937s  n=64   cb run4
[1262/1800] elapsed  9205s eta  3927s  n=67   cb run4
[1263/1800] elapsed  9205s eta  3916s  n=70   cb run4
[1264/1800] elapsed  9206s eta  3906s  n=74   cb run4
[1265/1800] elapsed  9206s eta  3896s  n=77   cb run4
[1266/1800] elapsed  9206s eta  3886s  n=81   cb run4
[1267/1800] elapsed  9207s eta  3876s  n=85   cb run4
[1268/1800] elapsed  9207s eta  3865s  n=89   cb run4
[1269/1800] elapsed  9208s eta  3856s  n=93   cb run4
[1270/1800] elapsed  9209s eta  3846s  n=98   cb run4
[1271/1800] elapsed  9209s eta  3835s  n=102  cb run4
[1272/1800] elapsed  9210s eta  3826s  n=107  cb run4
[1273/1800] elapsed  9210s eta  3815s  n=113  cb run4
[1274/1800] elapsed  9211s eta  3805s  n=118  cb run4
[1275/1800] elapsed  9212s eta  3796s  n=124  cb run4
[1276/1800] elapsed  9212s eta  3785s  n=130  cb run4
[1277/1800] elapsed  9213s eta  3776s  n=136  cb run4
[1278/1800] elapsed  9214s eta  3766s  n=143  cb run4
[1279/1800] elapsed  9215s eta  3756s  n=150  cb run4
[1280/1800] elapsed  9216s eta  3746s  n=157  cb run4
[1281/1800] elapsed  9217s eta  3737s  n=164  cb run4
[1282/1800] elapsed  9218s eta  3727s  n=172  cb run4
[1283/1800] elapsed  9219s eta  3717s  n=181  cb run4
[1284/1800] elapsed  9220s eta  3708s  n=189  cb run4
[1285/1800] elapsed  9221s eta  3698s  n=199  cb run4
[1286/1800] elapsed  9222s eta  3688s  n=208  cb run4
[1287/1800] elapsed  9224s eta  3679s  n=218  cb run4
[1288/1800] elapsed  9225s eta  3669s  n=229  cb run4
[1289/1800] elapsed  9226s eta  3660s  n=240  cb run4
[1290/1800] elapsed  9228s eta  3651s  n=252  cb run4
[1291/1800] elapsed  9229s eta  3641s  n=264  cb run4
[1292/1800] elapsed  9231s eta  3632s  n=277  cb run4
[1293/1800] elapsed  9233s eta  3623s  n=290  cb run4
[1294/1800] elapsed  9235s eta  3614s  n=304  cb run4
[1295/1800] elapsed  9236s eta  3604s  n=319  cb run4
[1296/1800] elapsed  9238s eta  3595s  n=334  cb run4
[1297/1800] elapsed  9241s eta  3586s  n=350  cb run4
[1298/1800] elapsed  9243s eta  3577s  n=367  cb run4
[1299/1800] elapsed  9245s eta  3568s  n=385  cb run4
[1300/1800] elapsed  9247s eta  3559s  n=403  cb run4
[1301/1800] elapsed  9250s eta  3550s  n=423  cb run4
[1302/1800] elapsed  9253s eta  3541s  n=443  cb run4
[1303/1800] elapsed  9256s eta  3533s  n=465  cb run4
[1304/1800] elapsed  9259s eta  3524s  n=487  cb run4
[1305/1800] elapsed  9262s eta  3515s  n=511  cb run4
[1306/1800] elapsed  9265s eta  3507s  n=535  cb run4
[1307/1800] elapsed  9269s eta  3498s  n=561  cb run4
[1308/1800] elapsed  9272s eta  3490s  n=588  cb run4
[1309/1800] elapsed  9276s eta  3482s  n=617  cb run4
[1310/1800] elapsed  9281s eta  3474s  n=647  cb run4
[1311/1800] elapsed  9285s eta  3465s  n=678  cb run4
[1312/1800] elapsed  9290s eta  3458s  n=711  cb run4
[1313/1800] elapsed  9295s eta  3450s  n=745  cb run4
[1314/1800] elapsed  9300s eta  3442s  n=781  cb run4
[1315/1800] elapsed  9305s eta  3434s  n=819  cb run4
[1316/1800] elapsed  9311s eta  3427s  n=858  cb run4
[1317/1800] elapsed  9317s eta  3419s  n=899  cb run4
[1318/1800] elapsed  9323s eta  3412s  n=943  cb run4
[1319/1800] elapsed  9329s eta  3404s  n=988  cb run4
[1320/1800] elapsed  9336s eta  3397s  n=1036 cb run4
[1321/1800] elapsed  9344s eta  3390s  n=1086 cb run4
[1322/1800] elapsed  9351s eta  3383s  n=1138 cb run4
[1323/1800] elapsed  9359s eta  3376s  n=1193 cb run4
[1324/1800] elapsed  9368s eta  3370s  n=1251 cb run4
[1325/1800] elapsed  9376s eta  3363s  n=1311 cb run4
[1326/1800] elapsed  9386s eta  3357s  n=1374 cb run4
[1327/1800] elapsed  9396s eta  3351s  n=1441 cb run4
[1328/1800] elapsed  9406s eta  3345s  n=1510 cb run4
[1329/1800] elapsed  9417s eta  3339s  n=1583 cb run4
[1330/1800] elapsed  9428s eta  3334s  n=1659 cb run4
[1331/1800] elapsed  9440s eta  3328s  n=1739 cb run4
[1332/1800] elapsed  9453s eta  3323s  n=1823 cb run4
[1333/1800] elapsed  9466s eta  3318s  n=1911 cb run4
[1334/1800] elapsed  9480s eta  3314s  n=2003 cb run4
[1335/1800] elapsed  9494s eta  3309s  n=2100 cb run4
[1336/1800] elapsed  9510s eta  3305s  n=2201 cb run4
[1337/1800] elapsed  9526s eta  3301s  n=2307 cb run4
[1338/1800] elapsed  9543s eta  3297s  n=2418 cb run4
[1339/1800] elapsed  9560s eta  3293s  n=2535 cb run4
[1340/1800] elapsed  9579s eta  3290s  n=2657 cb run4
[1341/1800] elapsed  9599s eta  3288s  n=2785 cb run4
[1342/1800] elapsed  9619s eta  3285s  n=2920 cb run4
[1343/1800] elapsed  9641s eta  3283s  n=3061 cb run4
[1344/1800] elapsed  9664s eta  3281s  n=3208 cb run4
[1345/1800] elapsed  9688s eta  3279s  n=3363 cb run4
[1346/1800] elapsed  9714s eta  3278s  n=3525 cb run4
[1347/1800] elapsed  9741s eta  3278s  n=3695 cb run4
[1348/1800] elapsed  9769s eta  3278s  n=3873 cb run4
[1349/1800] elapsed  9799s eta  3278s  n=4060 cb run4
[1350/1800] elapsed  9830s eta  3279s  n=4096 cb run4
[1351/1800] elapsed  9862s eta  3280s  n=64   cs run4
[1352/1800] elapsed  9862s eta  3270s  n=67   cs run4
[1353/1800] elapsed  9863s eta  3260s  n=70   cs run4
[1354/1800] elapsed  9863s eta  3251s  n=74   cs run4
[1355/1800] elapsed  9864s eta  3241s  n=77   cs run4
[1356/1800] elapsed  9864s eta  3232s  n=81   cs run4
[1357/1800] elapsed  9864s eta  3222s  n=85   cs run4
[1358/1800] elapsed  9865s eta  3213s  n=89   cs run4
[1359/1800] elapsed  9865s eta  3203s  n=93   cs run4
[1360/1800] elapsed  9866s eta  3194s  n=98   cs run4
[1361/1800] elapsed  9867s eta  3185s  n=102  cs run4
[1362/1800] elapsed  9867s eta  3175s  n=107  cs run4
[1363/1800] elapsed  9868s eta  3166s  n=113  cs run4
[1364/1800] elapsed  9869s eta  3156s  n=118  cs run4
[1365/1800] elapsed  9869s eta  3147s  n=124  cs run4
[1366/1800] elapsed  9870s eta  3138s  n=130  cs run4
[1367/1800] elapsed  9871s eta  3128s  n=136  cs run4
[1368/1800] elapsed  9872s eta  3119s  n=143  cs run4
[1369/1800] elapsed  9872s eta  3110s  n=150  cs run4
[1370/1800] elapsed  9873s eta  3101s  n=157  cs run4
[1371/1800] elapsed  9874s eta  3091s  n=164  cs run4
[1372/1800] elapsed  9875s eta  3082s  n=172  cs run4
[1373/1800] elapsed  9876s eta  3073s  n=181  cs run4
[1374/1800] elapsed  9877s eta  3064s  n=189  cs run4
[1375/1800] elapsed  9879s eta  3055s  n=199  cs run4
[1376/1800] elapsed  9880s eta  3046s  n=208  cs run4
[1377/1800] elapsed  9881s eta  3037s  n=218  cs run4
[1378/1800] elapsed  9882s eta  3028s  n=229  cs run4
[1379/1800] elapsed  9884s eta  3019s  n=240  cs run4
[1380/1800] elapsed  9885s eta  3010s  n=252  cs run4
[1381/1800] elapsed  9887s eta  3001s  n=264  cs run4
[1382/1800] elapsed  9889s eta  2993s  n=277  cs run4
[1383/1800] elapsed  9890s eta  2984s  n=290  cs run4
[1384/1800] elapsed  9892s eta  2975s  n=304  cs run4
[1385/1800] elapsed  9894s eta  2966s  n=319  cs run4
[1386/1800] elapsed  9896s eta  2958s  n=334  cs run4
[1387/1800] elapsed  9898s eta  2949s  n=350  cs run4
[1388/1800] elapsed  9900s eta  2940s  n=367  cs run4
[1389/1800] elapsed  9903s eta  2932s  n=385  cs run4
[1390/1800] elapsed  9905s eta  2923s  n=403  cs run4
[1391/1800] elapsed  9908s eta  2915s  n=423  cs run4
[1392/1800] elapsed  9910s eta  2906s  n=443  cs run4
[1393/1800] elapsed  9913s eta  2898s  n=465  cs run4
[1394/1800] elapsed  9916s eta  2890s  n=487  cs run4
[1395/1800] elapsed  9919s eta  2881s  n=511  cs run4
[1396/1800] elapsed  9922s eta  2873s  n=535  cs run4
[1397/1800] elapsed  9926s eta  2865s  n=561  cs run4
[1398/1800] elapsed  9930s eta  2857s  n=588  cs run4
[1399/1800] elapsed  9934s eta  2849s  n=617  cs run4
[1400/1800] elapsed  9938s eta  2841s  n=647  cs run4
[1401/1800] elapsed  9942s eta  2833s  n=678  cs run4
[1402/1800] elapsed  9947s eta  2825s  n=711  cs run4
[1403/1800] elapsed  9952s eta  2818s  n=745  cs run4
[1404/1800] elapsed  9957s eta  2810s  n=781  cs run4
[1405/1800] elapsed  9962s eta  2802s  n=819  cs run4
[1406/1800] elapsed  9968s eta  2795s  n=858  cs run4
[1407/1800] elapsed  9974s eta  2787s  n=899  cs run4
[1408/1800] elapsed  9980s eta  2780s  n=943  cs run4
[1409/1800] elapsed  9987s eta  2773s  n=988  cs run4
[1410/1800] elapsed  9994s eta  2766s  n=1036 cs run4
[1411/1800] elapsed 10001s eta  2759s  n=1086 cs run4
[1412/1800] elapsed 10009s eta  2752s  n=1138 cs run4
[1413/1800] elapsed 10017s eta  2745s  n=1193 cs run4
[1414/1800] elapsed 10025s eta  2738s  n=1251 cs run4
[1415/1800] elapsed 10034s eta  2732s  n=1311 cs run4
[1416/1800] elapsed 10044s eta  2725s  n=1374 cs run4
[1417/1800] elapsed 10054s eta  2719s  n=1441 cs run4
[1418/1800] elapsed 10064s eta  2713s  n=1510 cs run4
[1419/1800] elapsed 10075s eta  2707s  n=1583 cs run4
[1420/1800] elapsed 10086s eta  2700s  n=1659 cs run4
[1421/1800] elapsed 10098s eta  2695s  n=1739 cs run4
[1422/1800] elapsed 10110s eta  2689s  n=1823 cs run4
[1423/1800] elapsed 10124s eta  2684s  n=1911 cs run4
[1424/1800] elapsed 10138s eta  2678s  n=2003 cs run4
[1425/1800] elapsed 10152s eta  2673s  n=2100 cs run4
[1426/1800] elapsed 10167s eta  2668s  n=2201 cs run4
[1427/1800] elapsed 10184s eta  2663s  n=2307 cs run4
[1428/1800] elapsed 10200s eta  2659s  n=2418 cs run4
[1429/1800] elapsed 10218s eta  2654s  n=2535 cs run4
[1430/1800] elapsed 10237s eta  2650s  n=2657 cs run4
[1431/1800] elapsed 10256s eta  2646s  n=2785 cs run4
[1432/1800] elapsed 10277s eta  2642s  n=2920 cs run4
[1433/1800] elapsed 10299s eta  2639s  n=3061 cs run4
[1434/1800] elapsed 10322s eta  2636s  n=3208 cs run4
[1435/1800] elapsed 10346s eta  2633s  n=3363 cs run4
[1436/1800] elapsed 10372s eta  2630s  n=3525 cs run4
[1437/1800] elapsed 10398s eta  2628s  n=3695 cs run4
[1438/1800] elapsed 10427s eta  2626s  n=3873 cs run4
[1439/1800] elapsed 10457s eta  2625s  n=4060 cs run4
[1440/1800] elapsed 10488s eta  2623s  n=4096 cs run4
[1441/1800] elapsed 10520s eta  2622s  n=64   hb run5
[1442/1800] elapsed 10521s eta  2613s  n=67   hb run5
[1443/1800] elapsed 10521s eta  2604s  n=70   hb run5
[1444/1800] elapsed 10521s eta  2595s  n=74   hb run5
[1445/1800] elapsed 10522s eta  2586s  n=77   hb run5
[1446/1800] elapsed 10522s eta  2577s  n=81   hb run5
[1447/1800] elapsed 10523s eta  2568s  n=85   hb run5
[1448/1800] elapsed 10523s eta  2559s  n=89   hb run5
[1449/1800] elapsed 10524s eta  2551s  n=93   hb run5
[1450/1800] elapsed 10524s eta  2542s  n=98   hb run5
[1451/1800] elapsed 10525s eta  2533s  n=102  hb run5
[1452/1800] elapsed 10525s eta  2524s  n=107  hb run5
[1453/1800] elapsed 10526s eta  2515s  n=113  hb run5
[1454/1800] elapsed 10527s eta  2506s  n=118  hb run5
[1455/1800] elapsed 10527s eta  2497s  n=124  hb run5
[1456/1800] elapsed 10528s eta  2489s  n=130  hb run5
[1457/1800] elapsed 10529s eta  2480s  n=136  hb run5
[1458/1800] elapsed 10530s eta  2471s  n=143  hb run5
[1459/1800] elapsed 10530s eta  2462s  n=150  hb run5
[1460/1800] elapsed 10531s eta  2454s  n=157  hb run5
[1461/1800] elapsed 10532s eta  2445s  n=164  hb run5
[1462/1800] elapsed 10533s eta  2436s  n=172  hb run5
[1463/1800] elapsed 10534s eta  2428s  n=181  hb run5
[1464/1800] elapsed 10535s eta  2419s  n=189  hb run5
[1465/1800] elapsed 10537s eta  2411s  n=199  hb run5
[1466/1800] elapsed 10538s eta  2402s  n=208  hb run5
[1467/1800] elapsed 10539s eta  2393s  n=218  hb run5
[1468/1800] elapsed 10540s eta  2385s  n=229  hb run5
[1469/1800] elapsed 10542s eta  2376s  n=240  hb run5
[1470/1800] elapsed 10543s eta  2368s  n=252  hb run5
[1471/1800] elapsed 10545s eta  2360s  n=264  hb run5
[1472/1800] elapsed 10546s eta  2351s  n=277  hb run5
[1473/1800] elapsed 10548s eta  2343s  n=290  hb run5
[1474/1800] elapsed 10550s eta  2334s  n=304  hb run5
[1475/1800] elapsed 10552s eta  2326s  n=319  hb run5
[1476/1800] elapsed 10554s eta  2318s  n=334  hb run5
[1477/1800] elapsed 10556s eta  2310s  n=350  hb run5
[1478/1800] elapsed 10558s eta  2301s  n=367  hb run5
[1479/1800] elapsed 10560s eta  2293s  n=385  hb run5
[1480/1800] elapsed 10563s eta  2285s  n=403  hb run5
[1481/1800] elapsed 10565s eta  2277s  n=423  hb run5
[1482/1800] elapsed 10568s eta  2269s  n=443  hb run5
[1483/1800] elapsed 10571s eta  2261s  n=465  hb run5
[1484/1800] elapsed 10574s eta  2253s  n=487  hb run5
[1485/1800] elapsed 10577s eta  2245s  n=511  hb run5
[1486/1800] elapsed 10580s eta  2237s  n=535  hb run5
[1487/1800] elapsed 10584s eta  2229s  n=561  hb run5
[1488/1800] elapsed 10588s eta  2221s  n=588  hb run5
[1489/1800] elapsed 10592s eta  2213s  n=617  hb run5
[1490/1800] elapsed 10596s eta  2206s  n=647  hb run5
[1491/1800] elapsed 10600s eta  2198s  n=678  hb run5
[1492/1800] elapsed 10605s eta  2190s  n=711  hb run5
[1493/1800] elapsed 10610s eta  2183s  n=745  hb run5
[1494/1800] elapsed 10615s eta  2175s  n=781  hb run5
[1495/1800] elapsed 10620s eta  2168s  n=819  hb run5
[1496/1800] elapsed 10626s eta  2160s  n=858  hb run5
[1497/1800] elapsed 10632s eta  2153s  n=899  hb run5
[1498/1800] elapsed 10638s eta  2146s  n=943  hb run5
[1499/1800] elapsed 10645s eta  2138s  n=988  hb run5
[1500/1800] elapsed 10652s eta  2131s  n=1036 hb run5
[1501/1800] elapsed 10659s eta  2124s  n=1086 hb run5
[1502/1800] elapsed 10666s eta  2117s  n=1138 hb run5
[1503/1800] elapsed 10675s eta  2110s  n=1193 hb run5
[1504/1800] elapsed 10683s eta  2103s  n=1251 hb run5
[1505/1800] elapsed 10692s eta  2097s  n=1311 hb run5
[1506/1800] elapsed 10701s eta  2090s  n=1374 hb run5
[1507/1800] elapsed 10711s eta  2083s  n=1441 hb run5
[1508/1800] elapsed 10721s eta  2077s  n=1510 hb run5
[1509/1800] elapsed 10732s eta  2070s  n=1583 hb run5
[1510/1800] elapsed 10743s eta  2064s  n=1659 hb run5
[1511/1800] elapsed 10755s eta  2058s  n=1739 hb run5
[1512/1800] elapsed 10767s eta  2052s  n=1823 hb run5
[1513/1800] elapsed 10781s eta  2046s  n=1911 hb run5
[1514/1800] elapsed 10795s eta  2040s  n=2003 hb run5
[1515/1800] elapsed 10809s eta  2034s  n=2100 hb run5
[1516/1800] elapsed 10825s eta  2029s  n=2201 hb run5
[1517/1800] elapsed 10841s eta  2023s  n=2307 hb run5
[1518/1800] elapsed 10857s eta  2018s  n=2418 hb run5
[1519/1800] elapsed 10875s eta  2013s  n=2535 hb run5
[1520/1800] elapsed 10894s eta  2008s  n=2657 hb run5
[1521/1800] elapsed 10914s eta  2003s  n=2785 hb run5
[1522/1800] elapsed 10935s eta  1998s  n=2920 hb run5
[1523/1800] elapsed 10956s eta  1993s  n=3061 hb run5
[1524/1800] elapsed 10980s eta  1989s  n=3208 hb run5
[1525/1800] elapsed 11004s eta  1985s  n=3363 hb run5
[1526/1800] elapsed 11029s eta  1981s  n=3525 hb run5
[1527/1800] elapsed 11056s eta  1977s  n=3695 hb run5
[1528/1800] elapsed 11084s eta  1974s  n=3873 hb run5
[1529/1800] elapsed 11113s eta  1970s  n=4060 hb run5
[1530/1800] elapsed 11145s eta  1968s  n=4096 hb run5
[1531/1800] elapsed 11177s eta  1965s  n=64   hs run5
[1532/1800] elapsed 11177s eta  1956s  n=67   hs run5
[1533/1800] elapsed 11178s eta  1948s  n=70   hs run5
[1534/1800] elapsed 11178s eta  1939s  n=74   hs run5
[1535/1800] elapsed 11178s eta  1931s  n=77   hs run5
[1536/1800] elapsed 11179s eta  1922s  n=81   hs run5
[1537/1800] elapsed 11179s eta  1914s  n=85   hs run5
[1538/1800] elapsed 11180s eta  1905s  n=89   hs run5
[1539/1800] elapsed 11180s eta  1897s  n=93   hs run5
[1540/1800] elapsed 11181s eta  1888s  n=98   hs run5
[1541/1800] elapsed 11181s eta  1880s  n=102  hs run5
[1542/1800] elapsed 11182s eta  1872s  n=107  hs run5
[1543/1800] elapsed 11183s eta  1863s  n=113  hs run5
[1544/1800] elapsed 11183s eta  1855s  n=118  hs run5
[1545/1800] elapsed 11184s eta  1847s  n=124  hs run5
[1546/1800] elapsed 11185s eta  1838s  n=130  hs run5
[1547/1800] elapsed 11185s eta  1830s  n=136  hs run5
[1548/1800] elapsed 11186s eta  1822s  n=143  hs run5
[1549/1800] elapsed 11187s eta  1813s  n=150  hs run5
[1550/1800] elapsed 11188s eta  1805s  n=157  hs run5
[1551/1800] elapsed 11189s eta  1797s  n=164  hs run5
[1552/1800] elapsed 11190s eta  1789s  n=172  hs run5
[1553/1800] elapsed 11191s eta  1781s  n=181  hs run5
[1554/1800] elapsed 11192s eta  1772s  n=189  hs run5
[1555/1800] elapsed 11193s eta  1764s  n=199  hs run5
[1556/1800] elapsed 11194s eta  1756s  n=208  hs run5
[1557/1800] elapsed 11196s eta  1748s  n=218  hs run5
[1558/1800] elapsed 11197s eta  1740s  n=229  hs run5
[1559/1800] elapsed 11198s eta  1732s  n=240  hs run5
[1560/1800] elapsed 11200s eta  1724s  n=252  hs run5
[1561/1800] elapsed 11201s eta  1716s  n=264  hs run5
[1562/1800] elapsed 11203s eta  1708s  n=277  hs run5
[1563/1800] elapsed 11205s eta  1700s  n=290  hs run5
[1564/1800] elapsed 11207s eta  1692s  n=304  hs run5
[1565/1800] elapsed 11208s eta  1684s  n=319  hs run5
[1566/1800] elapsed 11210s eta  1676s  n=334  hs run5
[1567/1800] elapsed 11212s eta  1668s  n=350  hs run5
[1568/1800] elapsed 11215s eta  1660s  n=367  hs run5
[1569/1800] elapsed 11217s eta  1652s  n=385  hs run5
[1570/1800] elapsed 11219s eta  1644s  n=403  hs run5
[1571/1800] elapsed 11222s eta  1636s  n=423  hs run5
[1572/1800] elapsed 11225s eta  1629s  n=443  hs run5
[1573/1800] elapsed 11228s eta  1621s  n=465  hs run5
[1574/1800] elapsed 11231s eta  1613s  n=487  hs run5
[1575/1800] elapsed 11234s eta  1605s  n=511  hs run5
[1576/1800] elapsed 11237s eta  1598s  n=535  hs run5
[1577/1800] elapsed 11241s eta  1590s  n=561  hs run5
[1578/1800] elapsed 11244s eta  1582s  n=588  hs run5
[1579/1800] elapsed 11248s eta  1575s  n=617  hs run5
[1580/1800] elapsed 11252s eta  1567s  n=647  hs run5
[1581/1800] elapsed 11257s eta  1560s  n=678  hs run5
[1582/1800] elapsed 11261s eta  1552s  n=711  hs run5
[1583/1800] elapsed 11266s eta  1545s  n=745  hs run5
[1584/1800] elapsed 11271s eta  1537s  n=781  hs run5
[1585/1800] elapsed 11277s eta  1530s  n=819  hs run5
[1586/1800] elapsed 11283s eta  1523s  n=858  hs run5
[1587/1800] elapsed 11288s eta  1515s  n=899  hs run5
[1588/1800] elapsed 11295s eta  1508s  n=943  hs run5
[1589/1800] elapsed 11301s eta  1501s  n=988  hs run5
[1590/1800] elapsed 11308s eta  1494s  n=1036 hs run5
[1591/1800] elapsed 11315s eta  1487s  n=1086 hs run5
[1592/1800] elapsed 11323s eta  1480s  n=1138 hs run5
[1593/1800] elapsed 11331s eta  1473s  n=1193 hs run5
[1594/1800] elapsed 11339s eta  1466s  n=1251 hs run5
[1595/1800] elapsed 11348s eta  1459s  n=1311 hs run5
[1596/1800] elapsed 11357s eta  1452s  n=1374 hs run5
[1597/1800] elapsed 11367s eta  1445s  n=1441 hs run5
[1598/1800] elapsed 11377s eta  1439s  n=1510 hs run5
[1599/1800] elapsed 11388s eta  1432s  n=1583 hs run5
[1600/1800] elapsed 11400s eta  1425s  n=1659 hs run5
[1601/1800] elapsed 11412s eta  1419s  n=1739 hs run5
[1602/1800] elapsed 11424s eta  1412s  n=1823 hs run5
[1603/1800] elapsed 11437s eta  1406s  n=1911 hs run5
[1604/1800] elapsed 11451s eta  1400s  n=2003 hs run5
[1605/1800] elapsed 11466s eta  1393s  n=2100 hs run5
[1606/1800] elapsed 11481s eta  1387s  n=2201 hs run5
[1607/1800] elapsed 11497s eta  1381s  n=2307 hs run5
[1608/1800] elapsed 11514s eta  1375s  n=2418 hs run5
[1609/1800] elapsed 11532s eta  1369s  n=2535 hs run5
[1610/1800] elapsed 11550s eta  1363s  n=2657 hs run5
[1611/1800] elapsed 11570s eta  1358s  n=2785 hs run5
[1612/1800] elapsed 11590s eta  1352s  n=2920 hs run5
[1613/1800] elapsed 11612s eta  1347s  n=3061 hs run5
[1614/1800] elapsed 11635s eta  1341s  n=3208 hs run5
[1615/1800] elapsed 11659s eta  1336s  n=3363 hs run5
[1616/1800] elapsed 11684s eta  1331s  n=3525 hs run5
[1617/1800] elapsed 11710s eta  1326s  n=3695 hs run5
[1618/1800] elapsed 11739s eta  1321s  n=3873 hs run5
[1619/1800] elapsed 11768s eta  1316s  n=4060 hs run5
[1620/1800] elapsed 11800s eta  1311s  n=4096 hs run5
[1621/1800] elapsed 11831s eta  1307s  n=64   cb run5
[1622/1800] elapsed 11832s eta  1299s  n=67   cb run5
[1623/1800] elapsed 11832s eta  1291s  n=70   cb run5
[1624/1800] elapsed 11833s eta  1283s  n=74   cb run5
[1625/1800] elapsed 11833s eta  1275s  n=77   cb run5
[1626/1800] elapsed 11833s eta  1267s  n=81   cb run5
[1627/1800] elapsed 11834s eta  1259s  n=85   cb run5
[1628/1800] elapsed 11834s eta  1251s  n=89   cb run5
[1629/1800] elapsed 11835s eta  1243s  n=93   cb run5
[1630/1800] elapsed 11836s eta  1235s  n=98   cb run5
[1631/1800] elapsed 11836s eta  1227s  n=102  cb run5
[1632/1800] elapsed 11837s eta  1219s  n=107  cb run5
[1633/1800] elapsed 11837s eta  1211s  n=113  cb run5
[1634/1800] elapsed 11838s eta  1203s  n=118  cb run5
[1635/1800] elapsed 11839s eta  1195s  n=124  cb run5
[1636/1800] elapsed 11839s eta  1187s  n=130  cb run5
[1637/1800] elapsed 11840s eta  1179s  n=136  cb run5
[1638/1800] elapsed 11841s eta  1171s  n=143  cb run5
[1639/1800] elapsed 11842s eta  1163s  n=150  cb run5
[1640/1800] elapsed 11843s eta  1156s  n=157  cb run5
[1641/1800] elapsed 11844s eta  1148s  n=164  cb run5
[1642/1800] elapsed 11845s eta  1140s  n=172  cb run5
[1643/1800] elapsed 11846s eta  1132s  n=181  cb run5
[1644/1800] elapsed 11847s eta  1124s  n=189  cb run5
[1645/1800] elapsed 11848s eta  1117s  n=199  cb run5
[1646/1800] elapsed 11849s eta  1109s  n=208  cb run5
[1647/1800] elapsed 11851s eta  1101s  n=218  cb run5
[1648/1800] elapsed 11852s eta  1093s  n=229  cb run5
[1649/1800] elapsed 11853s eta  1086s  n=240  cb run5
[1650/1800] elapsed 11855s eta  1078s  n=252  cb run5
[1651/1800] elapsed 11856s eta  1070s  n=264  cb run5
[1652/1800] elapsed 11858s eta  1062s  n=277  cb run5
[1653/1800] elapsed 11860s eta  1055s  n=290  cb run5
[1654/1800] elapsed 11862s eta  1047s  n=304  cb run5
[1655/1800] elapsed 11863s eta  1039s  n=319  cb run5
[1656/1800] elapsed 11865s eta  1032s  n=334  cb run5
[1657/1800] elapsed 11868s eta  1024s  n=350  cb run5
[1658/1800] elapsed 11870s eta  1017s  n=367  cb run5
[1659/1800] elapsed 11872s eta  1009s  n=385  cb run5
[1660/1800] elapsed 11875s eta  1002s  n=403  cb run5
[1661/1800] elapsed 11877s eta   994s  n=423  cb run5
[1662/1800] elapsed 11880s eta   987s  n=443  cb run5
[1663/1800] elapsed 11883s eta   979s  n=465  cb run5
[1664/1800] elapsed 11886s eta   972s  n=487  cb run5
[1665/1800] elapsed 11889s eta   964s  n=511  cb run5
[1666/1800] elapsed 11892s eta   957s  n=535  cb run5
[1667/1800] elapsed 11896s eta   949s  n=561  cb run5
[1668/1800] elapsed 11900s eta   942s  n=588  cb run5
[1669/1800] elapsed 11903s eta   934s  n=617  cb run5
[1670/1800] elapsed 11908s eta   927s  n=647  cb run5
[1671/1800] elapsed 11912s eta   920s  n=678  cb run5
[1672/1800] elapsed 11917s eta   912s  n=711  cb run5
[1673/1800] elapsed 11922s eta   905s  n=745  cb run5
[1674/1800] elapsed 11927s eta   898s  n=781  cb run5
[1675/1800] elapsed 11932s eta   890s  n=819  cb run5
[1676/1800] elapsed 11938s eta   883s  n=858  cb run5
[1677/1800] elapsed 11944s eta   876s  n=899  cb run5
[1678/1800] elapsed 11950s eta   869s  n=943  cb run5
[1679/1800] elapsed 11957s eta   862s  n=988  cb run5
[1680/1800] elapsed 11964s eta   855s  n=1036 cb run5
[1681/1800] elapsed 11971s eta   847s  n=1086 cb run5
[1682/1800] elapsed 11978s eta   840s  n=1138 cb run5
[1683/1800] elapsed 11986s eta   833s  n=1193 cb run5
[1684/1800] elapsed 11995s eta   826s  n=1251 cb run5
[1685/1800] elapsed 12004s eta   819s  n=1311 cb run5
[1686/1800] elapsed 12013s eta   812s  n=1374 cb run5
[1687/1800] elapsed 12023s eta   805s  n=1441 cb run5
[1688/1800] elapsed 12033s eta   798s  n=1510 cb run5
[1689/1800] elapsed 12044s eta   791s  n=1583 cb run5
[1690/1800] elapsed 12055s eta   785s  n=1659 cb run5
[1691/1800] elapsed 12067s eta   778s  n=1739 cb run5
[1692/1800] elapsed 12080s eta   771s  n=1823 cb run5
[1693/1800] elapsed 12093s eta   764s  n=1911 cb run5
[1694/1800] elapsed 12107s eta   758s  n=2003 cb run5
[1695/1800] elapsed 12121s eta   751s  n=2100 cb run5
[1696/1800] elapsed 12137s eta   744s  n=2201 cb run5
[1697/1800] elapsed 12153s eta   738s  n=2307 cb run5
[1698/1800] elapsed 12170s eta   731s  n=2418 cb run5
[1699/1800] elapsed 12187s eta   724s  n=2535 cb run5
[1700/1800] elapsed 12206s eta   718s  n=2657 cb run5
[1701/1800] elapsed 12225s eta   711s  n=2785 cb run5
[1702/1800] elapsed 12246s eta   705s  n=2920 cb run5
[1703/1800] elapsed 12268s eta   699s  n=3061 cb run5
[1704/1800] elapsed 12291s eta   692s  n=3208 cb run5
[1705/1800] elapsed 12315s eta   686s  n=3363 cb run5
[1706/1800] elapsed 12340s eta   680s  n=3525 cb run5
[1707/1800] elapsed 12367s eta   674s  n=3695 cb run5
[1708/1800] elapsed 12395s eta   668s  n=3873 cb run5
[1709/1800] elapsed 12425s eta   661s  n=4060 cb run5
[1710/1800] elapsed 12456s eta   655s  n=4096 cb run5
[1711/1800] elapsed 12488s eta   649s  n=64   cs run5
[1712/1800] elapsed 12489s eta   642s  n=67   cs run5
[1713/1800] elapsed 12489s eta   634s  n=70   cs run5
[1714/1800] elapsed 12489s eta   627s  n=74   cs run5
[1715/1800] elapsed 12490s eta   619s  n=77   cs run5
[1716/1800] elapsed 12490s eta   611s  n=81   cs run5
[1717/1800] elapsed 12491s eta   604s  n=85   cs run5
[1718/1800] elapsed 12491s eta   596s  n=89   cs run5
[1719/1800] elapsed 12492s eta   588s  n=93   cs run5
[1720/1800] elapsed 12492s eta   581s  n=98   cs run5
[1721/1800] elapsed 12493s eta   573s  n=102  cs run5
[1722/1800] elapsed 12494s eta   566s  n=107  cs run5
[1723/1800] elapsed 12494s eta   558s  n=113  cs run5
[1724/1800] elapsed 12495s eta   551s  n=118  cs run5
[1725/1800] elapsed 12496s eta   543s  n=124  cs run5
[1726/1800] elapsed 12496s eta   536s  n=130  cs run5
[1727/1800] elapsed 12497s eta   528s  n=136  cs run5
[1728/1800] elapsed 12498s eta   521s  n=143  cs run5
[1729/1800] elapsed 12499s eta   513s  n=150  cs run5
[1730/1800] elapsed 12500s eta   506s  n=157  cs run5
[1731/1800] elapsed 12501s eta   498s  n=164  cs run5
[1732/1800] elapsed 12502s eta   491s  n=172  cs run5
[1733/1800] elapsed 12503s eta   483s  n=181  cs run5
[1734/1800] elapsed 12504s eta   476s  n=189  cs run5
[1735/1800] elapsed 12505s eta   468s  n=199  cs run5
[1736/1800] elapsed 12506s eta   461s  n=208  cs run5
[1737/1800] elapsed 12507s eta   453s  n=218  cs run5
[1738/1800] elapsed 12509s eta   446s  n=229  cs run5
[1739/1800] elapsed 12510s eta   439s  n=240  cs run5
[1740/1800] elapsed 12512s eta   431s  n=252  cs run5
[1741/1800] elapsed 12513s eta   424s  n=264  cs run5
[1742/1800] elapsed 12515s eta   416s  n=277  cs run5
[1743/1800] elapsed 12516s eta   409s  n=290  cs run5
[1744/1800] elapsed 12518s eta   402s  n=304  cs run5
[1745/1800] elapsed 12520s eta   394s  n=319  cs run5
[1746/1800] elapsed 12522s eta   387s  n=334  cs run5
[1747/1800] elapsed 12524s eta   380s  n=350  cs run5
[1748/1800] elapsed 12526s eta   372s  n=367  cs run5
[1749/1800] elapsed 12529s eta   365s  n=385  cs run5
[1750/1800] elapsed 12531s eta   358s  n=403  cs run5
[1751/1800] elapsed 12534s eta   350s  n=423  cs run5
[1752/1800] elapsed 12537s eta   343s  n=443  cs run5
[1753/1800] elapsed 12540s eta   336s  n=465  cs run5
[1754/1800] elapsed 12543s eta   329s  n=487  cs run5
[1755/1800] elapsed 12546s eta   321s  n=511  cs run5
[1756/1800] elapsed 12549s eta   314s  n=535  cs run5
[1757/1800] elapsed 12553s eta   307s  n=561  cs run5
[1758/1800] elapsed 12557s eta   300s  n=588  cs run5
[1759/1800] elapsed 12561s eta   292s  n=617  cs run5
[1760/1800] elapsed 12565s eta   285s  n=647  cs run5
[1761/1800] elapsed 12570s eta   278s  n=678  cs run5
[1762/1800] elapsed 12574s eta   271s  n=711  cs run5
[1763/1800] elapsed 12579s eta   264s  n=745  cs run5
[1764/1800] elapsed 12584s eta   256s  n=781  cs run5
[1765/1800] elapsed 12590s eta   249s  n=819  cs run5
[1766/1800] elapsed 12595s eta   242s  n=858  cs run5
[1767/1800] elapsed 12601s eta   235s  n=899  cs run5
[1768/1800] elapsed 12607s eta   228s  n=943  cs run5
[1769/1800] elapsed 12614s eta   221s  n=988  cs run5
[1770/1800] elapsed 12621s eta   214s  n=1036 cs run5
[1771/1800] elapsed 12628s eta   206s  n=1086 cs run5
[1772/1800] elapsed 12636s eta   199s  n=1138 cs run5
[1773/1800] elapsed 12644s eta   192s  n=1193 cs run5
[1774/1800] elapsed 12652s eta   185s  n=1251 cs run5
[1775/1800] elapsed 12661s eta   178s  n=1311 cs run5
[1776/1800] elapsed 12670s eta   171s  n=1374 cs run5
[1777/1800] elapsed 12680s eta   164s  n=1441 cs run5
[1778/1800] elapsed 12690s eta   157s  n=1510 cs run5
[1779/1800] elapsed 12701s eta   150s  n=1583 cs run5
[1780/1800] elapsed 12712s eta   142s  n=1659 cs run5
[1781/1800] elapsed 12724s eta   135s  n=1739 cs run5
[1782/1800] elapsed 12737s eta   128s  n=1823 cs run5
[1783/1800] elapsed 12750s eta   121s  n=1911 cs run5
[1784/1800] elapsed 12764s eta   114s  n=2003 cs run5
[1785/1800] elapsed 12779s eta   107s  n=2100 cs run5
[1786/1800] elapsed 12794s eta   100s  n=2201 cs run5
[1787/1800] elapsed 12810s eta    93s  n=2307 cs run5
[1788/1800] elapsed 12827s eta    86s  n=2418 cs run5
[1789/1800] elapsed 12845s eta    79s  n=2535 cs run5
[1790/1800] elapsed 12864s eta    71s  n=2657 cs run5
[1791/1800] elapsed 12883s eta    64s  n=2785 cs run5
[1792/1800] elapsed 12904s eta    57s  n=2920 cs run5
[1793/1800] elapsed 12926s eta    50s  n=3061 cs run5
[1794/1800] elapsed 12948s eta    43s  n=3208 cs run5
[1795/1800] elapsed 12972s eta    36s  n=3363 cs run5
[1796/1800] elapsed 12998s eta    28s  n=3525 cs run5
[1797/1800] elapsed 13024s eta    21s  n=3695 cs run5
[1798/1800] elapsed 13053s eta    14s  n=3873 cs run5
[1799/1800] elapsed 13082s eta     7s  n=4060 cs run5
[1800/1800] elapsed 13114s eta     0s  n=4096 cs run5
sweep complete: 1800 invocations in 13146s
