[ 181/1800] elapsed     1s eta     8s  n=64   cb run1
[ 182/1800] elapsed     1s eta     8s  n=67   cb run1
[ 183/1800] elapsed     1s eta     8s  n=70   cb run1
[ 184/1800] elapsed     2s eta    17s  n=74   cb run1
[ 185/1800] elapsed     2s eta    17s  n=77   cb run1
[ 186/1800] elapsed     3s eta    26s  n=81   cb run1
[ 187/1800] elapsed     3s eta    26s  n=85   cb run1
[ 188/1800] elapsed     4s eta    34s  n=89   cb run1
[ 189/1800] elapsed     4s eta    34s  n=93   cb run1
[ 190/1800] elapsed     5s eta    42s  n=98   cb run1
[ 191/1800] elapsed     5s eta    42s  n=102  cb run1
[ 192/1800] elapsed     6s eta    50s  n=107  cb run1
[ 193/1800] elapsed     6s eta    50s  n=113  cb run1
[ 194/1800] elapsed     7s eta    58s  n=118  cb run1
[ 195/1800] elapsed     8s eta    66s  n=124  cb run1
[ 196/1800] elapsed     8s eta    65s  n=130  cb run1
[ 197/1800] elapsed     9s eta    73s  n=136  cb run1
[ 198/1800] elapsed    10s eta    81s  n=143  cb run1
[ 199/1800] elapsed    11s eta    88s  n=150  cb run1
[ 200/1800] elapsed    12s eta    96s  n=157  cb run1
[ 201/1800] elapsed    13s eta   103s  n=164  cb run1
[ 202/1800] elapsed    14s eta   111s  n=172  cb run1
[ 203/1800] elapsed    15s eta   118s  n=181  cb run1
[ 204/1800] elapsed    16s eta   125s  n=189  cb run1
[ 205/1800] elapsed    17s eta   132s  n=199  cb run1
[ 206/1800] elapsed    18s eta   139s  n=208  cb run1
[ 207/1800] elapsed    19s eta   146s  n=218  cb run1
[ 208/1800] elapsed    21s eta   161s  n=229  cb run1
[ 209/1800] elapsed    22s eta   168s  n=240  cb run1
[ 210/1800] elapsed    24s eta   182s  n=252  cb run1
[ 211/1800] elapsed    25s eta   189s  n=264  cb run1
[ 212/1800] elapsed    27s eta   203s  n=277  cb run1
[ 213/1800] elapsed    28s eta   209s  n=290  cb run1
[ 214/1800] elapsed    30s eta   223s  n=304  cb run1
[ 215/1800] elapsed    32s eta   237s  n=319  cb run1
[ 216/1800] elapsed    34s eta   250s  n=334  cb run1
[ 217/1800] elapsed    36s eta   263s  n=350  cb run1
[ 218/1800] elapsed    38s eta   277s  n=367  cb run1
[ 219/1800] elapsed    41s eta   297s  n=385  cb run1
[ 220/1800] elapsed    43s eta   310s  n=403  cb run1
[ 221/1800] elapsed    45s eta   322s  n=423  cb run1
[ 222/1800] elapsed    48s eta   342s  n=443  cb run1
[ 223/1800] elapsed    51s eta   362s  n=465  cb run1
[ 224/1800] elapsed    54s eta   381s  n=487  cb run1
[ 225/1800] elapsed    57s eta   400s  n=511  cb run1
[ 226/1800] elapsed    60s eta   419s  n=535  cb run1
[ 227/1800] elapsed    64s eta   445s  n=561  cb run1
[ 228/1800] elapsed    68s eta   470s  n=588  cb run1
[ 229/1800] elapsed    72s eta   496s  n=617  cb run1
[ 230/1800] elapsed    76s eta   521s  n=647  cb run1
[ 231/1800] elapsed    81s eta   552s  n=678  cb run1
[ 232/1800] elapsed    86s eta   583s  n=711  cb run1
[ 233/1800] elapsed    91s eta   614s  n=745  cb run1
[ 234/1800] elapsed    96s eta   645s  n=781  cb run1
[ 235/1800] elapsed   102s eta   682s  n=819  cb run1
[ 236/1800] elapsed   107s eta   712s  n=858  cb run1
[ 237/1800] elapsed   113s eta   748s  n=899  cb run1
[ 238/1800] elapsed   119s eta   784s  n=943  cb run1
[ 239/1800] elapsed   126s eta   826s  n=988  cb run1
[ 240/1800] elapsed   133s eta   868s  n=1036 cb run1
[ 241/1800] elapsed   140s eta   909s  n=1086 cb run1
[ 242/1800] elapsed   148s eta   956s  n=1138 cb run1
[ 243/1800] elapsed   155s eta   997s  n=1193 cb run1
[ 244/1800] elapsed   164s eta  1050s  n=1251 cb run1
[ 245/1800] elapsed   173s eta  1102s  n=1311 cb run1
[ 246/1800] elapsed   182s eta  1154s  n=1374 cb run1
[ 247/1800] elapsed   192s eta  1212s  n=1441 cb run1
[ 248/1800] elapsed   202s eta  1269s  n=1510 cb run1
[ 249/1800] elapsed   213s eta  1332s  n=1583 cb run1
[ 250/1800] elapsed   224s eta  1394s  n=1659 cb run1
[ 251/1800] elapsed   236s eta  1462s  n=1739 cb run1
[ 252/1800] elapsed   249s eta  1535s  n=1823 cb run1
[ 253/1800] elapsed   262s eta  1608s  n=1911 cb run1
[ 254/1800] elapsed   276s eta  1686s  n=2003 cb run1
[ 255/1800] elapsed   290s eta  1763s  n=2100 cb run1
[ 256/1800] elapsed   305s eta  1846s  n=2201 cb run1
[ 257/1800] elapsed   321s eta  1934s  n=2307 cb run1
[ 258/1800] elapsed   338s eta  2028s  n=2418 cb run1
[ 259/1800] elapsed   356s eta  2126s  n=2535 cb run1
[ 260/1800] elapsed   374s eta  2223s  n=2657 cb run1
[ 261/1800] elapsed   394s eta  2332s  n=2785 cb run1
[ 262/1800] elapsed   415s eta  2445s  n=2920 cb run1
[ 263/1800] elapsed   436s eta  2557s  n=3061 cb run1
[ 264/1800] elapsed   459s eta  2680s  n=3208 cb run1
[ 265/1800] elapsed   483s eta  2808s  n=3363 cb run1
[ 266/1800] elapsed   508s eta  2940s  n=3525 cb run1
[ 267/1800] elapsed   535s eta  3083s  n=3695 cb run1
[ 268/1800] elapsed   563s eta  3230s  n=3873 cb run1
[ 269/1800] elapsed   593s eta  3387s  n=4060 cb run1
[ 270/1800] elapsed   625s eta  3554s  n=4096 cb run1
[ 271/1800] elapsed   657s eta  3720s  n=64   cs run1
[ 272/1800] elapsed   657s eta  3704s  n=67   cs run1
[ 273/1800] elapsed   658s eta  3693s  n=70   cs run1
[ 274/1800] elapsed   658s eta  3678s  n=74   cs run1
[ 275/1800] elapsed   659s eta  3667s  n=77   cs run1
[ 276/1800] elapsed   659s eta  3652s  n=81   cs run1
[ 277/1800] elapsed   660s eta  3641s  n=85   cs run1
[ 278/1800] elapsed   660s eta  3626s  n=89   cs run1
[ 279/1800] elapsed   661s eta  3616s  n=93   cs run1
[ 280/1800] elapsed   661s eta  3601s  n=98   cs run1
[ 281/1800] elapsed   662s eta  3591s  n=102  cs run1
[ 282/1800] elapsed   662s eta  3576s  n=107  cs run1
[ 283/1800] elapsed   663s eta  3566s  n=113  cs run1
[ 284/1800] elapsed   664s eta  3556s  n=118  cs run1
[ 285/1800] elapsed   664s eta  3542s  n=124  cs run1
[ 286/1800] elapsed   665s eta  3532s  n=130  cs run1
[ 287/1800] elapsed   666s eta  3523s  n=136  cs run1
[ 288/1800] elapsed   667s eta  3513s  n=143  cs run1
[ 289/1800] elapsed   668s eta  3504s  n=150  cs run1
[ 290/1800] elapsed   669s eta  3495s  n=157  cs run1
[ 291/1800] elapsed   669s eta  3481s  n=164  cs run1
[ 292/1800] elapsed   670s eta  3472s  n=172  cs run1
[ 293/1800] elapsed   672s eta  3468s  n=181  cs run1
[ 294/1800] elapsed   673s eta  3459s  n=189  cs run1
[ 295/1800] elapsed   674s eta  3450s  n=199  cs run1
[ 296/1800] elapsed   675s eta  3441s  n=208  cs run1
[ 297/1800] elapsed   676s eta  3432s  n=218  cs run1
[ 298/1800] elapsed   678s eta  3428s  n=229  cs run1
[ 299/1800] elapsed   679s eta  3420s  n=240  cs run1
[ 300/1800] elapsed   680s eta  3411s  n=252  cs run1
[ 301/1800] elapsed   682s eta  3407s  n=264  cs run1
[ 302/1800] elapsed   684s eta  3404s  n=277  cs run1
[ 303/1800] elapsed   685s eta  3395s  n=290  cs run1
[ 304/1800] elapsed   687s eta  3391s  n=304  cs run1
[ 305/1800] elapsed   689s eta  3388s  n=319  cs run1
[ 306/1800] elapsed   691s eta  3384s  n=334  cs run1
[ 307/1800] elapsed   694s eta  3386s  n=350  cs run1
[ 308/1800] elapsed   696s eta  3382s  n=367  cs run1
[ 309/1800] elapsed   698s eta  3378s  n=385  cs run1
[ 310/1800] elapsed   701s eta  3380s  n=403  cs run1
[ 311/1800] elapsed   704s eta  3381s  n=423  cs run1
[ 312/1800] elapsed   706s eta  3377s  n=443  cs run1
[ 313/1800] elapsed   709s eta  3379s  n=465  cs run1
[ 314/1800] elapsed   712s eta  3380s  n=487  cs run1
[ 315/1800] elapsed   715s eta  3381s  n=511  cs run1
[ 316/1800] elapsed   719s eta  3387s  n=535  cs run1
[ 317/1800] elapsed   722s eta  3388s  n=561  cs run1
[ 318/1800] elapsed   726s eta  3394s  n=588  cs run1
[ 319/1800] elapsed   730s eta  3399s  n=617  cs run1
[ 320/1800] elapsed   734s eta  3405s  n=647  cs run1
[ 321/1800] elapsed   739s eta  3415s  n=678  cs run1
[ 322/1800] elapsed   743s eta  3421s  n=711  cs run1
[ 323/1800] elapsed   748s eta  3431s  n=745  cs run1
[ 324/1800] elapsed   753s eta  3440s  n=781  cs run1
[ 325/1800] elapsed   759s eta  3455s  n=819  cs run1
[ 326/1800] elapsed   764s eta  3465s  n=858  cs run1
[ 327/1800] elapsed   770s eta  3479s  n=899  cs run1
[ 328/1800] elapsed   777s eta  3497s  n=943  cs run1
[ 329/1800] elapsed   783s eta  3511s  n=988  cs run1
[ 330/1800] elapsed   790s eta  3529s  n=1036 cs run1
[ 331/1800] elapsed   798s eta  3552s  n=1086 cs run1
[ 332/1800] elapsed   806s eta  3574s  n=1138 cs run1
[ 333/1800] elapsed   814s eta  3596s  n=1193 cs run1
[ 334/1800] elapsed   822s eta  3618s  n=1251 cs run1
[ 335/1800] elapsed   831s eta  3644s  n=1311 cs run1
[ 336/1800] elapsed   841s eta  3675s  n=1374 cs run1
[ 337/1800] elapsed   851s eta  3705s  n=1441 cs run1
[ 338/1800] elapsed   862s eta  3739s  n=1510 cs run1
[ 339/1800] elapsed   873s eta  3773s  n=1583 cs run1
[ 340/1800] elapsed   884s eta  3807s  n=1659 cs run1
[ 341/1800] elapsed   897s eta  3849s  n=1739 cs run1
[ 342/1800] elapsed   910s eta  3890s  n=1823 cs run1
[ 343/1800] elapsed   923s eta  3932s  n=1911 cs run1
[ 344/1800] elapsed   937s eta  3977s  n=2003 cs run1
[ 345/1800] elapsed   952s eta  4026s  n=2100 cs run1
[ 346/1800] elapsed   967s eta  4075s  n=2201 cs run1
[ 347/1800] elapsed   983s eta  4128s  n=2307 cs run1
[ 348/1800] elapsed  1000s eta  4184s  n=2418 cs run1
[ 349/1800] elapsed  1019s eta  4248s  n=2535 cs run1
[ 350/1800] elapsed  1038s eta  4312s  n=2657 cs run1
[ 351/1800] elapsed  1058s eta  4380s  n=2785 cs run1
[ 352/1800] elapsed  1079s eta  4451s  n=2920 cs run1
[ 353/1800] elapsed  1101s eta  4525s  n=3061 cs run1
[ 354/1800] elapsed  1124s eta  4604s  n=3208 cs run1
[ 355/1800] elapsed  1148s eta  4686s  n=3363 cs run1
[ 356/1800] elapsed  1173s eta  4771s  n=3525 cs run1
[ 357/1800] elapsed  1200s eta  4864s  n=3695 cs run1
[ 358/1800] elapsed  1228s eta  4960s  n=3873 cs run1
[ 359/1800] elapsed  1258s eta  5063s  n=4060 cs run1
[ 360/1800] elapsed  1290s eta  5174s  n=4096 cs run1
[ 541/1800] elapsed  1323s eta  3084s  n=64   cb run2
[ 542/1800] elapsed  1323s eta  3076s  n=67   cb run2
[ 543/1800] elapsed  1324s eta  3070s  n=70   cb run2
[ 544/1800] elapsed  1324s eta  3062s  n=74   cb run2
[ 545/1800] elapsed  1325s eta  3056s  n=77   cb run2
[ 546/1800] elapsed  1325s eta  3048s  n=81   cb run2
[ 547/1800] elapsed  1326s eta  3043s  n=85   cb run2
[ 548/1800] elapsed  1326s eta  3035s  n=89   cb run2
[ 549/1800] elapsed  1327s eta  3029s  n=93   cb run2
[ 550/1800] elapsed  1327s eta  3021s  n=98   cb run2
[ 551/1800] elapsed  1328s eta  3015s  n=102  cb run2
[ 552/1800] elapsed  1328s eta  3007s  n=107  cb run2
[ 553/1800] elapsed  1329s eta  3002s  n=113  cb run2
[ 554/1800] elapsed  1330s eta  2996s  n=118  cb run2
[ 555/1800] elapsed  1330s eta  2988s  n=124  cb run2
[ 556/1800] elapsed  1331s eta  2983s  n=130  cb run2
[ 557/1800] elapsed  1332s eta  2977s  n=136  cb run2
[ 558/1800] elapsed  1333s eta  2972s  n=143  cb run2
[ 559/1800] elapsed  1334s eta  2966s  n=150  cb run2
[ 560/1800] elapsed  1334s eta  2959s  n=157  cb run2
[ 561/1800] elapsed  1335s eta  2953s  n=164  cb run2
[ 562/1800] elapsed  1336s eta  2948s  n=172  cb run2
[ 563/1800] elapsed  1337s eta  2942s  n=181  cb run2
[ 564/1800] elapsed  1339s eta  2939s  n=189  cb run2
[ 565/1800] elapsed  1340s eta  2934s  n=199  cb run2
[ 566/1800] elapsed  1341s eta  2928s  n=208  cb run2
[ 567/1800] elapsed  1342s eta  2923s  n=218  cb run2
[ 568/1800] elapsed  1344s eta  2920s  n=229  cb run2
[ 569/1800] elapsed  1345s eta  2914s  n=240  cb run2
[ 570/1800] elapsed  1347s eta  2911s  n=252  cb run2
[ 571/1800] elapsed  1348s eta  2906s  n=264  cb run2
[ 572/1800] elapsed  1350s eta  2903s  n=277  cb run2
[ 573/1800] elapsed  1352s eta  2900s  n=290  cb run2
[ 574/1800] elapsed  1353s eta  2894s  n=304  cb run2
[ 575/1800] elapsed  1355s eta  2891s  n=319  cb run2
[ 576/1800] elapsed  1357s eta  2888s  n=334  cb run2
[ 577/1800] elapsed  1359s eta  2885s  n=350  cb run2
[ 578/1800] elapsed  1361s eta  2882s  n=367  cb run2
[ 579/1800] elapsed  1364s eta  2881s  n=385  cb run2
[ 580/1800] elapsed  1366s eta  2878s  n=403  cb run2
[ 581/1800] elapsed  1369s eta  2877s  n=423  cb run2
[ 582/1800] elapsed  1371s eta  2874s  n=443  cb run2
[ 583/1800] elapsed  1374s eta  2873s  n=465  cb run2
[ 584/1800] elapsed  1377s eta  2872s  n=487  cb run2
[ 585/1800] elapsed  1380s eta  2871s  n=511  cb run2
[ 586/1800] elapsed  1384s eta  2872s  n=535  cb run2
[ 587/1800] elapsed  1387s eta  2871s  n=561  cb run2
[ 588/1800] elapsed  1391s eta  2872s  n=588  cb run2
[ 589/1800] elapsed  1395s eta  2873s  n=617  cb run2
[ 590/1800] elapsed  1400s eta  2876s  n=647  cb run2
[ 591/1800] elapsed  1404s eta  2877s  n=678  cb run2
[ 592/1800] elapsed  1409s eta  2879s  n=711  cb run2
[ 593/1800] elapsed  1414s eta  2882s  n=745  cb run2
[ 594/1800] elapsed  1419s eta  2885s  n=781  cb run2
[ 595/1800] elapsed  1425s eta  2890s  n=819  cb run2
[ 596/1800] elapsed  1430s eta  2893s  n=858  cb run2
[ 597/1800] elapsed  1436s eta  2898s  n=899  cb run2
[ 598/1800] elapsed  1443s eta  2905s  n=943  cb run2
[ 599/1800] elapsed  1449s eta  2910s  n=988  cb run2
[ 600/1800] elapsed  1456s eta  2916s  n=1036 cb run2
[ 601/1800] elapsed  1463s eta  2923s  n=1086 cb run2
[ 602/1800] elapsed  1471s eta  2932s  n=1138 cb run2
[ 603/1800] elapsed  1479s eta  2940s  n=1193 cb run2
[ 604/1800] elapsed  1487s eta  2949s  n=1251 cb run2
[ 605/1800] elapsed  1496s eta  2959s  n=1311 cb run2
[ 606/1800] elapsed  1505s eta  2970s  n=1374 cb run2
[ 607/1800] elapsed  1515s eta  2982s  n=1441 cb run2
[ 608/1800] elapsed  1525s eta  2994s  n=1510 cb run2
[ 609/1800] elapsed  1536s eta  3008s  n=1583 cb run2
[ 610/1800] elapsed  1547s eta  3022s  n=1659 cb run2
[ 611/1800] elapsed  1559s eta  3038s  n=1739 cb run2
[ 612/1800] elapsed  1572s eta  3056s  n=1823 cb run2
[ 613/1800] elapsed  1585s eta  3074s  n=1911 cb run2
[ 614/1800] elapsed  1599s eta  3093s  n=2003 cb run2
[ 615/1800] elapsed  1613s eta  3113s  n=2100 cb run2
[ 616/1800] elapsed  1629s eta  3136s  n=2201 cb run2
[ 617/1800] elapsed  1645s eta  3159s  n=2307 cb run2
[ 618/1800] elapsed  1662s eta  3183s  n=2418 cb run2
[ 619/1800] elapsed  1679s eta  3208s  n=2535 cb run2
[ 620/1800] elapsed  1698s eta  3236s  n=2657 cb run2
[ 621/1800] elapsed  1718s eta  3266s  n=2785 cb run2
[ 622/1800] elapsed  1738s eta  3296s  n=2920 cb run2
[ 623/1800] elapsed  1760s eta  3330s  n=3061 cb run2
[ 624/1800] elapsed  1783s eta  3365s  n=3208 cb run2
[ 625/1800] elapsed  1807s eta  3402s  n=3363 cb run2
[ 626/1800] elapsed  1832s eta  3441s  n=3525 cb run2
[ 627/1800] elapsed  1859s eta  3483s  n=3695 cb run2
[ 628/1800] elapsed  1887s eta  3527s  n=3873 cb run2
[ 629/1800] elapsed  1917s eta  3574s  n=4060 cb run2
[ 630/1800] elapsed  1948s eta  3623s  n=4096 cb run2
[ 631/1800] elapsed  1980s eta  3674s  n=64   cs run2
[ 632/1800] elapsed  1981s eta  3666s  n=67   cs run2
[ 633/1800] elapsed  1981s eta  3657s  n=70   cs run2
[ 634/1800] elapsed  1981s eta  3649s  n=74   cs run2
[ 635/1800] elapsed  1982s eta  3642s  n=77   cs run2
[ 636/1800] elapsed  1982s eta  3633s  n=81   cs run2
[ 637/1800] elapsed  1983s eta  3626s  n=85   cs run2
[ 638/1800] elapsed  1983s eta  3617s  n=89   cs run2
[ 639/1800] elapsed  1984s eta  3610s  n=93   cs run2
[ 640/1800] elapsed  1984s eta  3601s  n=98   cs run2
[ 641/1800] elapsed  1985s eta  3594s  n=102  cs run2
[ 642/1800] elapsed  1985s eta  3586s  n=107  cs run2
[ 643/1800] elapsed  1986s eta  3579s  n=113  cs run2
[ 644/1800] elapsed  1987s eta  3572s  n=118  cs run2
[ 645/1800] elapsed  1987s eta  3563s  n=124  cs run2
[ 646/1800] elapsed  1988s eta  3556s  n=130  cs run2
[ 647/1800] elapsed  1989s eta  3550s  n=136  cs run2
[ 648/1800] elapsed  1990s eta  3543s  n=143  cs run2
[ 649/1800] elapsed  1991s eta  3536s  n=150  cs run2
[ 650/1800] elapsed  1992s eta  3529s  n=157  cs run2
[ 651/1800] elapsed  1993s eta  3523s  n=164  cs run2
[ 652/1800] elapsed  1994s eta  3516s  n=172  cs run2
[ 653/1800] elapsed  1995s eta  3509s  n=181  cs run2
[ 654/1800] elapsed  1996s eta  3502s  n=189  cs run2
[ 655/1800] elapsed  1997s eta  3496s  n=199  cs run2
[ 656/1800] elapsed  1998s eta  3489s  n=208  cs run2
[ 657/1800] elapsed  1999s eta  3483s  n=218  cs run2
[ 658/1800] elapsed  2001s eta  3478s  n=229  cs run2
[ 659/1800] elapsed  2002s eta  3471s  n=240  cs run2
[ 660/1800] elapsed  2004s eta  3466s  n=252  cs run2
[ 661/1800] elapsed  2005s eta  3460s  n=264  cs run2
[ 662/1800] elapsed  2007s eta  3455s  n=277  cs run2
[ 663/1800] elapsed  2008s eta  3448s  n=290  cs run2
[ 664/1800] elapsed  2010s eta  3443s  n=304  cs run2
[ 665/1800] elapsed  2012s eta  3439s  n=319  cs run2
[ 666/1800] elapsed  2014s eta  3434s  n=334  cs run2
[ 667/1800] elapsed  2016s eta  3429s  n=350  cs run2
[ 668/1800] elapsed  2018s eta  3424s  n=367  cs run2
[ 669/1800] elapsed  2021s eta  3421s  n=385  cs run2
[ 670/1800] elapsed  2023s eta  3417s  n=403  cs run2
[ 671/1800] elapsed  2026s eta  3413s  n=423  cs run2
[ 672/1800] elapsed  2028s eta  3409s  n=443  cs run2
[ 673/1800] elapsed  2031s eta  3406s  n=465  cs run2
[ 674/1800] elapsed  2034s eta  3403s  n=487  cs run2
[ 675/1800] elapsed  2038s eta  3401s  n=511  cs run2
[ 676/1800] elapsed  2041s eta  3398s  n=535  cs run2
[ 677/1800] elapsed  2044s eta  3395s  n=561  cs run2
[ 678/1800] elapsed  2048s eta  3394s  n=588  cs run2
[ 679/1800] elapsed  2052s eta  3392s  n=617  cs run2
[ 680/1800] elapsed  2056s eta  3391s  n=647  cs run2
[ 681/1800] elapsed  2061s eta  3391s  n=678  cs run2
[ 682/1800] elapsed  2066s eta  3391s  n=711  cs run2
[ 683/1800] elapsed  2070s eta  3390s  n=745  cs run2
[ 684/1800] elapsed  2076s eta  3392s  n=781  cs run2
[ 685/1800] elapsed  2081s eta  3392s  n=819  cs run2
[ 686/1800] elapsed  2087s eta  3394s  n=858  cs run2
[ 687/1800] elapsed  2093s eta  3395s  n=899  cs run2
[ 688/1800] elapsed  2099s eta  3397s  n=943  cs run2
[ 689/1800] elapsed  2105s eta  3399s  n=988  cs run2
[ 690/1800] elapsed  2112s eta  3402s  n=1036 cs run2
[ 691/1800] elapsed  2119s eta  3405s  n=1086 cs run2
[ 692/1800] elapsed  2127s eta  3410s  n=1138 cs run2
[ 693/1800] elapsed  2135s eta  3415s  n=1193 cs run2
[ 694/1800] elapsed  2143s eta  3420s  n=1251 cs run2
[ 695/1800] elapsed  2152s eta  3426s  n=1311 cs run2
[ 696/1800] elapsed  2161s eta  3432s  n=1374 cs run2
[ 697/1800] elapsed  2171s eta  3440s  n=1441 cs run2
[ 698/1800] elapsed  2182s eta  3449s  n=1510 cs run2
[ 699/1800] elapsed  2192s eta  3457s  n=1583 cs run2
[ 700/1800] elapsed  2204s eta  3468s  n=1659 cs run2
[ 701/1800] elapsed  2216s eta  3479s  n=1739 cs run2
[ 702/1800] elapsed  2228s eta  3489s  n=1823 cs run2
[ 703/1800] elapsed  2241s eta  3501s  n=1911 cs run2
[ 704/1800] elapsed  2256s eta  3517s  n=2003 cs run2
[ 705/1800] elapsed  2270s eta  3530s  n=2100 cs run2
[ 706/1800] elapsed  2286s eta  3547s  n=2201 cs run2
[ 707/1800] elapsed  2302s eta  3563s  n=2307 cs run2
[ 708/1800] elapsed  2318s eta  3580s  n=2418 cs run2
[ 709/1800] elapsed  2336s eta  3599s  n=2535 cs run2
[ 710/1800] elapsed  2355s eta  3620s  n=2657 cs run2
[ 711/1800] elapsed  2374s eta  3641s  n=2785 cs run2
[ 712/1800] elapsed  2395s eta  3664s  n=2920 cs run2
[ 713/1800] elapsed  2417s eta  3689s  n=3061 cs run2
[ 714/1800] elapsed  2440s eta  3716s  n=3208 cs run2
[ 715/1800] elapsed  2464s eta  3744s  n=3363 cs run2
[ 716/1800] elapsed  2489s eta  3773s  n=3525 cs run2
[ 717/1800] elapsed  2516s eta  3805s  n=3695 cs run2
[ 718/1800] elapsed  2545s eta  3840s  n=3873 cs run2
[ 719/1800] elapsed  2575s eta  3876s  n=4060 cs run2
[ 720/1800] elapsed  2606s eta  3914s  n=4096 cs run2
[ 901/1800] elapsed  2639s eta  2636s  n=64   cb run3
[ 902/1800] elapsed  2640s eta  2631s  n=67   cb run3
[ 903/1800] elapsed  2640s eta  2625s  n=70   cb run3
[ 904/1800] elapsed  2640s eta  2619s  n=74   cb run3
[ 905/1800] elapsed  2641s eta  2614s  n=77   cb run3
[ 906/1800] elapsed  2641s eta  2608s  n=81   cb run3
[ 907/1800] elapsed  2642s eta  2604s  n=85   cb run3
[ 908/1800] elapsed  2642s eta  2598s  n=89   cb run3
[ 909/1800] elapsed  2643s eta  2593s  n=93   cb run3
[ 910/1800] elapsed  2643s eta  2587s  n=98   cb run3
[ 911/1800] elapsed  2644s eta  2582s  n=102  cb run3
[ 912/1800] elapsed  2645s eta  2578s  n=107  cb run3
[ 913/1800] elapsed  2645s eta  2572s  n=113  cb run3
[ 914/1800] elapsed  2646s eta  2567s  n=118  cb run3
[ 915/1800] elapsed  2647s eta  2563s  n=124  cb run3
[ 916/1800] elapsed  2647s eta  2557s  n=130  cb run3
[ 917/1800] elapsed  2648s eta  2552s  n=136  cb run3
[ 918/1800] elapsed  2649s eta  2547s  n=143  cb run3
[ 919/1800] elapsed  2650s eta  2543s  n=150  cb run3
[ 920/1800] elapsed  2651s eta  2538s  n=157  cb run3
[ 921/1800] elapsed  2652s eta  2533s  n=164  cb run3
[ 922/1800] elapsed  2653s eta  2529s  n=172  cb run3
[ 923/1800] elapsed  2654s eta  2524s  n=181  cb run3
[ 924/1800] elapsed  2655s eta  2519s  n=189  cb run3
[ 925/1800] elapsed  2656s eta  2515s  n=199  cb run3
[ 926/1800] elapsed  2657s eta  2510s  n=208  cb run3
[ 927/1800] elapsed  2658s eta  2505s  n=218  cb run3
[ 928/1800] elapsed  2660s eta  2502s  n=229  cb run3
[ 929/1800] elapsed  2661s eta  2497s  n=240  cb run3
[ 930/1800] elapsed  2663s eta  2493s  n=252  cb run3
[ 931/1800] elapsed  2664s eta  2489s  n=264  cb run3
[ 932/1800] elapsed  2666s eta  2485s  n=277  cb run3
[ 933/1800] elapsed  2668s eta  2481s  n=290  cb run3
[ 934/1800] elapsed  2669s eta  2477s  n=304  cb run3
[ 935/1800] elapsed  2671s eta  2473s  n=319  cb run3
[ 936/1800] elapsed  2673s eta  2470s  n=334  cb run3
[ 937/1800] elapsed  2675s eta  2466s  n=350  cb run3
[ 938/1800] elapsed  2678s eta  2463s  n=367  cb run3
[ 939/1800] elapsed  2680s eta  2460s  n=385  cb run3
[ 940/1800] elapsed  2682s eta  2456s  n=403  cb run3
[ 941/1800] elapsed  2685s eta  2453s  n=423  cb run3
[ 942/1800] elapsed  2688s eta  2450s  n=443  cb run3
[ 943/1800] elapsed  2690s eta  2447s  n=465  cb run3
[ 944/1800] elapsed  2693s eta  2444s  n=487  cb run3
[ 945/1800] elapsed  2696s eta  2441s  n=511  cb run3
[ 946/1800] elapsed  2700s eta  2440s  n=535  cb run3
[ 947/1800] elapsed  2703s eta  2437s  n=561  cb run3
[ 948/1800] elapsed  2707s eta  2435s  n=588  cb run3
[ 949/1800] elapsed  2711s eta  2433s  n=617  cb run3
[ 950/1800] elapsed  2715s eta  2431s  n=647  cb run3
[ 951/1800] elapsed  2720s eta  2430s  n=678  cb run3
[ 952/1800] elapsed  2724s eta  2428s  n=711  cb run3
[ 953/1800] elapsed  2729s eta  2428s  n=745  cb run3
[ 954/1800] elapsed  2735s eta  2427s  n=781  cb run3
[ 955/1800] elapsed  2740s eta  2426s  n=819  cb run3
[ 956/1800] elapsed  2746s eta  2426s  n=858  cb run3
[ 957/1800] elapsed  2752s eta  2426s  n=899  cb run3
[ 958/1800] elapsed  2758s eta  2426s  n=943  cb run3
[ 959/1800] elapsed  2765s eta  2427s  n=988  cb run3
[ 960/1800] elapsed  2772s eta  2428s  n=1036 cb run3
[ 961/1800] elapsed  2779s eta  2428s  n=1086 cb run3
[ 962/1800] elapsed  2787s eta  2430s  n=1138 cb run3
[ 963/1800] elapsed  2795s eta  2431s  n=1193 cb run3
[ 964/1800] elapsed  2803s eta  2433s  n=1251 cb run3
[ 965/1800] elapsed  2812s eta  2435s  n=1311 cb run3
[ 966/1800] elapsed  2822s eta  2438s  n=1374 cb run3
[ 967/1800] elapsed  2831s eta  2441s  n=1441 cb run3
[ 968/1800] elapsed  2842s eta  2445s  n=1510 cb run3
[ 969/1800] elapsed  2853s eta  2449s  n=1583 cb run3
[ 970/1800] elapsed  2864s eta  2453s  n=1659 cb run3
[ 971/1800] elapsed  2876s eta  2457s  n=1739 cb run3
[ 972/1800] elapsed  2888s eta  2462s  n=1823 cb run3
[ 973/1800] elapsed  2902s eta  2469s  n=1911 cb run3
[ 974/1800] elapsed  2916s eta  2475s  n=2003 cb run3
[ 975/1800] elapsed  2931s eta  2482s  n=2100 cb run3
[ 976/1800] elapsed  2946s eta  2489s  n=2201 cb run3
[ 977/1800] elapsed  2962s eta  2497s  n=2307 cb run3
[ 978/1800] elapsed  2979s eta  2506s  n=2418 cb run3
[ 979/1800] elapsed  2997s eta  2515s  n=2535 cb run3
[ 980/1800] elapsed  3016s eta  2526s  n=2657 cb run3
[ 981/1800] elapsed  3035s eta  2536s  n=2785 cb run3
[ 982/1800] elapsed  3056s eta  2548s  n=2920 cb run3
[ 983/1800] elapsed  3078s eta  2560s  n=3061 cb run3
[ 984/1800] elapsed  3101s eta  2574s  n=3208 cb run3
[ 985/1800] elapsed  3125s eta  2588s  n=3363 cb run3
[ 986/1800] elapsed  3151s eta  2603s  n=3525 cb run3
[ 987/1800] elapsed  3178s eta  2620s  n=3695 cb run3
[ 988/1800] elapsed  3207s eta  2638s  n=3873 cb run3
[ 989/1800] elapsed  3237s eta  2657s  n=4060 cb run3
[ 990/1800] elapsed  3268s eta  2676s  n=4096 cb run3
[ 991/1800] elapsed  3301s eta  2697s  n=64   cs run3
[ 992/1800] elapsed  3301s eta  2691s  n=67   cs run3
[ 993/1800] elapsed  3301s eta  2685s  n=70   cs run3
[ 994/1800] elapsed  3302s eta  2680s  n=74   cs run3
[ 995/1800] elapsed  3302s eta  2674s  n=77   cs run3
[ 996/1800] elapsed  3303s eta  2668s  n=81   cs run3
[ 997/1800] elapsed  3303s eta  2662s  n=85   cs run3
[ 998/1800] elapsed  3304s eta  2657s  n=89   cs run3
[ 999/1800] elapsed  3304s eta  2651s  n=93   cs run3
[1000/1800] elapsed  3305s eta  2646s  n=98   cs run3
[1001/1800] elapsed  3305s eta  2640s  n=102  cs run3
[1002/1800] elapsed  3306s eta  2635s  n=107  cs run3
[1003/1800] elapsed  3306s eta  2629s  n=113  cs run3
[1004/1800] elapsed  3307s eta  2624s  n=118  cs run3
[1005/1800] elapsed  3308s eta  2619s  n=124  cs run3
[1006/1800] elapsed  3309s eta  2614s  n=130  cs run3
[1007/1800] elapsed  3309s eta  2608s  n=136  cs run3
[1008/1800] elapsed  3310s eta  2603s  n=143  cs run3
[1009/1800] elapsed  3311s eta  2598s  n=150  cs run3
[1010/1800] elapsed  3312s eta  2593s  n=157  cs run3
[1011/1800] elapsed  3313s eta  2588s  n=164  cs run3
[1012/1800] elapsed  3314s eta  2583s  n=172  cs run3
[1013/1800] elapsed  3315s eta  2577s  n=181  cs run3
[1014/1800] elapsed  3316s eta  2572s  n=189  cs run3
[1015/1800] elapsed  3317s eta  2567s  n=199  cs run3
[1016/1800] elapsed  3318s eta  2562s  n=208  cs run3
[1017/1800] elapsed  3320s eta  2558s  n=218  cs run3
[1018/1800] elapsed  3321s eta  2553s  n=229  cs run3
[1019/1800] elapsed  3322s eta  2548s  n=240  cs run3
[1020/1800] elapsed  3324s eta  2544s  n=252  cs run3
[1021/1800] elapsed  3325s eta  2539s  n=264  cs run3
[1022/1800] elapsed  3327s eta  2535s  n=277  cs run3
[1023/1800] elapsed  3329s eta  2530s  n=290  cs run3
[1024/1800] elapsed  3330s eta  2525s  n=304  cs run3
[1025/1800] elapsed  3332s eta  2521s  n=319  cs run3
[1026/1800] elapsed  3334s eta  2517s  n=334  cs run3
[1027/1800] elapsed  3336s eta  2513s  n=350  cs run3
[1028/1800] elapsed  3339s eta  2509s  n=367  cs run3
[1029/1800] elapsed  3341s eta  2505s  n=385  cs run3
[1030/1800] elapsed  3343s eta  2501s  n=403  cs run3
[1031/1800] elapsed  3346s eta  2498s  n=423  cs run3
[1032/1800] elapsed  3349s eta  2494s  n=443  cs run3
[1033/1800] elapsed  3352s eta  2491s  n=465  cs run3
[1034/1800] elapsed  3355s eta  2487s  n=487  cs run3
[1035/1800] elapsed  3358s eta  2484s  n=511  cs run3
[1036/1800] elapsed  3361s eta  2480s  n=535  cs run3
[1037/1800] elapsed  3365s eta  2478s  n=561  cs run3
[1038/1800] elapsed  3368s eta  2474s  n=588  cs run3
[1039/1800] elapsed  3372s eta  2472s  n=617  cs run3
[1040/1800] elapsed  3377s eta  2470s  n=647  cs run3
[1041/1800] elapsed  3381s eta  2467s  n=678  cs run3
[1042/1800] elapsed  3386s eta  2465s  n=711  cs run3
[1043/1800] elapsed  3391s eta  2463s  n=745  cs run3
[1044/1800] elapsed  3396s eta  2461s  n=781  cs run3
[1045/1800] elapsed  3401s eta  2459s  n=819  cs run3
[1046/1800] elapsed  3407s eta  2458s  n=858  cs run3
[1047/1800] elapsed  3413s eta  2456s  n=899  cs run3
[1048/1800] elapsed  3420s eta  2456s  n=943  cs run3
[1049/1800] elapsed  3426s eta  2455s  n=988  cs run3
[1050/1800] elapsed  3433s eta  2454s  n=1036 cs run3
[1051/1800] elapsed  3441s eta  2454s  n=1086 cs run3
[1052/1800] elapsed  3449s eta  2454s  n=1138 cs run3
[1053/1800] elapsed  3457s eta  2454s  n=1193 cs run3
[1054/1800] elapsed  3466s eta  2455s  n=1251 cs run3
[1055/1800] elapsed  3475s eta  2456s  n=1311 cs run3
[1056/1800] elapsed  3484s eta  2456s  n=1374 cs run3
[1057/1800] elapsed  3494s eta  2458s  n=1441 cs run3
[1058/1800] elapsed  3505s eta  2460s  n=1510 cs run3
[1059/1800] elapsed  3516s eta  2462s  n=1583 cs run3
[1060/1800] elapsed  3528s eta  2465s  n=1659 cs run3
[1061/1800] elapsed  3540s eta  2467s  n=1739 cs run3
[1062/1800] elapsed  3553s eta  2471s  n=1823 cs run3
[1063/1800] elapsed  3566s eta  2474s  n=1911 cs run3
[1064/1800] elapsed  3580s eta  2478s  n=2003 cs run3
[1065/1800] elapsed  3595s eta  2483s  n=2100 cs run3
[1066/1800] elapsed  3610s eta  2488s  n=2201 cs run3
[1067/1800] elapsed  3626s eta  2493s  n=2307 cs run3
[1068/1800] elapsed  3643s eta  2499s  n=2418 cs run3
[1069/1800] elapsed  3661s eta  2505s  n=2535 cs run3
[1070/1800] elapsed  3680s eta  2513s  n=2657 cs run3
[1071/1800] elapsed  3699s eta  2520s  n=2785 cs run3
[1072/1800] elapsed  3720s eta  2528s  n=2920 cs run3
[1073/1800] elapsed  3742s eta  2537s  n=3061 cs run3
[1074/1800] elapsed  3765s eta  2547s  n=3208 cs run3
[1075/1800] elapsed  3789s eta  2557s  n=3363 cs run3
[1076/1800] elapsed  3814s eta  2568s  n=3525 cs run3
[1077/1800] elapsed  3841s eta  2580s  n=3695 cs run3
[1078/1800] elapsed  3869s eta  2593s  n=3873 cs run3
[1079/1800] elapsed  3900s eta  2608s  n=4060 cs run3
[1080/1800] elapsed  3931s eta  2623s  n=4096 cs run3
[1261/1800] elapsed  3964s eta  1695s  n=64   cb run4
[1262/1800] elapsed  3965s eta  1691s  n=67   cb run4
[1263/1800] elapsed  3965s eta  1687s  n=70   cb run4
[1264/1800] elapsed  3965s eta  1682s  n=74   cb run4
[1265/1800] elapsed  3966s eta  1678s  n=77   cb run4
[1266/1800] elapsed  3966s eta  1674s  n=81   cb run4
[1267/1800] elapsed  3967s eta  1670s  n=85   cb run4
[1268/1800] elapsed  3967s eta  1665s  n=89   cb run4
[1269/1800] elapsed  3968s eta  1661s  n=93   cb run4
[1270/1800] elapsed  3968s eta  1657s  n=98   cb run4
[1271/1800] elapsed  3969s eta  1653s  n=102  cb run4
[1272/1800] elapsed  3970s eta  1649s  n=107  cb run4
[1273/1800] elapsed  3970s eta  1644s  n=113  cb run4
[1274/1800] elapsed  3971s eta  1640s  n=118  cb run4
[1275/1800] elapsed  3972s eta  1636s  n=124  cb run4
[1276/1800] elapsed  3972s eta  1632s  n=130  cb run4
[1277/1800] elapsed  3973s eta  1628s  n=136  cb run4
[1278/1800] elapsed  3974s eta  1624s  n=143  cb run4
[1279/1800] elapsed  3975s eta  1620s  n=150  cb run4
[1280/1800] elapsed  3976s eta  1616s  n=157  cb run4
[1281/1800] elapsed  3977s eta  1612s  n=164  cb run4
[1282/1800] elapsed  3978s eta  1608s  n=172  cb run4
[1283/1800] elapsed  3979s eta  1604s  n=181  cb run4
[1284/1800] elapsed  3980s eta  1600s  n=189  cb run4
[1285/1800] elapsed  3981s eta  1596s  n=199  cb run4
[1286/1800] elapsed  3982s eta  1592s  n=208  cb run4
[1287/1800] elapsed  3983s eta  1588s  n=218  cb run4
[1288/1800] elapsed  3985s eta  1585s  n=229  cb run4
[1289/1800] elapsed  3986s eta  1581s  n=240  cb run4
[1290/1800] elapsed  3988s eta  1577s  n=252  cb run4
[1291/1800] elapsed  3989s eta  1573s  n=264  cb run4
[1292/1800] elapsed  3991s eta  1570s  n=277  cb run4
[1293/1800] elapsed  3993s eta  1566s  n=290  cb run4
[1294/1800] elapsed  3994s eta  1563s  n=304  cb run4
[1295/1800] elapsed  3996s eta  1559s  n=319  cb run4
[1296/1800] elapsed  3998s eta  1555s  n=334  cb run4
[1297/1800] elapsed  4000s eta  1552s  n=350  cb run4
[1298/1800] elapsed  4003s eta  1549s  n=367  cb run4
[1299/1800] elapsed  4005s eta  1545s  n=385  cb run4
[1300/1800] elapsed  4007s eta  1542s  n=403  cb run4
[1301/1800] elapsed  4010s eta  1539s  n=423  cb run4
[1302/1800] elapsed  4013s eta  1536s  n=443  cb run4
[1303/1800] elapsed  4015s eta  1532s  n=465  cb run4
[1304/1800] elapsed  4018s eta  1529s  n=487  cb run4
[1305/1800] elapsed  4021s eta  1526s  n=511  cb run4
[1306/1800] elapsed  4025s eta  1523s  n=535  cb run4
[1307/1800] elapsed  4028s eta  1520s  n=561  cb run4
[1308/1800] elapsed  4032s eta  1517s  n=588  cb run4
[1309/1800] elapsed  4036s eta  1515s  n=617  cb run4
[1310/1800] elapsed  4040s eta  1512s  n=647  cb run4
[1311/1800] elapsed  4045s eta  1509s  n=678  cb run4
[1312/1800] elapsed  4049s eta  1507s  n=711  cb run4
[1313/1800] elapsed  4054s eta  1504s  n=745  cb run4
[1314/1800] elapsed  4059s eta  1502s  n=781  cb run4
[1315/1800] elapsed  4065s eta  1500s  n=819  cb run4
[1316/1800] elapsed  4071s eta  1498s  n=858  cb run4
[1317/1800] elapsed  4077s eta  1496s  n=899  cb run4
[1318/1800] elapsed  4083s eta  1494s  n=943  cb run4
[1319/1800] elapsed  4089s eta  1492s  n=988  cb run4
[1320/1800] elapsed  4096s eta  1490s  n=1036 cb run4
[1321/1800] elapsed  4104s eta  1489s  n=1086 cb run4
[1322/1800] elapsed  4111s eta  1487s  n=1138 cb run4
[1323/1800] elapsed  4119s eta  1486s  n=1193 cb run4
[1324/1800] elapsed  4128s eta  1485s  n=1251 cb run4
[1325/1800] elapsed  4137s eta  1484s  n=1311 cb run4
[1326/1800] elapsed  4146s eta  1483s  n=1374 cb run4
[1327/1800] elapsed  4156s eta  1482s  n=1441 cb run4
[1328/1800] elapsed  4166s eta  1481s  n=1510 cb run4
[1329/1800] elapsed  4177s eta  1481s  n=1583 cb run4
[1330/1800] elapsed  4189s eta  1481s  n=1659 cb run4
[1331/1800] elapsed  4200s eta  1481s  n=1739 cb run4
[1332/1800] elapsed  4213s eta  1481s  n=1823 cb run4
[1333/1800] elapsed  4226s eta  1481s  n=1911 cb run4
[1334/1800] elapsed  4240s eta  1482s  n=2003 cb run4
[1335/1800] elapsed  4255s eta  1483s  n=2100 cb run4
[1336/1800] elapsed  4270s eta  1484s  n=2201 cb run4
[1337/1800] elapsed  4287s eta  1485s  n=2307 cb run4
[1338/1800] elapsed  4304s eta  1487s  n=2418 cb run4
[1339/1800] elapsed  4322s eta  1489s  n=2535 cb run4
[1340/1800] elapsed  4340s eta  1490s  n=2657 cb run4
[1341/1800] elapsed  4360s eta  1493s  n=2785 cb run4
[1342/1800] elapsed  4381s eta  1496s  n=2920 cb run4
[1343/1800] elapsed  4403s eta  1499s  n=3061 cb run4
[1344/1800] elapsed  4425s eta  1502s  n=3208 cb run4
[1345/1800] elapsed  4449s eta  1506s  n=3363 cb run4
[1346/1800] elapsed  4475s eta  1510s  n=3525 cb run4
[1347/1800] elapsed  4501s eta  1514s  n=3695 cb run4
[1348/1800] elapsed  4530s eta  1520s  n=3873 cb run4
[1349/1800] elapsed  4560s eta  1525s  n=4060 cb run4
[1350/1800] elapsed  4591s eta  1531s  n=4096 cb run4
[1351/1800] elapsed  4623s eta  1537s  n=64   cs run4
[1352/1800] elapsed  4624s eta  1533s  n=67   cs run4
[1353/1800] elapsed  4624s eta  1528s  n=70   cs run4
[1354/1800] elapsed  4625s eta  1524s  n=74   cs run4
[1355/1800] elapsed  4625s eta  1520s  n=77   cs run4
[1356/1800] elapsed  4625s eta  1515s  n=81   cs run4
[1357/1800] elapsed  4626s eta  1511s  n=85   cs run4
[1358/1800] elapsed  4626s eta  1506s  n=89   cs run4
[1359/1800] elapsed  4627s eta  1502s  n=93   cs run4
[1360/1800] elapsed  4627s eta  1498s  n=98   cs run4
[1361/1800] elapsed  4628s eta  1493s  n=102  cs run4
[1362/1800] elapsed  4629s eta  1489s  n=107  cs run4
[1363/1800] elapsed  4629s eta  1485s  n=113  cs run4
[1364/1800] elapsed  4630s eta  1481s  n=118  cs run4
[1365/1800] elapsed  4631s eta  1476s  n=124  cs run4
[1366/1800] elapsed  4631s eta  1472s  n=130  cs run4
[1367/1800] elapsed  4632s eta  1468s  n=136  cs run4
[1368/1800] elapsed  4633s eta  1464s  n=143  cs run4
[1369/1800] elapsed  4634s eta  1459s  n=150  cs run4
[1370/1800] elapsed  4635s eta  1455s  n=157  cs run4
[1371/1800] elapsed  4636s eta  1451s  n=164  cs run4
[1372/1800] elapsed  4637s eta  1447s  n=172  cs run4
[1373/1800] elapsed  4638s eta  1443s  n=181  cs run4
[1374/1800] elapsed  4639s eta  1439s  n=189  cs run4
[1375/1800] elapsed  4640s eta  1435s  n=199  cs run4
[1376/1800] elapsed  4641s eta  1431s  n=208  cs run4
[1377/1800] elapsed  4643s eta  1427s  n=218  cs run4
[1378/1800] elapsed  4644s eta  1423s  n=229  cs run4
[1379/1800] elapsed  4645s eta  1419s  n=240  cs run4
[1380/1800] elapsed  4647s eta  1415s  n=252  cs run4
[1381/1800] elapsed  4648s eta  1411s  n=264  cs run4
[1382/1800] elapsed  4650s eta  1407s  n=277  cs run4
[1383/1800] elapsed  4652s eta  1403s  n=290  cs run4
[1384/1800] elapsed  4654s eta  1399s  n=304  cs run4
[1385/1800] elapsed  4655s eta  1395s  n=319  cs run4
[1386/1800] elapsed  4657s eta  1392s  n=334  cs run4
[1387/1800] elapsed  4660s eta  1388s  n=350  cs run4
[1388/1800] elapsed  4662s eta  1384s  n=367  cs run4
[1389/1800] elapsed  4664s eta  1381s  n=385  cs run4
[1390/1800] elapsed  4667s eta  1377s  n=403  cs run4
[1391/1800] elapsed  4669s eta  1373s  n=423  cs run4
[1392/1800] elapsed  4672s eta  1370s  n=443  cs run4
[1393/1800] elapsed  4675s eta  1366s  n=465  cs run4
[1394/1800] elapsed  4678s eta  1363s  n=487  cs run4
[1395/1800] elapsed  4681s eta  1359s  n=511  cs run4
[1396/1800] elapsed  4684s eta  1356s  n=535  cs run4
[1397/1800] elapsed  4688s eta  1353s  n=561  cs run4
[1398/1800] elapsed  4692s eta  1350s  n=588  cs run4
[1399/1800] elapsed  4696s eta  1346s  n=617  cs run4
[1400/1800] elapsed  4700s eta  1343s  n=647  cs run4
[1401/1800] elapsed  4704s eta  1340s  n=678  cs run4
[1402/1800] elapsed  4709s eta  1337s  n=711  cs run4
[1403/1800] elapsed  4714s eta  1334s  n=745  cs run4
[1404/1800] elapsed  4719s eta  1331s  n=781  cs run4
[1405/1800] elapsed  4724s eta  1329s  n=819  cs run4
[1406/1800] elapsed  4730s eta  1326s  n=858  cs run4
[1407/1800] elapsed  4736s eta  1323s  n=899  cs run4
[1408/1800] elapsed  4742s eta  1321s  n=943  cs run4
[1409/1800] elapsed  4749s eta  1318s  n=988  cs run4
[1410/1800] elapsed  4756s eta  1316s  n=1036 cs run4
[1411/1800] elapsed  4763s eta  1314s  n=1086 cs run4
[1412/1800] elapsed  4771s eta  1311s  n=1138 cs run4
[1413/1800] elapsed  4779s eta  1309s  n=1193 cs run4
[1414/1800] elapsed  4787s eta  1307s  n=1251 cs run4
[1415/1800] elapsed  4796s eta  1305s  n=1311 cs run4
[1416/1800] elapsed  4805s eta  1303s  n=1374 cs run4
[1417/1800] elapsed  4815s eta  1302s  n=1441 cs run4
[1418/1800] elapsed  4826s eta  1301s  n=1510 cs run4
[1419/1800] elapsed  4836s eta  1299s  n=1583 cs run4
[1420/1800] elapsed  4848s eta  1298s  n=1659 cs run4
[1421/1800] elapsed  4860s eta  1297s  n=1739 cs run4
[1422/1800] elapsed  4872s eta  1296s  n=1823 cs run4
[1423/1800] elapsed  4886s eta  1295s  n=1911 cs run4
[1424/1800] elapsed  4899s eta  1294s  n=2003 cs run4
[1425/1800] elapsed  4914s eta  1294s  n=2100 cs run4
[1426/1800] elapsed  4929s eta  1293s  n=2201 cs run4
[1427/1800] elapsed  4945s eta  1293s  n=2307 cs run4
[1428/1800] elapsed  4962s eta  1293s  n=2418 cs run4
[1429/1800] elapsed  4980s eta  1293s  n=2535 cs run4
[1430/1800] elapsed  4999s eta  1294s  n=2657 cs run4
[1431/1800] elapsed  5018s eta  1294s  n=2785 cs run4
[1432/1800] elapsed  5039s eta  1295s  n=2920 cs run4
[1433/1800] elapsed  5060s eta  1296s  n=3061 cs run4
[1434/1800] elapsed  5083s eta  1298s  n=3208 cs run4
[1435/1800] elapsed  5107s eta  1299s  n=3363 cs run4
[1436/1800] elapsed  5133s eta  1302s  n=3525 cs run4
[1437/1800] elapsed  5160s eta  1304s  n=3695 cs run4
[1438/1800] elapsed  5188s eta  1306s  n=3873 cs run4
[1439/1800] elapsed  5218s eta  1309s  n=4060 cs run4
[1440/1800] elapsed  5249s eta  1313s  n=4096 cs run4
[1621/1800] elapsed  5282s eta   583s  n=64   cb run5
[1622/1800] elapsed  5282s eta   580s  n=67   cb run5
[1623/1800] elapsed  5283s eta   576s  n=70   cb run5
[1624/1800] elapsed  5283s eta   572s  n=74   cb run5
[1625/1800] elapsed  5284s eta   569s  n=77   cb run5
[1626/1800] elapsed  5284s eta   565s  n=81   cb run5
[1627/1800] elapsed  5285s eta   562s  n=85   cb run5
[1628/1800] elapsed  5285s eta   558s  n=89   cb run5
[1629/1800] elapsed  5286s eta   555s  n=93   cb run5
[1630/1800] elapsed  5286s eta   551s  n=98   cb run5
[1631/1800] elapsed  5287s eta   548s  n=102  cb run5
[1632/1800] elapsed  5288s eta   544s  n=107  cb run5
[1633/1800] elapsed  5288s eta   541s  n=113  cb run5
[1634/1800] elapsed  5289s eta   537s  n=118  cb run5
[1635/1800] elapsed  5290s eta   534s  n=124  cb run5
[1636/1800] elapsed  5290s eta   530s  n=130  cb run5
[1637/1800] elapsed  5291s eta   527s  n=136  cb run5
[1638/1800] elapsed  5292s eta   523s  n=143  cb run5
[1639/1800] elapsed  5293s eta   520s  n=150  cb run5
[1640/1800] elapsed  5294s eta   516s  n=157  cb run5
[1641/1800] elapsed  5295s eta   513s  n=164  cb run5
[1642/1800] elapsed  5296s eta   509s  n=172  cb run5
[1643/1800] elapsed  5297s eta   506s  n=181  cb run5
[1644/1800] elapsed  5298s eta   503s  n=189  cb run5
[1645/1800] elapsed  5299s eta   499s  n=199  cb run5
[1646/1800] elapsed  5300s eta   496s  n=208  cb run5
[1647/1800] elapsed  5302s eta   492s  n=218  cb run5
[1648/1800] elapsed  5303s eta   489s  n=229  cb run5
[1649/1800] elapsed  5304s eta   485s  n=240  cb run5
[1650/1800] elapsed  5306s eta   482s  n=252  cb run5
[1651/1800] elapsed  5307s eta   479s  n=264  cb run5
[1652/1800] elapsed  5309s eta   475s  n=277  cb run5
[1653/1800] elapsed  5311s eta   472s  n=290  cb run5
[1654/1800] elapsed  5313s eta   469s  n=304  cb run5
[1655/1800] elapsed  5314s eta   465s  n=319  cb run5
[1656/1800] elapsed  5316s eta   462s  n=334  cb run5
[1657/1800] elapsed  5319s eta   459s  n=350  cb run5
[1658/1800] elapsed  5321s eta   455s  n=367  cb run5
[1659/1800] elapsed  5323s eta   452s  n=385  cb run5
[1660/1800] elapsed  5326s eta   449s  n=403  cb run5
[1661/1800] elapsed  5328s eta   446s  n=423  cb run5
[1662/1800] elapsed  5331s eta   442s  n=443  cb run5
[1663/1800] elapsed  5334s eta   439s  n=465  cb run5
[1664/1800] elapsed  5337s eta   436s  n=487  cb run5
[1665/1800] elapsed  5340s eta   433s  n=511  cb run5
[1666/1800] elapsed  5343s eta   430s  n=535  cb run5
[1667/1800] elapsed  5347s eta   426s  n=561  cb run5
[1668/1800] elapsed  5350s eta   423s  n=588  cb run5
[1669/1800] elapsed  5354s eta   420s  n=617  cb run5
[1670/1800] elapsed  5359s eta   417s  n=647  cb run5
[1671/1800] elapsed  5363s eta   414s  n=678  cb run5
[1672/1800] elapsed  5368s eta   411s  n=711  cb run5
[1673/1800] elapsed  5372s eta   408s  n=745  cb run5
[1674/1800] elapsed  5378s eta   405s  n=781  cb run5
[1675/1800] elapsed  5383s eta   401s  n=819  cb run5
[1676/1800] elapsed  5389s eta   398s  n=858  cb run5
[1677/1800] elapsed  5395s eta   395s  n=899  cb run5
[1678/1800] elapsed  5401s eta   392s  n=943  cb run5
[1679/1800] elapsed  5407s eta   389s  n=988  cb run5
[1680/1800] elapsed  5414s eta   386s  n=1036 cb run5
[1681/1800] elapsed  5421s eta   383s  n=1086 cb run5
[1682/1800] elapsed  5429s eta   381s  n=1138 cb run5
[1683/1800] elapsed  5437s eta   378s  n=1193 cb run5
[1684/1800] elapsed  5446s eta   375s  n=1251 cb run5
[1685/1800] elapsed  5454s eta   372s  n=1311 cb run5
[1686/1800] elapsed  5464s eta   369s  n=1374 cb run5
[1687/1800] elapsed  5474s eta   366s  n=1441 cb run5
[1688/1800] elapsed  5484s eta   364s  n=1510 cb run5
[1689/1800] elapsed  5495s eta   361s  n=1583 cb run5
[1690/1800] elapsed  5506s eta   358s  n=1659 cb run5
[1691/1800] elapsed  5518s eta   355s  n=1739 cb run5
[1692/1800] elapsed  5530s eta   353s  n=1823 cb run5
[1693/1800] elapsed  5544s eta   350s  n=1911 cb run5
[1694/1800] elapsed  5557s eta   347s  n=2003 cb run5
[1695/1800] elapsed  5572s eta   345s  n=2100 cb run5
[1696/1800] elapsed  5587s eta   342s  n=2201 cb run5
[1697/1800] elapsed  5603s eta   340s  n=2307 cb run5
[1698/1800] elapsed  5620s eta   337s  n=2418 cb run5
[1699/1800] elapsed  5638s eta   335s  n=2535 cb run5
[1700/1800] elapsed  5657s eta   332s  n=2657 cb run5
[1701/1800] elapsed  5676s eta   330s  n=2785 cb run5
[1702/1800] elapsed  5697s eta   328s  n=2920 cb run5
[1703/1800] elapsed  5718s eta   325s  n=3061 cb run5
[1704/1800] elapsed  5741s eta   323s  n=3208 cb run5
[1705/1800] elapsed  5765s eta   321s  n=3363 cb run5
[1706/1800] elapsed  5791s eta   319s  n=3525 cb run5
[1707/1800] elapsed  5818s eta   317s  n=3695 cb run5
[1708/1800] elapsed  5846s eta   315s  n=3873 cb run5
[1709/1800] elapsed  5875s eta   313s  n=4060 cb run5
[1710/1800] elapsed  5907s eta   311s  n=4096 cb run5
[1711/1800] elapsed  5939s eta   309s  n=64   cs run5
[1712/1800] elapsed  5940s eta   305s  n=67   cs run5
[1713/1800] elapsed  5940s eta   301s  n=70   cs run5
[1714/1800] elapsed  5941s eta   298s  n=74   cs run5
[1715/1800] elapsed  5941s eta   294s  n=77   cs run5
[1716/1800] elapsed  5941s eta   290s  n=81   cs run5
[1717/1800] elapsed  5942s eta   287s  n=85   cs run5
[1718/1800] elapsed  5942s eta   283s  n=89   cs run5
[1719/1800] elapsed  5943s eta   280s  n=93   cs run5
[1720/1800] elapsed  5944s eta   276s  n=98   cs run5
[1721/1800] elapsed  5944s eta   273s  n=102  cs run5
[1722/1800] elapsed  5945s eta   269s  n=107  cs run5
[1723/1800] elapsed  5945s eta   265s  n=113  cs run5
[1724/1800] elapsed  5946s eta   262s  n=118  cs run5
[1725/1800] elapsed  5947s eta   258s  n=124  cs run5
[1726/1800] elapsed  5948s eta   255s  n=130  cs run5
[1727/1800] elapsed  5948s eta   251s  n=136  cs run5
[1728/1800] elapsed  5949s eta   248s  n=143  cs run5
[1729/1800] elapsed  5950s eta   244s  n=150  cs run5
[1730/1800] elapsed  5951s eta   240s  n=157  cs run5
[1731/1800] elapsed  5952s eta   237s  n=164  cs run5
[1732/1800] elapsed  5953s eta   233s  n=172  cs run5
[1733/1800] elapsed  5954s eta   230s  n=181  cs run5
[1734/1800] elapsed  5955s eta   226s  n=189  cs run5
[1735/1800] elapsed  5956s eta   223s  n=199  cs run5
[1736/1800] elapsed  5957s eta   219s  n=208  cs run5
[1737/1800] elapsed  5959s eta   216s  n=218  cs run5
[1738/1800] elapsed  5960s eta   212s  n=229  cs run5
[1739/1800] elapsed  5961s eta   209s  n=240  cs run5
[1740/1800] elapsed  5963s eta   205s  n=252  cs run5
[1741/1800] elapsed  5964s eta   202s  n=264  cs run5
[1742/1800] elapsed  5966s eta   198s  n=277  cs run5
[1743/1800] elapsed  5968s eta   195s  n=290  cs run5
[1744/1800] elapsed  5970s eta   191s  n=304  cs run5
[1745/1800] elapsed  5971s eta   188s  n=319  cs run5
[1746/1800] elapsed  5973s eta   184s  n=334  cs run5
[1747/1800] elapsed  5976s eta   181s  n=350  cs run5
[1748/1800] elapsed  5978s eta   177s  n=367  cs run5
[1749/1800] elapsed  5980s eta   174s  n=385  cs run5
[1750/1800] elapsed  5982s eta   171s  n=403  cs run5
[1751/1800] elapsed  5985s eta   167s  n=423  cs run5
[1752/1800] elapsed  5988s eta   164s  n=443  cs run5
[1753/1800] elapsed  5991s eta   160s  n=465  cs run5
[1754/1800] elapsed  5994s eta   157s  n=487  cs run5
[1755/1800] elapsed  5997s eta   153s  n=511  cs run5
[1756/1800] elapsed  6000s eta   150s  n=535  cs run5
[1757/1800] elapsed  6003s eta   146s  n=561  cs run5
[1758/1800] elapsed  6007s eta   143s  n=588  cs run5
[1759/1800] elapsed  6011s eta   140s  n=617  cs run5
[1760/1800] elapsed  6016s eta   136s  n=647  cs run5
[1761/1800] elapsed  6020s eta   133s  n=678  cs run5
[1762/1800] elapsed  6025s eta   130s  n=711  cs run5
[1763/1800] elapsed  6030s eta   126s  n=745  cs run5
[1764/1800] elapsed  6035s eta   123s  n=781  cs run5
[1765/1800] elapsed  6040s eta   119s  n=819  cs run5
[1766/1800] elapsed  6046s eta   116s  n=858  cs run5
[1767/1800] elapsed  6052s eta   113s  n=899  cs run5
[1768/1800] elapsed  6058s eta   109s  n=943  cs run5
[1769/1800] elapsed  6065s eta   106s  n=988  cs run5
[1770/1800] elapsed  6072s eta   102s  n=1036 cs run5
[1771/1800] elapsed  6079s eta    99s  n=1086 cs run5
[1772/1800] elapsed  6087s eta    96s  n=1138 cs run5
[1773/1800] elapsed  6095s eta    92s  n=1193 cs run5
[1774/1800] elapsed  6103s eta    89s  n=1251 cs run5
[1775/1800] elapsed  6112s eta    86s  n=1311 cs run5
[1776/1800] elapsed  6122s eta    82s  n=1374 cs run5
[1777/1800] elapsed  6131s eta    79s  n=1441 cs run5
[1778/1800] elapsed  6142s eta    76s  n=1510 cs run5
[1779/1800] elapsed  6152s eta    72s  n=1583 cs run5
[1780/1800] elapsed  6164s eta    69s  n=1659 cs run5
[1781/1800] elapsed  6176s eta    65s  n=1739 cs run5
[1782/1800] elapsed  6188s eta    62s  n=1823 cs run5
[1783/1800] elapsed  6201s eta    59s  n=1911 cs run5
[1784/1800] elapsed  6215s eta    55s  n=2003 cs run5
[1785/1800] elapsed  6230s eta    52s  n=2100 cs run5
[1786/1800] elapsed  6245s eta    48s  n=2201 cs run5
[1787/1800] elapsed  6261s eta    45s  n=2307 cs run5
[1788/1800] elapsed  6278s eta    42s  n=2418 cs run5
[1789/1800] elapsed  6296s eta    38s  n=2535 cs run5
[1790/1800] elapsed  6315s eta    35s  n=2657 cs run5
[1791/1800] elapsed  6334s eta    31s  n=2785 cs run5
[1792/1800] elapsed  6355s eta    28s  n=2920 cs run5
[1793/1800] elapsed  6377s eta    24s  n=3061 cs run5
[1794/1800] elapsed  6400s eta    21s  n=3208 cs run5
[1795/1800] elapsed  6424s eta    17s  n=3363 cs run5
[1796/1800] elapsed  6449s eta    14s  n=3525 cs run5
[1797/1800] elapsed  6476s eta    10s  n=3695 cs run5
[1798/1800] elapsed  6504s eta     7s  n=3873 cs run5
[1799/1800] elapsed  6534s eta     3s  n=4060 cs run5
[1800/1800] elapsed  6566s eta     0s  n=4096 cs run5
sweep complete: 1800 invocations in 6597s
