[   1/1800] elapsed     0s  n=64   hb run1
[   2/1800] elapsed     0s eta     0s  n=67   hb run1
[   3/1800] elapsed     1s eta   898s  n=70   hb run1
[   4/1800] elapsed     2s eta  1197s  n=74   hb run1
[   5/1800] elapsed     2s eta   897s  n=77   hb run1
[   6/1800] elapsed     3s eta  1076s  n=81   hb run1
[   7/1800] elapsed     4s eta  1195s  n=85   hb run1
[   8/1800] elapsed     5s eta  1280s  n=89   hb run1
[   9/1800] elapsed     5s eta  1119s  n=93   hb run1
[  10/1800] elapsed     6s eta  1193s  n=98   hb run1
[  11/1800] elapsed     7s eta  1252s  n=102  hb run1
[  12/1800] elapsed     8s eta  1300s  n=107  hb run1
[  13/1800] elapsed     9s eta  1340s  n=113  hb run1
[  14/1800] elapsed    10s eta  1373s  n=118  hb run1
[  15/1800] elapsed    11s eta  1402s  n=124  hb run1
[  16/1800] elapsed    11s eta  1308s  n=130  hb run1
[  17/1800] elapsed    12s eta  1337s  n=136  hb run1
[  18/1800] elapsed    13s eta  1362s  n=143  hb run1
[  19/1800] elapsed    14s eta  1385s  n=150  hb run1
[  20/1800] elapsed    15s eta  1405s  n=157  hb run1
[  21/1800] elapsed    17s eta  1512s  n=164  hb run1
[  22/1800] elapsed    18s eta  1524s  n=172  hb run1
[  23/1800] elapsed    19s eta  1534s  n=181  hb run1
[  24/1800] elapsed    20s eta  1544s  n=189  hb run1
[  25/1800] elapsed    22s eta  1627s  n=199  hb run1
[  26/1800] elapsed    23s eta  1632s  n=208  hb run1
[  27/1800] elapsed    25s eta  1704s  n=218  hb run1
[  28/1800] elapsed    27s eta  1772s  n=229  hb run1
[  29/1800] elapsed    29s eta  1834s  n=240  hb run1
[  30/1800] elapsed    31s eta  1892s  n=252  hb run1
[  31/1800] elapsed    33s eta  1945s  n=264  hb run1
[  32/1800] elapsed    35s eta  1996s  n=277  hb run1
[  33/1800] elapsed    38s eta  2098s  n=290  hb run1
[  34/1800] elapsed    40s eta  2140s  n=304  hb run1
[  35/1800] elapsed    43s eta  2232s  n=319  hb run1
[  36/1800] elapsed    45s eta  2268s  n=334  hb run1
[  37/1800] elapsed    48s eta  2350s  n=350  hb run1
[  38/1800] elapsed    51s eta  2428s  n=367  hb run1
[  39/1800] elapsed    53s eta  2456s  n=385  hb run1
[  40/1800] elapsed    56s eta  2527s  n=403  hb run1
[  41/1800] elapsed    60s eta  2638s  n=423  hb run1
[  42/1800] elapsed    64s eta  2744s  n=443  hb run1
[  43/1800] elapsed    67s eta  2802s  n=465  hb run1
[  44/1800] elapsed    71s eta  2899s  n=487  hb run1
[  45/1800] elapsed    75s eta  2991s  n=511  hb run1
[  46/1800] elapsed    79s eta  3079s  n=535  hb run1
[  47/1800] elapsed    83s eta  3163s  n=561  hb run1
[  48/1800] elapsed    88s eta  3280s  n=588  hb run1
[  49/1800] elapsed    93s eta  3392s  n=617  hb run1
[  50/1800] elapsed    98s eta  3500s  n=647  hb run1
[  51/1800] elapsed   104s eta  3637s  n=678  hb run1
[  52/1800] elapsed   111s eta  3804s  n=711  hb run1
[  53/1800] elapsed   118s eta  3964s  n=745  hb run1
[  54/1800] elapsed   124s eta  4084s  n=781  hb run1
[  55/1800] elapsed   133s eta  4297s  n=819  hb run1
[  56/1800] elapsed   139s eta  4407s  n=858  hb run1
[  57/1800] elapsed   148s eta  4606s  n=899  hb run1
[  58/1800] elapsed   154s eta  4706s  n=943  hb run1
[  59/1800] elapsed   166s eta  4982s  n=988  hb run1
[  60/1800] elapsed   173s eta  5102s  n=1036 hb run1
[  61/1800] elapsed   182s eta  5274s  n=1086 hb run1
[  62/1800] elapsed   193s eta  5498s  n=1138 hb run1
[  63/1800] elapsed   202s eta  5659s  n=1193 hb run1
[  64/1800] elapsed   217s eta  5979s  n=1251 hb run1
[  65/1800] elapsed   230s eta  6235s  n=1311 hb run1
[  66/1800] elapsed   241s eta  6429s  n=1374 hb run1
[  67/1800] elapsed   253s eta  6643s  n=1441 hb run1
[  68/1800] elapsed   264s eta  6824s  n=1510 hb run1
[  69/1800] elapsed   283s eta  7204s  n=1583 hb run1
[  70/1800] elapsed   297s eta  7446s  n=1659 hb run1
[  71/1800] elapsed   315s eta  7780s  n=1739 hb run1
[  72/1800] elapsed   334s eta  8128s  n=1823 hb run1
[  73/1800] elapsed   351s eta  8419s  n=1911 hb run1
[  74/1800] elapsed   368s eta  8700s  n=2003 hb run1
[  75/1800] elapsed   389s eta  9067s  n=2100 hb run1
[  76/1800] elapsed   412s eta  9470s  n=2201 hb run1
[  77/1800] elapsed   430s eta  9748s  n=2307 hb run1
[  78/1800] elapsed   451s eta 10086s  n=2418 hb run1
[  79/1800] elapsed   483s eta 10656s  n=2535 hb run1
[  80/1800] elapsed   508s eta 11060s  n=2657 hb run1
[  81/1800] elapsed   532s eta 11431s  n=2785 hb run1
[  82/1800] elapsed   558s eta 11835s  n=2920 hb run1
[  83/1800] elapsed   585s eta 12249s  n=3061 hb run1
[  84/1800] elapsed   614s eta 12694s  n=3208 hb run1
[  85/1800] elapsed   643s eta 13127s  n=3363 hb run1
[  86/1800] elapsed   676s eta 13631s  n=3525 hb run1
[  87/1800] elapsed   710s eta 14142s  n=3695 hb run1
[  88/1800] elapsed   748s eta 14719s  n=3873 hb run1
[  89/1800] elapsed   785s eta 15262s  n=4060 hb run1
[  90/1800] elapsed   823s eta 15812s  n=4096 hb run1
[  91/1800] elapsed   864s eta 16406s  n=64   hs run1
[  92/1800] elapsed   865s eta 16235s  n=67   hs run1
[  93/1800] elapsed   865s eta 16049s  n=70   hs run1
[  94/1800] elapsed   866s eta 15885s  n=74   hs run1
[  95/1800] elapsed   866s eta 15707s  n=77   hs run1
[  96/1800] elapsed   867s eta 15551s  n=81   hs run1
[  97/1800] elapsed   868s eta 15397s  n=85   hs run1
[  98/1800] elapsed   868s eta 15230s  n=89   hs run1
[  99/1800] elapsed   869s eta 15083s  n=93   hs run1
[ 100/1800] elapsed   870s eta 14939s  n=98   hs run1
[ 101/1800] elapsed   871s eta 14798s  n=102  hs run1
[ 102/1800] elapsed   871s eta 14643s  n=107  hs run1
[ 103/1800] elapsed   872s eta 14507s  n=113  hs run1
[ 104/1800] elapsed   873s eta 14374s  n=118  hs run1
[ 105/1800] elapsed   874s eta 14244s  n=124  hs run1
[ 106/1800] elapsed   875s eta 14116s  n=130  hs run1
[ 107/1800] elapsed   876s eta 13991s  n=136  hs run1
[ 108/1800] elapsed   877s eta 13868s  n=143  hs run1
[ 109/1800] elapsed   878s eta 13747s  n=150  hs run1
[ 110/1800] elapsed   879s eta 13628s  n=157  hs run1
[ 111/1800] elapsed   881s eta 13527s  n=164  hs run1
[ 112/1800] elapsed   882s eta 13412s  n=172  hs run1
[ 113/1800] elapsed   884s eta 13315s  n=181  hs run1
[ 114/1800] elapsed   885s eta 13204s  n=189  hs run1
[ 115/1800] elapsed   886s eta 13095s  n=199  hs run1
[ 116/1800] elapsed   889s eta 13018s  n=208  hs run1
[ 117/1800] elapsed   890s eta 12912s  n=218  hs run1
[ 118/1800] elapsed   892s eta 12823s  n=229  hs run1
[ 119/1800] elapsed   893s eta 12721s  n=240  hs run1
[ 120/1800] elapsed   895s eta 12635s  n=252  hs run1
[ 121/1800] elapsed   897s eta 12550s  n=264  hs run1
[ 122/1800] elapsed   900s eta 12480s  n=277  hs run1
[ 123/1800] elapsed   903s eta 12412s  n=290  hs run1
[ 124/1800] elapsed   907s eta 12358s  n=304  hs run1
[ 125/1800] elapsed   909s eta 12278s  n=319  hs run1
[ 126/1800] elapsed   912s eta 12213s  n=334  hs run1
[ 127/1800] elapsed   914s eta 12135s  n=350  hs run1
[ 128/1800] elapsed   918s eta 12085s  n=367  hs run1
[ 129/1800] elapsed   921s eta 12023s  n=385  hs run1
[ 130/1800] elapsed   925s eta 11974s  n=403  hs run1
[ 131/1800] elapsed   929s eta 11926s  n=423  hs run1
[ 132/1800] elapsed   933s eta 11879s  n=443  hs run1
[ 133/1800] elapsed   936s eta 11820s  n=465  hs run1
[ 134/1800] elapsed   942s eta 11799s  n=487  hs run1
[ 135/1800] elapsed   945s eta 11741s  n=511  hs run1
[ 136/1800] elapsed   950s eta 11709s  n=535  hs run1
[ 137/1800] elapsed   955s eta 11677s  n=561  hs run1
[ 138/1800] elapsed   960s eta 11646s  n=588  hs run1
[ 139/1800] elapsed   966s eta 11627s  n=617  hs run1
[ 140/1800] elapsed   972s eta 11608s  n=647  hs run1
[ 141/1800] elapsed   977s eta 11577s  n=678  hs run1
[ 142/1800] elapsed   982s eta 11547s  n=711  hs run1
[ 143/1800] elapsed   988s eta 11528s  n=745  hs run1
[ 144/1800] elapsed   993s eta 11499s  n=781  hs run1
[ 145/1800] elapsed   999s eta 11481s  n=819  hs run1
[ 146/1800] elapsed  1006s eta 11475s  n=858  hs run1
[ 147/1800] elapsed  1014s eta 11480s  n=899  hs run1
[ 148/1800] elapsed  1024s eta 11507s  n=943  hs run1
[ 149/1800] elapsed  1032s eta 11512s  n=988  hs run1
[ 150/1800] elapsed  1040s eta 11516s  n=1036 hs run1
[ 151/1800] elapsed  1048s eta 11521s  n=1086 hs run1
[ 152/1800] elapsed  1058s eta 11546s  n=1138 hs run1
[ 153/1800] elapsed  1067s eta 11561s  n=1193 hs run1
[ 154/1800] elapsed  1077s eta 11586s  n=1251 hs run1
[ 155/1800] elapsed  1087s eta 11611s  n=1311 hs run1
[ 156/1800] elapsed  1097s eta 11635s  n=1374 hs run1
[ 157/1800] elapsed  1108s eta 11669s  n=1441 hs run1
[ 158/1800] elapsed  1120s eta 11713s  n=1510 hs run1
[ 159/1800] elapsed  1133s eta 11767s  n=1583 hs run1
[ 160/1800] elapsed  1146s eta 11820s  n=1659 hs run1
[ 161/1800] elapsed  1160s eta 11882s  n=1739 hs run1
[ 162/1800] elapsed  1175s eta 11954s  n=1823 hs run1
[ 163/1800] elapsed  1191s eta 12034s  n=1911 hs run1
[ 164/1800] elapsed  1209s eta 12134s  n=2003 hs run1
[ 165/1800] elapsed  1227s eta 12232s  n=2100 hs run1
[ 166/1800] elapsed  1245s eta 12329s  n=2201 hs run1
[ 167/1800] elapsed  1265s eta 12444s  n=2307 hs run1
[ 168/1800] elapsed  1286s eta 12567s  n=2418 hs run1
[ 169/1800] elapsed  1314s eta 12756s  n=2535 hs run1
[ 170/1800] elapsed  1347s eta 12991s  n=2657 hs run1
[ 171/1800] elapsed  1371s eta 13137s  n=2785 hs run1
[ 172/1800] elapsed  1397s eta 13300s  n=2920 hs run1
[ 173/1800] elapsed  1423s eta 13460s  n=3061 hs run1
[ 174/1800] elapsed  1452s eta 13647s  n=3208 hs run1
[ 175/1800] elapsed  1482s eta 13840s  n=3363 hs run1
[ 176/1800] elapsed  1518s eta 14087s  n=3525 hs run1
[ 177/1800] elapsed  1551s eta 14302s  n=3695 hs run1
[ 178/1800] elapsed  1585s eta 14524s  n=3873 hs run1
[ 179/1800] elapsed  1622s eta 14771s  n=4060 hs run1
[ 180/1800] elapsed  1665s eta 15068s  n=4096 hs run1
[ 181/1800] elapsed  1707s eta 15353s  n=64   cb run1
[ 182/1800] elapsed  1708s eta 15268s  n=67   cb run1
[ 183/1800] elapsed  1709s eta 15183s  n=70   cb run1
[ 184/1800] elapsed  1710s eta 15100s  n=74   cb run1
[ 185/1800] elapsed  1710s eta 15008s  n=77   cb run1
[ 186/1800] elapsed  1711s eta 14927s  n=81   cb run1
[ 187/1800] elapsed  1712s eta 14846s  n=85   cb run1
[ 188/1800] elapsed  1713s eta 14766s  n=89   cb run1
[ 189/1800] elapsed  1714s eta 14687s  n=93   cb run1
[ 190/1800] elapsed  1714s eta 14600s  n=98   cb run1
[ 191/1800] elapsed  1715s eta 14523s  n=102  cb run1
[ 192/1800] elapsed  1717s eta 14455s  n=107  cb run1
[ 193/1800] elapsed  1718s eta 14379s  n=113  cb run1
[ 194/1800] elapsed  1719s eta 14304s  n=118  cb run1
[ 195/1800] elapsed  1720s eta 14229s  n=124  cb run1
[ 196/1800] elapsed  1721s eta 14156s  n=130  cb run1
[ 197/1800] elapsed  1722s eta 14083s  n=136  cb run1
[ 198/1800] elapsed  1724s eta 14019s  n=143  cb run1
[ 199/1800] elapsed  1725s eta 13948s  n=150  cb run1
[ 200/1800] elapsed  1726s eta 13877s  n=157  cb run1
[ 201/1800] elapsed  1727s eta 13807s  n=164  cb run1
[ 202/1800] elapsed  1729s eta 13745s  n=172  cb run1
[ 203/1800] elapsed  1731s eta 13685s  n=181  cb run1
[ 204/1800] elapsed  1732s eta 13617s  n=189  cb run1
[ 205/1800] elapsed  1734s eta 13557s  n=199  cb run1
[ 206/1800] elapsed  1736s eta 13498s  n=208  cb run1
[ 207/1800] elapsed  1738s eta 13439s  n=218  cb run1
[ 208/1800] elapsed  1740s eta 13382s  n=229  cb run1
[ 209/1800] elapsed  1742s eta 13324s  n=240  cb run1
[ 210/1800] elapsed  1744s eta 13267s  n=252  cb run1
[ 211/1800] elapsed  1746s eta 13211s  n=264  cb run1
[ 212/1800] elapsed  1749s eta 13163s  n=277  cb run1
[ 213/1800] elapsed  1751s eta 13107s  n=290  cb run1
[ 214/1800] elapsed  1753s eta 13052s  n=304  cb run1
[ 215/1800] elapsed  1756s eta 13005s  n=319  cb run1
[ 216/1800] elapsed  1758s eta 12951s  n=334  cb run1
[ 217/1800] elapsed  1762s eta 12913s  n=350  cb run1
[ 218/1800] elapsed  1765s eta 12867s  n=367  cb run1
[ 219/1800] elapsed  1768s eta 12822s  n=385  cb run1
[ 220/1800] elapsed  1772s eta 12784s  n=403  cb run1
[ 221/1800] elapsed  1775s eta 12739s  n=423  cb run1
[ 222/1800] elapsed  1780s eta 12709s  n=443  cb run1
[ 223/1800] elapsed  1784s eta 12672s  n=465  cb run1
[ 224/1800] elapsed  1788s eta 12636s  n=487  cb run1
[ 225/1800] elapsed  1792s eta 12600s  n=511  cb run1
[ 226/1800] elapsed  1796s eta 12564s  n=535  cb run1
[ 227/1800] elapsed  1802s eta 12542s  n=561  cb run1
[ 228/1800] elapsed  1807s eta 12513s  n=588  cb run1
[ 229/1800] elapsed  1814s eta 12499s  n=617  cb run1
[ 230/1800] elapsed  1819s eta 12470s  n=647  cb run1
[ 231/1800] elapsed  1826s eta 12456s  n=678  cb run1
[ 232/1800] elapsed  1831s eta 12428s  n=711  cb run1
[ 233/1800] elapsed  1839s eta 12421s  n=745  cb run1
[ 234/1800] elapsed  1845s eta 12400s  n=781  cb run1
[ 235/1800] elapsed  1851s eta 12379s  n=819  cb run1
[ 236/1800] elapsed  1859s eta 12372s  n=858  cb run1
[ 237/1800] elapsed  1866s eta 12358s  n=899  cb run1
[ 238/1800] elapsed  1873s eta 12344s  n=943  cb run1
[ 239/1800] elapsed  1880s eta 12330s  n=988  cb run1
[ 240/1800] elapsed  1890s eta 12336s  n=1036 cb run1
[ 241/1800] elapsed  1901s eta 12348s  n=1086 cb run1
[ 242/1800] elapsed  1910s eta 12347s  n=1138 cb run1
[ 243/1800] elapsed  1919s eta 12346s  n=1193 cb run1
[ 244/1800] elapsed  1929s eta 12351s  n=1251 cb run1
[ 245/1800] elapsed  1940s eta 12363s  n=1311 cb run1
[ 246/1800] elapsed  1950s eta 12368s  n=1374 cb run1
[ 247/1800] elapsed  1962s eta 12386s  n=1441 cb run1
[ 248/1800] elapsed  1974s eta 12403s  n=1510 cb run1
[ 249/1800] elapsed  1987s eta 12426s  n=1583 cb run1
[ 250/1800] elapsed  2004s eta 12474s  n=1659 cb run1
[ 251/1800] elapsed  2018s eta 12503s  n=1739 cb run1
[ 252/1800] elapsed  2035s eta 12550s  n=1823 cb run1
[ 253/1800] elapsed  2050s eta 12584s  n=1911 cb run1
[ 254/1800] elapsed  2067s eta 12630s  n=2003 cb run1
[ 255/1800] elapsed  2092s eta 12724s  n=2100 cb run1
[ 256/1800] elapsed  2115s eta 12806s  n=2201 cb run1
[ 257/1800] elapsed  2135s eta 12868s  n=2307 cb run1
[ 258/1800] elapsed  2155s eta 12930s  n=2418 cb run1
[ 259/1800] elapsed  2180s eta 13020s  n=2535 cb run1
[ 260/1800] elapsed  2205s eta 13110s  n=2657 cb run1
[ 261/1800] elapsed  2229s eta 13193s  n=2785 cb run1
[ 262/1800] elapsed  2254s eta 13282s  n=2920 cb run1
[ 263/1800] elapsed  2281s eta 13381s  n=3061 cb run1
[ 264/1800] elapsed  2312s eta 13502s  n=3208 cb run1
[ 265/1800] elapsed  2342s eta 13617s  n=3363 cb run1
[ 266/1800] elapsed  2375s eta 13748s  n=3525 cb run1
[ 267/1800] elapsed  2412s eta 13900s  n=3695 cb run1
[ 268/1800] elapsed  2460s eta 14115s  n=3873 cb run1
[ 269/1800] elapsed  2509s eta 14333s  n=4060 cb run1
[ 270/1800] elapsed  2548s eta 14492s  n=4096 cb run1
[ 271/1800] elapsed  2588s eta 14655s  n=64   cs run1
[ 272/1800] elapsed  2588s eta 14592s  n=67   cs run1
[ 273/1800] elapsed  2589s eta 14534s  n=70   cs run1
[ 274/1800] elapsed  2590s eta 14477s  n=74   cs run1
[ 275/1800] elapsed  2591s eta 14420s  n=77   cs run1
[ 276/1800] elapsed  2592s eta 14364s  n=81   cs run1
[ 277/1800] elapsed  2593s eta 14308s  n=85   cs run1
[ 278/1800] elapsed  2594s eta 14252s  n=89   cs run1
[ 279/1800] elapsed  2595s eta 14197s  n=93   cs run1
[ 280/1800] elapsed  2595s eta 14137s  n=98   cs run1
[ 281/1800] elapsed  2597s eta 14088s  n=102  cs run1
[ 282/1800] elapsed  2598s eta 14034s  n=107  cs run1
[ 283/1800] elapsed  2599s eta 13981s  n=113  cs run1
[ 284/1800] elapsed  2600s eta 13927s  n=118  cs run1
[ 285/1800] elapsed  2601s eta 13875s  n=124  cs run1
[ 286/1800] elapsed  2602s eta 13822s  n=130  cs run1
[ 287/1800] elapsed  2603s eta 13770s  n=136  cs run1
[ 288/1800] elapsed  2604s eta 13718s  n=143  cs run1
[ 289/1800] elapsed  2606s eta 13672s  n=150  cs run1
[ 290/1800] elapsed  2607s eta 13621s  n=157  cs run1
[ 291/1800] elapsed  2608s eta 13570s  n=164  cs run1
[ 292/1800] elapsed  2610s eta 13525s  n=172  cs run1
[ 293/1800] elapsed  2611s eta 13475s  n=181  cs run1
[ 294/1800] elapsed  2613s eta 13430s  n=189  cs run1
[ 295/1800] elapsed  2614s eta 13381s  n=199  cs run1
[ 296/1800] elapsed  2617s eta 13342s  n=208  cs run1
[ 297/1800] elapsed  2619s eta 13298s  n=218  cs run1
[ 298/1800] elapsed  2621s eta 13255s  n=229  cs run1
[ 299/1800] elapsed  2623s eta 13211s  n=240  cs run1
[ 300/1800] elapsed  2625s eta 13168s  n=252  cs run1
[ 301/1800] elapsed  2628s eta 13131s  n=264  cs run1
[ 302/1800] elapsed  2630s eta 13088s  n=277  cs run1
[ 303/1800] elapsed  2633s eta 13051s  n=290  cs run1
[ 304/1800] elapsed  2637s eta 13019s  n=304  cs run1
[ 305/1800] elapsed  2640s eta 12982s  n=319  cs run1
[ 306/1800] elapsed  2643s eta 12946s  n=334  cs run1
[ 307/1800] elapsed  2646s eta 12910s  n=350  cs run1
[ 308/1800] elapsed  2650s eta 12878s  n=367  cs run1
[ 309/1800] elapsed  2654s eta 12847s  n=385  cs run1
[ 310/1800] elapsed  2658s eta 12816s  n=403  cs run1
[ 311/1800] elapsed  2662s eta 12786s  n=423  cs run1
[ 312/1800] elapsed  2665s eta 12750s  n=443  cs run1
[ 313/1800] elapsed  2671s eta 12730s  n=465  cs run1
[ 314/1800] elapsed  2675s eta 12699s  n=487  cs run1
[ 315/1800] elapsed  2679s eta 12669s  n=511  cs run1
[ 316/1800] elapsed  2683s eta 12639s  n=535  cs run1
[ 317/1800] elapsed  2688s eta 12614s  n=561  cs run1
[ 318/1800] elapsed  2693s eta 12589s  n=588  cs run1
[ 319/1800] elapsed  2700s eta 12574s  n=617  cs run1
[ 320/1800] elapsed  2707s eta 12559s  n=647  cs run1
[ 321/1800] elapsed  2715s eta 12548s  n=678  cs run1
[ 322/1800] elapsed  2722s eta 12533s  n=711  cs run1
[ 323/1800] elapsed  2728s eta 12513s  n=745  cs run1
[ 324/1800] elapsed  2734s eta 12493s  n=781  cs run1
[ 325/1800] elapsed  2743s eta 12487s  n=819  cs run1
[ 326/1800] elapsed  2749s eta 12467s  n=858  cs run1
[ 327/1800] elapsed  2756s eta 12452s  n=899  cs run1
[ 328/1800] elapsed  2764s eta 12442s  n=943  cs run1
[ 329/1800] elapsed  2772s eta 12431s  n=988  cs run1
[ 330/1800] elapsed  2780s eta 12421s  n=1036 cs run1
[ 331/1800] elapsed  2788s eta 12410s  n=1086 cs run1
[ 332/1800] elapsed  2797s eta 12404s  n=1138 cs run1
[ 333/1800] elapsed  2807s eta 12403s  n=1193 cs run1
[ 334/1800] elapsed  2817s eta 12401s  n=1251 cs run1
[ 335/1800] elapsed  2827s eta 12399s  n=1311 cs run1
[ 336/1800] elapsed  2838s eta 12402s  n=1374 cs run1
[ 337/1800] elapsed  2850s eta 12409s  n=1441 cs run1
[ 338/1800] elapsed  2862s eta 12416s  n=1510 cs run1
[ 339/1800] elapsed  2875s eta 12427s  n=1583 cs run1
[ 340/1800] elapsed  2889s eta 12442s  n=1659 cs run1
[ 341/1800] elapsed  2903s eta 12457s  n=1739 cs run1
[ 342/1800] elapsed  2918s eta 12476s  n=1823 cs run1
[ 343/1800] elapsed  2934s eta 12499s  n=1911 cs run1
[ 344/1800] elapsed  2950s eta 12522s  n=2003 cs run1
[ 345/1800] elapsed  2968s eta 12553s  n=2100 cs run1
[ 346/1800] elapsed  2986s eta 12584s  n=2201 cs run1
[ 347/1800] elapsed  3006s eta 12623s  n=2307 cs run1
[ 348/1800] elapsed  3027s eta 12666s  n=2418 cs run1
[ 349/1800] elapsed  3048s eta 12708s  n=2535 cs run1
[ 350/1800] elapsed  3073s eta 12767s  n=2657 cs run1
[ 351/1800] elapsed  3097s eta 12821s  n=2785 cs run1
[ 352/1800] elapsed  3123s eta 12883s  n=2920 cs run1
[ 353/1800] elapsed  3150s eta 12949s  n=3061 cs run1
[ 354/1800] elapsed  3180s eta 13026s  n=3208 cs run1
[ 355/1800] elapsed  3213s eta 13115s  n=3363 cs run1
[ 356/1800] elapsed  3244s eta 13195s  n=3525 cs run1
[ 357/1800] elapsed  3283s eta 13307s  n=3695 cs run1
[ 358/1800] elapsed  3322s eta 13418s  n=3873 cs run1
[ 359/1800] elapsed  3360s eta 13524s  n=4060 cs run1
[ 360/1800] elapsed  3399s eta 13633s  n=4096 cs run1
[ 361/1800] elapsed  3438s eta 13742s  n=64   hb run2
[ 362/1800] elapsed  3439s eta 13698s  n=67   hb run2
[ 363/1800] elapsed  3439s eta 13651s  n=70   hb run2
[ 364/1800] elapsed  3439s eta 13604s  n=74   hb run2
[ 365/1800] elapsed  3440s eta 13561s  n=77   hb run2
[ 366/1800] elapsed  3441s eta 13518s  n=81   hb run2
[ 367/1800] elapsed  3441s eta 13472s  n=85   hb run2
[ 368/1800] elapsed  3442s eta 13430s  n=89   hb run2
[ 369/1800] elapsed  3443s eta 13388s  n=93   hb run2
[ 370/1800] elapsed  3444s eta 13346s  n=98   hb run2
[ 371/1800] elapsed  3444s eta 13301s  n=102  hb run2
[ 372/1800] elapsed  3445s eta 13260s  n=107  hb run2
[ 373/1800] elapsed  3446s eta 13218s  n=113  hb run2
[ 374/1800] elapsed  3447s eta 13178s  n=118  hb run2
[ 375/1800] elapsed  3447s eta 13133s  n=124  hb run2
[ 376/1800] elapsed  3448s eta 13093s  n=130  hb run2
[ 377/1800] elapsed  3449s eta 13052s  n=136  hb run2
[ 378/1800] elapsed  3450s eta 13012s  n=143  hb run2
[ 379/1800] elapsed  3451s eta 12973s  n=150  hb run2
[ 380/1800] elapsed  3452s eta 12933s  n=157  hb run2
[ 381/1800] elapsed  3454s eta 12897s  n=164  hb run2
[ 382/1800] elapsed  3455s eta 12858s  n=172  hb run2
[ 383/1800] elapsed  3457s eta 12823s  n=181  hb run2
[ 384/1800] elapsed  3458s eta 12784s  n=189  hb run2
[ 385/1800] elapsed  3459s eta 12746s  n=199  hb run2
[ 386/1800] elapsed  3461s eta 12711s  n=208  hb run2
[ 387/1800] elapsed  3463s eta 12676s  n=218  hb run2
[ 388/1800] elapsed  3465s eta 12642s  n=229  hb run2
[ 389/1800] elapsed  3466s eta 12604s  n=240  hb run2
[ 390/1800] elapsed  3468s eta 12570s  n=252  hb run2
[ 391/1800] elapsed  3470s eta 12536s  n=264  hb run2
[ 392/1800] elapsed  3472s eta 12502s  n=277  hb run2
[ 393/1800] elapsed  3474s eta 12469s  n=290  hb run2
[ 394/1800] elapsed  3478s eta 12442s  n=304  hb run2
[ 395/1800] elapsed  3481s eta 12413s  n=319  hb run2
[ 396/1800] elapsed  3483s eta 12380s  n=334  hb run2
[ 397/1800] elapsed  3486s eta 12350s  n=350  hb run2
[ 398/1800] elapsed  3489s eta 12321s  n=367  hb run2
[ 399/1800] elapsed  3493s eta 12295s  n=385  hb run2
[ 400/1800] elapsed  3496s eta 12266s  n=403  hb run2
[ 401/1800] elapsed  3500s eta 12241s  n=423  hb run2
[ 402/1800] elapsed  3505s eta 12219s  n=443  hb run2
[ 403/1800] elapsed  3508s eta 12190s  n=465  hb run2
[ 404/1800] elapsed  3513s eta 12169s  n=487  hb run2
[ 405/1800] elapsed  3516s eta 12140s  n=511  hb run2
[ 406/1800] elapsed  3521s eta 12119s  n=535  hb run2
[ 407/1800] elapsed  3525s eta 12094s  n=561  hb run2
[ 408/1800] elapsed  3529s eta 12069s  n=588  hb run2
[ 409/1800] elapsed  3534s eta 12048s  n=617  hb run2
[ 410/1800] elapsed  3539s eta 12027s  n=647  hb run2
[ 411/1800] elapsed  3544s eta 12006s  n=678  hb run2
[ 412/1800] elapsed  3550s eta 11988s  n=711  hb run2
[ 413/1800] elapsed  3556s eta 11971s  n=745  hb run2
[ 414/1800] elapsed  3563s eta 11957s  n=781  hb run2
[ 415/1800] elapsed  3572s eta 11949s  n=819  hb run2
[ 416/1800] elapsed  3581s eta 11942s  n=858  hb run2
[ 417/1800] elapsed  3588s eta 11928s  n=899  hb run2
[ 418/1800] elapsed  3595s eta 11914s  n=943  hb run2
[ 419/1800] elapsed  3603s eta 11903s  n=988  hb run2
[ 420/1800] elapsed  3611s eta 11893s  n=1036 hb run2
[ 421/1800] elapsed  3620s eta 11885s  n=1086 hb run2
[ 422/1800] elapsed  3633s eta 11891s  n=1138 hb run2
[ 423/1800] elapsed  3642s eta 11883s  n=1193 hb run2
[ 424/1800] elapsed  3653s eta 11883s  n=1251 hb run2
[ 425/1800] elapsed  3668s eta 11895s  n=1311 hb run2
[ 426/1800] elapsed  3679s eta 11893s  n=1374 hb run2
[ 427/1800] elapsed  3692s eta 11899s  n=1441 hb run2
[ 428/1800] elapsed  3710s eta 11920s  n=1510 hb run2
[ 429/1800] elapsed  3722s eta 11922s  n=1583 hb run2
[ 430/1800] elapsed  3736s eta 11930s  n=1659 hb run2
[ 431/1800] elapsed  3756s eta 11958s  n=1739 hb run2
[ 432/1800] elapsed  3774s eta 11978s  n=1823 hb run2
[ 433/1800] elapsed  3791s eta 11996s  n=1911 hb run2
[ 434/1800] elapsed  3812s eta 12025s  n=2003 hb run2
[ 435/1800] elapsed  3837s eta 12067s  n=2100 hb run2
[ 436/1800] elapsed  3861s eta 12106s  n=2201 hb run2
[ 437/1800] elapsed  3883s eta 12138s  n=2307 hb run2
[ 438/1800] elapsed  3910s eta 12186s  n=2418 hb run2
[ 439/1800] elapsed  3932s eta 12217s  n=2535 hb run2
[ 440/1800] elapsed  3957s eta 12258s  n=2657 hb run2
[ 441/1800] elapsed  3982s eta 12298s  n=2785 hb run2
[ 442/1800] elapsed  4007s eta 12339s  n=2920 hb run2
[ 443/1800] elapsed  4034s eta 12384s  n=3061 hb run2
[ 444/1800] elapsed  4062s eta 12433s  n=3208 hb run2
[ 445/1800] elapsed  4092s eta 12487s  n=3363 hb run2
[ 446/1800] elapsed  4123s eta 12545s  n=3525 hb run2
[ 447/1800] elapsed  4159s eta 12616s  n=3695 hb run2
[ 448/1800] elapsed  4200s eta 12703s  n=3873 hb run2
[ 449/1800] elapsed  4239s eta 12783s  n=4060 hb run2
[ 450/1800] elapsed  4280s eta 12868s  n=4096 hb run2
[ 451/1800] elapsed  4319s eta 12947s  n=64   hs run2
[ 452/1800] elapsed  4320s eta 12912s  n=67   hs run2
[ 453/1800] elapsed  4320s eta 12873s  n=70   hs run2
[ 454/1800] elapsed  4321s eta 12838s  n=74   hs run2
[ 455/1800] elapsed  4321s eta 12801s  n=77   hs run2
[ 456/1800] elapsed  4322s eta 12766s  n=81   hs run2
[ 457/1800] elapsed  4322s eta 12729s  n=85   hs run2
[ 458/1800] elapsed  4323s eta 12694s  n=89   hs run2
[ 459/1800] elapsed  4324s eta 12660s  n=93   hs run2
[ 460/1800] elapsed  4325s eta 12626s  n=98   hs run2
[ 461/1800] elapsed  4325s eta 12589s  n=102  hs run2
[ 462/1800] elapsed  4326s eta 12555s  n=107  hs run2
[ 463/1800] elapsed  4327s eta 12522s  n=113  hs run2
[ 464/1800] elapsed  4328s eta 12488s  n=118  hs run2
[ 465/1800] elapsed  4329s eta 12455s  n=124  hs run2
[ 466/1800] elapsed  4330s eta 12421s  n=130  hs run2
[ 467/1800] elapsed  4331s eta 12388s  n=136  hs run2
[ 468/1800] elapsed  4332s eta 12355s  n=143  hs run2
[ 469/1800] elapsed  4333s eta 12323s  n=150  hs run2
[ 470/1800] elapsed  4335s eta 12293s  n=157  hs run2
[ 471/1800] elapsed  4336s eta 12260s  n=164  hs run2
[ 472/1800] elapsed  4338s eta 12231s  n=172  hs run2
[ 473/1800] elapsed  4339s eta 12198s  n=181  hs run2
[ 474/1800] elapsed  4341s eta 12169s  n=189  hs run2
[ 475/1800] elapsed  4342s eta 12137s  n=199  hs run2
[ 476/1800] elapsed  4344s eta 12108s  n=208  hs run2
[ 477/1800] elapsed  4346s eta 12079s  n=218  hs run2
[ 478/1800] elapsed  4347s eta 12047s  n=229  hs run2
[ 479/1800] elapsed  4349s eta 12018s  n=240  hs run2
[ 480/1800] elapsed  4352s eta 11992s  n=252  hs run2
[ 481/1800] elapsed  4354s eta 11964s  n=264  hs run2
[ 482/1800] elapsed  4356s eta 11935s  n=277  hs run2
[ 483/1800] elapsed  4358s eta 11907s  n=290  hs run2
[ 484/1800] elapsed  4361s eta 11882s  n=304  hs run2
[ 485/1800] elapsed  4363s eta 11854s  n=319  hs run2
[ 486/1800] elapsed  4367s eta 11831s  n=334  hs run2
[ 487/1800] elapsed  4369s eta 11803s  n=350  hs run2
[ 488/1800] elapsed  4373s eta 11781s  n=367  hs run2
[ 489/1800] elapsed  4376s eta 11756s  n=385  hs run2
[ 490/1800] elapsed  4380s eta 11733s  n=403  hs run2
[ 491/1800] elapsed  4383s eta 11708s  n=423  hs run2
[ 492/1800] elapsed  4387s eta 11686s  n=443  hs run2
[ 493/1800] elapsed  4392s eta 11667s  n=465  hs run2
[ 494/1800] elapsed  4395s eta 11642s  n=487  hs run2
[ 495/1800] elapsed  4399s eta 11620s  n=511  hs run2
[ 496/1800] elapsed  4403s eta 11599s  n=535  hs run2
[ 497/1800] elapsed  4407s eta 11577s  n=561  hs run2
[ 498/1800] elapsed  4414s eta 11563s  n=588  hs run2
[ 499/1800] elapsed  4419s eta 11544s  n=617  hs run2
[ 500/1800] elapsed  4425s eta 11528s  n=647  hs run2
[ 501/1800] elapsed  4433s eta 11516s  n=678  hs run2
[ 502/1800] elapsed  4438s eta 11498s  n=711  hs run2
[ 503/1800] elapsed  4446s eta 11486s  n=745  hs run2
[ 504/1800] elapsed  4452s eta 11470s  n=781  hs run2
[ 505/1800] elapsed  4458s eta 11454s  n=819  hs run2
[ 506/1800] elapsed  4466s eta 11443s  n=858  hs run2
[ 507/1800] elapsed  4473s eta 11430s  n=899  hs run2
[ 508/1800] elapsed  4480s eta 11416s  n=943  hs run2
[ 509/1800] elapsed  4487s eta 11402s  n=988  hs run2
[ 510/1800] elapsed  4495s eta 11392s  n=1036 hs run2
[ 511/1800] elapsed  4503s eta 11381s  n=1086 hs run2
[ 512/1800] elapsed  4513s eta 11375s  n=1138 hs run2
[ 513/1800] elapsed  4522s eta 11366s  n=1193 hs run2
[ 514/1800] elapsed  4533s eta 11363s  n=1251 hs run2
[ 515/1800] elapsed  4544s eta 11360s  n=1311 hs run2
[ 516/1800] elapsed  4555s eta 11356s  n=1374 hs run2
[ 517/1800] elapsed  4568s eta 11358s  n=1441 hs run2
[ 518/1800] elapsed  4580s eta 11356s  n=1510 hs run2
[ 519/1800] elapsed  4593s eta 11358s  n=1583 hs run2
[ 520/1800] elapsed  4606s eta 11359s  n=1659 hs run2
[ 521/1800] elapsed  4620s eta 11363s  n=1739 hs run2
[ 522/1800] elapsed  4636s eta 11371s  n=1823 hs run2
[ 523/1800] elapsed  4652s eta 11380s  n=1911 hs run2
[ 524/1800] elapsed  4677s eta 11410s  n=2003 hs run2
[ 525/1800] elapsed  4694s eta 11421s  n=2100 hs run2
[ 526/1800] elapsed  4718s eta 11449s  n=2201 hs run2
[ 527/1800] elapsed  4739s eta 11469s  n=2307 hs run2
[ 528/1800] elapsed  4764s eta 11498s  n=2418 hs run2
[ 529/1800] elapsed  4788s eta 11525s  n=2535 hs run2
[ 530/1800] elapsed  4812s eta 11552s  n=2657 hs run2
[ 531/1800] elapsed  4838s eta 11583s  n=2785 hs run2
[ 532/1800] elapsed  4873s eta 11636s  n=2920 hs run2
[ 533/1800] elapsed  4901s eta 11672s  n=3061 hs run2
[ 534/1800] elapsed  4929s eta 11707s  n=3208 hs run2
[ 535/1800] elapsed  4966s eta 11764s  n=3363 hs run2
[ 536/1800] elapsed  4997s eta 11805s  n=3525 hs run2
[ 537/1800] elapsed  5043s eta 11883s  n=3695 hs run2
[ 538/1800] elapsed  5078s eta 11933s  n=3873 hs run2
[ 539/1800] elapsed  5115s eta 11988s  n=4060 hs run2
[ 540/1800] elapsed  5157s eta 12055s  n=4096 hs run2
[ 541/1800] elapsed  5197s eta 12116s  n=64   cb run2
[ 542/1800] elapsed  5198s eta 12087s  n=67   cb run2
[ 543/1800] elapsed  5199s eta 12057s  n=70   cb run2
[ 544/1800] elapsed  5199s eta 12025s  n=74   cb run2
[ 545/1800] elapsed  5200s eta 11996s  n=77   cb run2
[ 546/1800] elapsed  5201s eta 11967s  n=81   cb run2
[ 547/1800] elapsed  5202s eta 11937s  n=85   cb run2
[ 548/1800] elapsed  5203s eta 11908s  n=89   cb run2
[ 549/1800] elapsed  5204s eta 11879s  n=93   cb run2
[ 550/1800] elapsed  5205s eta 11851s  n=98   cb run2
[ 551/1800] elapsed  5206s eta 11822s  n=102  cb run2
[ 552/1800] elapsed  5207s eta 11793s  n=107  cb run2
[ 553/1800] elapsed  5208s eta 11765s  n=113  cb run2
[ 554/1800] elapsed  5209s eta 11736s  n=118  cb run2
[ 555/1800] elapsed  5210s eta 11708s  n=124  cb run2
[ 556/1800] elapsed  5211s eta 11680s  n=130  cb run2
[ 557/1800] elapsed  5212s eta 11652s  n=136  cb run2
[ 558/1800] elapsed  5214s eta 11626s  n=143  cb run2
[ 559/1800] elapsed  5215s eta 11598s  n=150  cb run2
[ 560/1800] elapsed  5216s eta 11570s  n=157  cb run2
[ 561/1800] elapsed  5218s eta 11544s  n=164  cb run2
[ 562/1800] elapsed  5219s eta 11517s  n=172  cb run2
[ 563/1800] elapsed  5221s eta 11491s  n=181  cb run2
[ 564/1800] elapsed  5223s eta 11466s  n=189  cb run2
[ 565/1800] elapsed  5225s eta 11441s  n=199  cb run2
[ 566/1800] elapsed  5227s eta 11416s  n=208  cb run2
[ 567/1800] elapsed  5229s eta 11391s  n=218  cb run2
[ 568/1800] elapsed  5231s eta 11366s  n=229  cb run2
[ 569/1800] elapsed  5234s eta 11343s  n=240  cb run2
[ 570/1800] elapsed  5236s eta 11318s  n=252  cb run2
[ 571/1800] elapsed  5239s eta 11296s  n=264  cb run2
[ 572/1800] elapsed  5241s eta 11271s  n=277  cb run2
[ 573/1800] elapsed  5245s eta 11251s  n=290  cb run2
[ 574/1800] elapsed  5247s eta 11226s  n=304  cb run2
[ 575/1800] elapsed  5250s eta 11204s  n=319  cb run2
[ 576/1800] elapsed  5254s eta 11184s  n=334  cb run2
[ 577/1800] elapsed  5256s eta 11159s  n=350  cb run2
[ 578/1800] elapsed  5260s eta 11139s  n=367  cb run2
[ 579/1800] elapsed  5263s eta 11117s  n=385  cb run2
[ 580/1800] elapsed  5267s eta 11097s  n=403  cb run2
[ 581/1800] elapsed  5270s eta 11076s  n=423  cb run2
[ 582/1800] elapsed  5273s eta 11054s  n=443  cb run2
[ 583/1800] elapsed  5278s eta 11036s  n=465  cb run2
[ 584/1800] elapsed  5282s eta 11017s  n=487  cb run2
[ 585/1800] elapsed  5288s eta 11001s  n=511  cb run2
[ 586/1800] elapsed  5293s eta 10984s  n=535  cb run2
[ 587/1800] elapsed  5297s eta 10964s  n=561  cb run2
[ 588/1800] elapsed  5303s eta 10949s  n=588  cb run2
[ 589/1800] elapsed  5308s eta 10931s  n=617  cb run2
[ 590/1800] elapsed  5316s eta 10920s  n=647  cb run2
[ 591/1800] elapsed  5322s eta 10905s  n=678  cb run2
[ 592/1800] elapsed  5328s eta 10890s  n=711  cb run2
[ 593/1800] elapsed  5334s eta 10875s  n=745  cb run2
[ 594/1800] elapsed  5342s eta 10864s  n=781  cb run2
[ 595/1800] elapsed  5348s eta 10849s  n=819  cb run2
[ 596/1800] elapsed  5355s eta 10836s  n=858  cb run2
[ 597/1800] elapsed  5362s eta 10822s  n=899  cb run2
[ 598/1800] elapsed  5372s eta 10815s  n=943  cb run2
[ 599/1800] elapsed  5380s eta 10804s  n=988  cb run2
[ 600/1800] elapsed  5390s eta 10797s  n=1036 cb run2
[ 601/1800] elapsed  5401s eta 10792s  n=1086 cb run2
[ 602/1800] elapsed  5409s eta 10782s  n=1138 cb run2
[ 603/1800] elapsed  5422s eta 10780s  n=1193 cb run2
[ 604/1800] elapsed  5432s eta 10773s  n=1251 cb run2
[ 605/1800] elapsed  5442s eta 10766s  n=1311 cb run2
[ 606/1800] elapsed  5454s eta 10763s  n=1374 cb run2
[ 607/1800] elapsed  5466s eta 10760s  n=1441 cb run2
[ 608/1800] elapsed  5478s eta 10757s  n=1510 cb run2
[ 609/1800] elapsed  5491s eta 10756s  n=1583 cb run2
[ 610/1800] elapsed  5505s eta 10756s  n=1659 cb run2
[ 611/1800] elapsed  5520s eta 10759s  n=1739 cb run2
[ 612/1800] elapsed  5534s eta 10760s  n=1823 cb run2
[ 613/1800] elapsed  5550s eta 10764s  n=1911 cb run2
[ 614/1800] elapsed  5572s eta 10780s  n=2003 cb run2
[ 615/1800] elapsed  5597s eta 10802s  n=2100 cb run2
[ 616/1800] elapsed  5616s eta 10811s  n=2201 cb run2
[ 617/1800] elapsed  5636s eta 10823s  n=2307 cb run2
[ 618/1800] elapsed  5656s eta 10835s  n=2418 cb run2
[ 619/1800] elapsed  5678s eta 10850s  n=2535 cb run2
[ 620/1800] elapsed  5702s eta 10869s  n=2657 cb run2
[ 621/1800] elapsed  5727s eta 10890s  n=2785 cb run2
[ 622/1800] elapsed  5752s eta 10911s  n=2920 cb run2
[ 623/1800] elapsed  5781s eta 10939s  n=3061 cb run2
[ 624/1800] elapsed  5814s eta 10974s  n=3208 cb run2
[ 625/1800] elapsed  5844s eta 11004s  n=3363 cb run2
[ 626/1800] elapsed  5876s eta 11037s  n=3525 cb run2
[ 627/1800] elapsed  5910s eta 11074s  n=3695 cb run2
[ 628/1800] elapsed  5946s eta 11114s  n=3873 cb run2
[ 629/1800] elapsed  5983s eta 11156s  n=4060 cb run2
[ 630/1800] elapsed  6022s eta 11201s  n=4096 cb run2
[ 631/1800] elapsed  6063s eta 11250s  n=64   cs run2
[ 632/1800] elapsed  6064s eta 11224s  n=67   cs run2
[ 633/1800] elapsed  6064s eta 11197s  n=70   cs run2
[ 634/1800] elapsed  6065s eta 11171s  n=74   cs run2
[ 635/1800] elapsed  6066s eta 11146s  n=77   cs run2
[ 636/1800] elapsed  6067s eta 11121s  n=81   cs run2
[ 637/1800] elapsed  6068s eta 11096s  n=85   cs run2
[ 638/1800] elapsed  6069s eta 11070s  n=89   cs run2
[ 639/1800] elapsed  6070s eta 11045s  n=93   cs run2
[ 640/1800] elapsed  6070s eta 11019s  n=98   cs run2
[ 641/1800] elapsed  6071s eta 10994s  n=102  cs run2
[ 642/1800] elapsed  6072s eta 10969s  n=107  cs run2
[ 643/1800] elapsed  6073s eta 10944s  n=113  cs run2
[ 644/1800] elapsed  6074s eta 10919s  n=118  cs run2
[ 645/1800] elapsed  6076s eta 10897s  n=124  cs run2
[ 646/1800] elapsed  6077s eta 10872s  n=130  cs run2
[ 647/1800] elapsed  6078s eta 10848s  n=136  cs run2
[ 648/1800] elapsed  6079s eta 10823s  n=143  cs run2
[ 649/1800] elapsed  6081s eta 10801s  n=150  cs run2
[ 650/1800] elapsed  6082s eta 10777s  n=157  cs run2
[ 651/1800] elapsed  6084s eta 10754s  n=164  cs run2
[ 652/1800] elapsed  6085s eta 10730s  n=172  cs run2
[ 653/1800] elapsed  6086s eta 10706s  n=181  cs run2
[ 654/1800] elapsed  6088s eta 10684s  n=189  cs run2
[ 655/1800] elapsed  6090s eta 10662s  n=199  cs run2
[ 656/1800] elapsed  6091s eta 10638s  n=208  cs run2
[ 657/1800] elapsed  6093s eta 10616s  n=218  cs run2
[ 658/1800] elapsed  6095s eta 10594s  n=229  cs run2
[ 659/1800] elapsed  6097s eta 10572s  n=240  cs run2
[ 660/1800] elapsed  6099s eta 10550s  n=252  cs run2
[ 661/1800] elapsed  6102s eta 10530s  n=264  cs run2
[ 662/1800] elapsed  6104s eta 10508s  n=277  cs run2
[ 663/1800] elapsed  6106s eta 10487s  n=290  cs run2
[ 664/1800] elapsed  6109s eta 10467s  n=304  cs run2
[ 665/1800] elapsed  6111s eta 10445s  n=319  cs run2
[ 666/1800] elapsed  6114s eta 10425s  n=334  cs run2
[ 667/1800] elapsed  6116s eta 10404s  n=350  cs run2
[ 668/1800] elapsed  6119s eta 10384s  n=367  cs run2
[ 669/1800] elapsed  6122s eta 10365s  n=385  cs run2
[ 670/1800] elapsed  6125s eta 10345s  n=403  cs run2
[ 671/1800] elapsed  6128s eta 10326s  n=423  cs run2
[ 672/1800] elapsed  6132s eta 10308s  n=443  cs run2
[ 673/1800] elapsed  6136s eta 10290s  n=465  cs run2
[ 674/1800] elapsed  6141s eta 10274s  n=487  cs run2
[ 675/1800] elapsed  6145s eta 10256s  n=511  cs run2
[ 676/1800] elapsed  6149s eta 10239s  n=535  cs run2
[ 677/1800] elapsed  6156s eta 10226s  n=561  cs run2
[ 678/1800] elapsed  6163s eta 10214s  n=588  cs run2
[ 679/1800] elapsed  6168s eta 10198s  n=617  cs run2
[ 680/1800] elapsed  6174s eta 10183s  n=647  cs run2
[ 681/1800] elapsed  6181s eta 10171s  n=678  cs run2
[ 682/1800] elapsed  6189s eta 10160s  n=711  cs run2
[ 683/1800] elapsed  6195s eta 10146s  n=745  cs run2
[ 684/1800] elapsed  6201s eta 10132s  n=781  cs run2
[ 685/1800] elapsed  6208s eta 10119s  n=819  cs run2
[ 686/1800] elapsed  6216s eta 10108s  n=858  cs run2
[ 687/1800] elapsed  6226s eta 10101s  n=899  cs run2
[ 688/1800] elapsed  6233s eta 10088s  n=943  cs run2
[ 689/1800] elapsed  6243s eta 10081s  n=988  cs run2
[ 690/1800] elapsed  6251s eta 10070s  n=1036 cs run2
[ 691/1800] elapsed  6260s eta 10061s  n=1086 cs run2
[ 692/1800] elapsed  6269s eta 10052s  n=1138 cs run2
[ 693/1800] elapsed  6278s eta 10042s  n=1193 cs run2
[ 694/1800] elapsed  6288s eta 10035s  n=1251 cs run2
[ 695/1800] elapsed  6302s eta 10034s  n=1311 cs run2
[ 696/1800] elapsed  6317s eta 10034s  n=1374 cs run2
[ 697/1800] elapsed  6329s eta 10030s  n=1441 cs run2
[ 698/1800] elapsed  6346s eta 10033s  n=1510 cs run2
[ 699/1800] elapsed  6362s eta 10035s  n=1583 cs run2
[ 700/1800] elapsed  6375s eta 10032s  n=1659 cs run2
[ 701/1800] elapsed  6389s eta 10030s  n=1739 cs run2
[ 702/1800] elapsed  6406s eta 10033s  n=1823 cs run2
[ 703/1800] elapsed  6423s eta 10037s  n=1911 cs run2
[ 704/1800] elapsed  6440s eta 10040s  n=2003 cs run2
[ 705/1800] elapsed  6457s eta 10043s  n=2100 cs run2
[ 706/1800] elapsed  6477s eta 10050s  n=2201 cs run2
[ 707/1800] elapsed  6497s eta 10058s  n=2307 cs run2
[ 708/1800] elapsed  6520s eta 10070s  n=2418 cs run2
[ 709/1800] elapsed  6552s eta 10096s  n=2535 cs run2
[ 710/1800] elapsed  6583s eta 10120s  n=2657 cs run2
[ 711/1800] elapsed  6607s eta 10133s  n=2785 cs run2
[ 712/1800] elapsed  6644s eta 10166s  n=2920 cs run2
[ 713/1800] elapsed  6678s eta 10195s  n=3061 cs run2
[ 714/1800] elapsed  6708s eta 10217s  n=3208 cs run2
[ 715/1800] elapsed  6741s eta 10243s  n=3363 cs run2
[ 716/1800] elapsed  6774s eta 10269s  n=3525 cs run2
[ 717/1800] elapsed  6808s eta 10297s  n=3695 cs run2
[ 718/1800] elapsed  6845s eta 10329s  n=3873 cs run2
[ 719/1800] elapsed  6882s eta 10361s  n=4060 cs run2
[ 720/1800] elapsed  6922s eta 10397s  n=4096 cs run2
[ 721/1800] elapsed  6962s eta 10433s  n=64   hb run3
[ 722/1800] elapsed  6963s eta 10410s  n=67   hb run3
[ 723/1800] elapsed  6963s eta 10386s  n=70   hb run3
[ 724/1800] elapsed  6964s eta 10364s  n=74   hb run3
[ 725/1800] elapsed  6964s eta 10340s  n=77   hb run3
[ 726/1800] elapsed  6965s eta 10317s  n=81   hb run3
[ 727/1800] elapsed  6965s eta 10294s  n=85   hb run3
[ 728/1800] elapsed  6966s eta 10271s  n=89   hb run3
[ 729/1800] elapsed  6967s eta 10249s  n=93   hb run3
[ 730/1800] elapsed  6967s eta 10225s  n=98   hb run3
[ 731/1800] elapsed  6968s eta 10203s  n=102  hb run3
[ 732/1800] elapsed  6969s eta 10181s  n=107  hb run3
[ 733/1800] elapsed  6970s eta 10159s  n=113  hb run3
[ 734/1800] elapsed  6970s eta 10136s  n=118  hb run3
[ 735/1800] elapsed  6971s eta 10114s  n=124  hb run3
[ 736/1800] elapsed  6972s eta 10092s  n=130  hb run3
[ 737/1800] elapsed  6973s eta 10071s  n=136  hb run3
[ 738/1800] elapsed  6974s eta 10049s  n=143  hb run3
[ 739/1800] elapsed  6975s eta 10027s  n=150  hb run3
[ 740/1800] elapsed  6976s eta 10006s  n=157  hb run3
[ 741/1800] elapsed  6977s eta  9984s  n=164  hb run3
[ 742/1800] elapsed  6978s eta  9963s  n=172  hb run3
[ 743/1800] elapsed  6980s eta  9943s  n=181  hb run3
[ 744/1800] elapsed  6981s eta  9921s  n=189  hb run3
[ 745/1800] elapsed  6982s eta  9900s  n=199  hb run3
[ 746/1800] elapsed  6984s eta  9880s  n=208  hb run3
[ 747/1800] elapsed  6986s eta  9860s  n=218  hb run3
[ 748/1800] elapsed  6988s eta  9841s  n=229  hb run3
[ 749/1800] elapsed  6989s eta  9820s  n=240  hb run3
[ 750/1800] elapsed  6991s eta  9800s  n=252  hb run3
[ 751/1800] elapsed  6993s eta  9780s  n=264  hb run3
[ 752/1800] elapsed  6995s eta  9761s  n=277  hb run3
[ 753/1800] elapsed  6997s eta  9741s  n=290  hb run3
[ 754/1800] elapsed  6999s eta  9722s  n=304  hb run3
[ 755/1800] elapsed  7001s eta  9702s  n=319  hb run3
[ 756/1800] elapsed  7004s eta  9685s  n=334  hb run3
[ 757/1800] elapsed  7006s eta  9665s  n=350  hb run3
[ 758/1800] elapsed  7009s eta  9647s  n=367  hb run3
[ 759/1800] elapsed  7011s eta  9628s  n=385  hb run3
[ 760/1800] elapsed  7014s eta  9610s  n=403  hb run3
[ 761/1800] elapsed  7017s eta  9592s  n=423  hb run3
[ 762/1800] elapsed  7020s eta  9575s  n=443  hb run3
[ 763/1800] elapsed  7024s eta  9558s  n=465  hb run3
[ 764/1800] elapsed  7027s eta  9541s  n=487  hb run3
[ 765/1800] elapsed  7031s eta  9524s  n=511  hb run3
[ 766/1800] elapsed  7036s eta  9510s  n=535  hb run3
[ 767/1800] elapsed  7040s eta  9493s  n=561  hb run3
[ 768/1800] elapsed  7044s eta  9477s  n=588  hb run3
[ 769/1800] elapsed  7050s eta  9464s  n=617  hb run3
[ 770/1800] elapsed  7056s eta  9450s  n=647  hb run3
[ 771/1800] elapsed  7061s eta  9436s  n=678  hb run3
[ 772/1800] elapsed  7066s eta  9421s  n=711  hb run3
[ 773/1800] elapsed  7072s eta  9407s  n=745  hb run3
[ 774/1800] elapsed  7077s eta  9393s  n=781  hb run3
[ 775/1800] elapsed  7083s eta  9379s  n=819  hb run3
[ 776/1800] elapsed  7090s eta  9367s  n=858  hb run3
[ 777/1800] elapsed  7097s eta  9355s  n=899  hb run3
[ 778/1800] elapsed  7104s eta  9344s  n=943  hb run3
[ 779/1800] elapsed  7111s eta  9332s  n=988  hb run3
[ 780/1800] elapsed  7119s eta  9321s  n=1036 hb run3
[ 781/1800] elapsed  7127s eta  9310s  n=1086 hb run3
[ 782/1800] elapsed  7136s eta  9301s  n=1138 hb run3
[ 783/1800] elapsed  7145s eta  9292s  n=1193 hb run3
[ 784/1800] elapsed  7155s eta  9284s  n=1251 hb run3
[ 785/1800] elapsed  7165s eta  9276s  n=1311 hb run3
[ 786/1800] elapsed  7175s eta  9268s  n=1374 hb run3
[ 787/1800] elapsed  7187s eta  9262s  n=1441 hb run3
[ 788/1800] elapsed  7199s eta  9257s  n=1510 hb run3
[ 789/1800] elapsed  7212s eta  9252s  n=1583 hb run3
[ 790/1800] elapsed  7225s eta  9248s  n=1659 hb run3
[ 791/1800] elapsed  7239s eta  9245s  n=1739 hb run3
[ 792/1800] elapsed  7254s eta  9244s  n=1823 hb run3
[ 793/1800] elapsed  7269s eta  9242s  n=1911 hb run3
[ 794/1800] elapsed  7291s eta  9249s  n=2003 hb run3
[ 795/1800] elapsed  7308s eta  9250s  n=2100 hb run3
[ 796/1800] elapsed  7326s eta  9251s  n=2201 hb run3
[ 797/1800] elapsed  7345s eta  9255s  n=2307 hb run3
[ 798/1800] elapsed  7365s eta  9259s  n=2418 hb run3
[ 799/1800] elapsed  7389s eta  9268s  n=2535 hb run3
[ 800/1800] elapsed  7413s eta  9277s  n=2657 hb run3
[ 801/1800] elapsed  7441s eta  9291s  n=2785 hb run3
[ 802/1800] elapsed  7466s eta  9302s  n=2920 hb run3
[ 803/1800] elapsed  7493s eta  9314s  n=3061 hb run3
[ 804/1800] elapsed  7523s eta  9331s  n=3208 hb run3
[ 805/1800] elapsed  7552s eta  9346s  n=3363 hb run3
[ 806/1800] elapsed  7586s eta  9367s  n=3525 hb run3
[ 807/1800] elapsed  7624s eta  9392s  n=3695 hb run3
[ 808/1800] elapsed  7662s eta  9418s  n=3873 hb run3
[ 809/1800] elapsed  7701s eta  9445s  n=4060 hb run3
[ 810/1800] elapsed  7741s eta  9472s  n=4096 hb run3
[ 811/1800] elapsed  7783s eta  9502s  n=64   hs run3
[ 812/1800] elapsed  7783s eta  9481s  n=67   hs run3
[ 813/1800] elapsed  7784s eta  9461s  n=70   hs run3
[ 814/1800] elapsed  7784s eta  9440s  n=74   hs run3
[ 815/1800] elapsed  7785s eta  9420s  n=77   hs run3
[ 816/1800] elapsed  7785s eta  9399s  n=81   hs run3
[ 817/1800] elapsed  7786s eta  9379s  n=85   hs run3
[ 818/1800] elapsed  7786s eta  9358s  n=89   hs run3
[ 819/1800] elapsed  7787s eta  9338s  n=93   hs run3
[ 820/1800] elapsed  7788s eta  9318s  n=98   hs run3
[ 821/1800] elapsed  7788s eta  9298s  n=102  hs run3
[ 822/1800] elapsed  7789s eta  9278s  n=107  hs run3
[ 823/1800] elapsed  7790s eta  9258s  n=113  hs run3
[ 824/1800] elapsed  7791s eta  9239s  n=118  hs run3
[ 825/1800] elapsed  7792s eta  9219s  n=124  hs run3
[ 826/1800] elapsed  7793s eta  9200s  n=130  hs run3
[ 827/1800] elapsed  7793s eta  9179s  n=136  hs run3
[ 828/1800] elapsed  7794s eta  9160s  n=143  hs run3
[ 829/1800] elapsed  7795s eta  9141s  n=150  hs run3
[ 830/1800] elapsed  7797s eta  9123s  n=157  hs run3
[ 831/1800] elapsed  7798s eta  9103s  n=164  hs run3
[ 832/1800] elapsed  7799s eta  9084s  n=172  hs run3
[ 833/1800] elapsed  7800s eta  9065s  n=181  hs run3
[ 834/1800] elapsed  7801s eta  9046s  n=189  hs run3
[ 835/1800] elapsed  7803s eta  9028s  n=199  hs run3
[ 836/1800] elapsed  7804s eta  9009s  n=208  hs run3
[ 837/1800] elapsed  7806s eta  8991s  n=218  hs run3
[ 838/1800] elapsed  7807s eta  8972s  n=229  hs run3
[ 839/1800] elapsed  7809s eta  8955s  n=240  hs run3
[ 840/1800] elapsed  7811s eta  8937s  n=252  hs run3
[ 841/1800] elapsed  7813s eta  8919s  n=264  hs run3
[ 842/1800] elapsed  7814s eta  8901s  n=277  hs run3
[ 843/1800] elapsed  7817s eta  8884s  n=290  hs run3
[ 844/1800] elapsed  7819s eta  8867s  n=304  hs run3
[ 845/1800] elapsed  7821s eta  8849s  n=319  hs run3
[ 846/1800] elapsed  7823s eta  8832s  n=334  hs run3
[ 847/1800] elapsed  7826s eta  8815s  n=350  hs run3
[ 848/1800] elapsed  7828s eta  8798s  n=367  hs run3
[ 849/1800] elapsed  7831s eta  8782s  n=385  hs run3
[ 850/1800] elapsed  7834s eta  8765s  n=403  hs run3
[ 851/1800] elapsed  7837s eta  8749s  n=423  hs run3
[ 852/1800] elapsed  7840s eta  8733s  n=443  hs run3
[ 853/1800] elapsed  7843s eta  8717s  n=465  hs run3
[ 854/1800] elapsed  7847s eta  8702s  n=487  hs run3
[ 855/1800] elapsed  7851s eta  8687s  n=511  hs run3
[ 856/1800] elapsed  7855s eta  8672s  n=535  hs run3
[ 857/1800] elapsed  7859s eta  8657s  n=561  hs run3
[ 858/1800] elapsed  7863s eta  8642s  n=588  hs run3
[ 859/1800] elapsed  7868s eta  8629s  n=617  hs run3
[ 860/1800] elapsed  7873s eta  8615s  n=647  hs run3
[ 861/1800] elapsed  7878s eta  8601s  n=678  hs run3
[ 862/1800] elapsed  7883s eta  8587s  n=711  hs run3
[ 863/1800] elapsed  7889s eta  8575s  n=745  hs run3
[ 864/1800] elapsed  7894s eta  8561s  n=781  hs run3
[ 865/1800] elapsed  7900s eta  8549s  n=819  hs run3
[ 866/1800] elapsed  7907s eta  8537s  n=858  hs run3
[ 867/1800] elapsed  7913s eta  8525s  n=899  hs run3
[ 868/1800] elapsed  7920s eta  8513s  n=943  hs run3
[ 869/1800] elapsed  7928s eta  8503s  n=988  hs run3
[ 870/1800] elapsed  7935s eta  8492s  n=1036 hs run3
[ 871/1800] elapsed  7944s eta  8482s  n=1086 hs run3
[ 872/1800] elapsed  7952s eta  8472s  n=1138 hs run3
[ 873/1800] elapsed  7961s eta  8463s  n=1193 hs run3
[ 874/1800] elapsed  7971s eta  8454s  n=1251 hs run3
[ 875/1800] elapsed  7981s eta  8446s  n=1311 hs run3
[ 876/1800] elapsed  7992s eta  8439s  n=1374 hs run3
[ 877/1800] elapsed  8003s eta  8432s  n=1441 hs run3
[ 878/1800] elapsed  8015s eta  8426s  n=1510 hs run3
[ 879/1800] elapsed  8028s eta  8421s  n=1583 hs run3
[ 880/1800] elapsed  8041s eta  8416s  n=1659 hs run3
[ 881/1800] elapsed  8055s eta  8411s  n=1739 hs run3
[ 882/1800] elapsed  8069s eta  8407s  n=1823 hs run3
[ 883/1800] elapsed  8085s eta  8405s  n=1911 hs run3
[ 884/1800] elapsed  8101s eta  8403s  n=2003 hs run3
[ 885/1800] elapsed  8119s eta  8403s  n=2100 hs run3
[ 886/1800] elapsed  8137s eta  8403s  n=2201 hs run3
[ 887/1800] elapsed  8156s eta  8404s  n=2307 hs run3
[ 888/1800] elapsed  8177s eta  8407s  n=2418 hs run3
[ 889/1800] elapsed  8198s eta  8410s  n=2535 hs run3
[ 890/1800] elapsed  8222s eta  8416s  n=2657 hs run3
[ 891/1800] elapsed  8255s eta  8431s  n=2785 hs run3
[ 892/1800] elapsed  8285s eta  8443s  n=2920 hs run3
[ 893/1800] elapsed  8317s eta  8456s  n=3061 hs run3
[ 894/1800] elapsed  8346s eta  8467s  n=3208 hs run3
[ 895/1800] elapsed  8376s eta  8479s  n=3363 hs run3
[ 896/1800] elapsed  8407s eta  8491s  n=3525 hs run3
[ 897/1800] elapsed  8441s eta  8506s  n=3695 hs run3
[ 898/1800] elapsed  8476s eta  8523s  n=3873 hs run3
[ 899/1800] elapsed  8512s eta  8540s  n=4060 hs run3
[ 900/1800] elapsed  8551s eta  8560s  n=4096 hs run3
[ 901/1800] elapsed  8595s eta  8585s  n=64   cb run3
[ 902/1800] elapsed  8596s eta  8567s  n=67   cb run3
[ 903/1800] elapsed  8597s eta  8549s  n=70   cb run3
[ 904/1800] elapsed  8597s eta  8530s  n=74   cb run3
[ 905/1800] elapsed  8598s eta  8512s  n=77   cb run3
[ 906/1800] elapsed  8599s eta  8494s  n=81   cb run3
[ 907/1800] elapsed  8600s eta  8476s  n=85   cb run3
[ 908/1800] elapsed  8601s eta  8458s  n=89   cb run3
[ 909/1800] elapsed  8601s eta  8439s  n=93   cb run3
[ 910/1800] elapsed  8602s eta  8422s  n=98   cb run3
[ 911/1800] elapsed  8603s eta  8404s  n=102  cb run3
[ 912/1800] elapsed  8604s eta  8386s  n=107  cb run3
[ 913/1800] elapsed  8605s eta  8369s  n=113  cb run3
[ 914/1800] elapsed  8606s eta  8351s  n=118  cb run3
[ 915/1800] elapsed  8607s eta  8333s  n=124  cb run3
[ 916/1800] elapsed  8609s eta  8317s  n=130  cb run3
[ 917/1800] elapsed  8610s eta  8299s  n=136  cb run3
[ 918/1800] elapsed  8611s eta  8282s  n=143  cb run3
[ 919/1800] elapsed  8613s eta  8265s  n=150  cb run3
[ 920/1800] elapsed  8614s eta  8248s  n=157  cb run3
[ 921/1800] elapsed  8616s eta  8232s  n=164  cb run3
[ 922/1800] elapsed  8618s eta  8215s  n=172  cb run3
[ 923/1800] elapsed  8619s eta  8198s  n=181  cb run3
[ 924/1800] elapsed  8621s eta  8182s  n=189  cb run3
[ 925/1800] elapsed  8623s eta  8165s  n=199  cb run3
[ 926/1800] elapsed  8625s eta  8149s  n=208  cb run3
[ 927/1800] elapsed  8627s eta  8133s  n=218  cb run3
[ 928/1800] elapsed  8629s eta  8117s  n=229  cb run3
[ 929/1800] elapsed  8632s eta  8101s  n=240  cb run3
[ 930/1800] elapsed  8634s eta  8085s  n=252  cb run3
[ 931/1800] elapsed  8636s eta  8069s  n=264  cb run3
[ 932/1800] elapsed  8639s eta  8054s  n=277  cb run3
[ 933/1800] elapsed  8642s eta  8039s  n=290  cb run3
[ 934/1800] elapsed  8644s eta  8023s  n=304  cb run3
[ 935/1800] elapsed  8648s eta  8009s  n=319  cb run3
[ 936/1800] elapsed  8651s eta  7994s  n=334  cb run3
[ 937/1800] elapsed  8654s eta  7979s  n=350  cb run3
[ 938/1800] elapsed  8658s eta  7964s  n=367  cb run3
[ 939/1800] elapsed  8661s eta  7950s  n=385  cb run3
[ 940/1800] elapsed  8664s eta  7935s  n=403  cb run3
[ 941/1800] elapsed  8668s eta  7921s  n=423  cb run3
[ 942/1800] elapsed  8671s eta  7906s  n=443  cb run3
[ 943/1800] elapsed  8675s eta  7892s  n=465  cb run3
[ 944/1800] elapsed  8679s eta  7878s  n=487  cb run3
[ 945/1800] elapsed  8683s eta  7864s  n=511  cb run3
[ 946/1800] elapsed  8687s eta  7850s  n=535  cb run3
[ 947/1800] elapsed  8692s eta  7837s  n=561  cb run3
[ 948/1800] elapsed  8696s eta  7823s  n=588  cb run3
[ 949/1800] elapsed  8701s eta  7810s  n=617  cb run3
[ 950/1800] elapsed  8708s eta  7799s  n=647  cb run3
[ 951/1800] elapsed  8714s eta  7787s  n=678  cb run3
[ 952/1800] elapsed  8719s eta  7774s  n=711  cb run3
[ 953/1800] elapsed  8726s eta  7763s  n=745  cb run3
[ 954/1800] elapsed  8732s eta  7751s  n=781  cb run3
[ 955/1800] elapsed  8738s eta  7739s  n=819  cb run3
[ 956/1800] elapsed  8745s eta  7728s  n=858  cb run3
[ 957/1800] elapsed  8753s eta  7718s  n=899  cb run3
[ 958/1800] elapsed  8760s eta  7707s  n=943  cb run3
[ 959/1800] elapsed  8768s eta  7697s  n=988  cb run3
[ 960/1800] elapsed  8776s eta  7687s  n=1036 cb run3
[ 961/1800] elapsed  8785s eta  7677s  n=1086 cb run3
[ 962/1800] elapsed  8794s eta  7668s  n=1138 cb run3
[ 963/1800] elapsed  8803s eta  7659s  n=1193 cb run3
[ 964/1800] elapsed  8813s eta  7650s  n=1251 cb run3
[ 965/1800] elapsed  8824s eta  7643s  n=1311 cb run3
[ 966/1800] elapsed  8836s eta  7636s  n=1374 cb run3
[ 967/1800] elapsed  8847s eta  7628s  n=1441 cb run3
[ 968/1800] elapsed  8859s eta  7622s  n=1510 cb run3
[ 969/1800] elapsed  8874s eta  7618s  n=1583 cb run3
[ 970/1800] elapsed  8887s eta  7612s  n=1659 cb run3
[ 971/1800] elapsed  8901s eta  7607s  n=1739 cb run3
[ 972/1800] elapsed  8916s eta  7602s  n=1823 cb run3
[ 973/1800] elapsed  8935s eta  7602s  n=1911 cb run3
[ 974/1800] elapsed  8954s eta  7601s  n=2003 cb run3
[ 975/1800] elapsed  8973s eta  7600s  n=2100 cb run3
[ 976/1800] elapsed  8991s eta  7598s  n=2201 cb run3
[ 977/1800] elapsed  9011s eta  7598s  n=2307 cb run3
[ 978/1800] elapsed  9032s eta  7599s  n=2418 cb run3
[ 979/1800] elapsed  9055s eta  7601s  n=2535 cb run3
[ 980/1800] elapsed  9082s eta  7606s  n=2657 cb run3
[ 981/1800] elapsed  9116s eta  7618s  n=2785 cb run3
[ 982/1800] elapsed  9142s eta  7622s  n=2920 cb run3
[ 983/1800] elapsed  9169s eta  7628s  n=3061 cb run3
[ 984/1800] elapsed  9198s eta  7635s  n=3208 cb run3
[ 985/1800] elapsed  9228s eta  7643s  n=3363 cb run3
[ 986/1800] elapsed  9259s eta  7651s  n=3525 cb run3
[ 987/1800] elapsed  9293s eta  7662s  n=3695 cb run3
[ 988/1800] elapsed  9330s eta  7675s  n=3873 cb run3
[ 989/1800] elapsed  9367s eta  7688s  n=4060 cb run3
[ 990/1800] elapsed  9408s eta  7705s  n=4096 cb run3
[ 991/1800] elapsed  9451s eta  7723s  n=64   cs run3
[ 992/1800] elapsed  9451s eta  7705s  n=67   cs run3
[ 993/1800] elapsed  9452s eta  7689s  n=70   cs run3
[ 994/1800] elapsed  9453s eta  7672s  n=74   cs run3
[ 995/1800] elapsed  9454s eta  7656s  n=77   cs run3
[ 996/1800] elapsed  9455s eta  7640s  n=81   cs run3
[ 997/1800] elapsed  9456s eta  7623s  n=85   cs run3
[ 998/1800] elapsed  9457s eta  7607s  n=89   cs run3
[ 999/1800] elapsed  9457s eta  7590s  n=93   cs run3
[1000/1800] elapsed  9458s eta  7573s  n=98   cs run3
[1001/1800] elapsed  9459s eta  7557s  n=102  cs run3
[1002/1800] elapsed  9460s eta  7541s  n=107  cs run3
[1003/1800] elapsed  9461s eta  7525s  n=113  cs run3
[1004/1800] elapsed  9463s eta  7510s  n=118  cs run3
[1005/1800] elapsed  9464s eta  7493s  n=124  cs run3
[1006/1800] elapsed  9465s eta  7477s  n=130  cs run3
[1007/1800] elapsed  9466s eta  7461s  n=136  cs run3
[1008/1800] elapsed  9467s eta  7445s  n=143  cs run3
[1009/1800] elapsed  9469s eta  7430s  n=150  cs run3
[1010/1800] elapsed  9470s eta  7414s  n=157  cs run3
[1011/1800] elapsed  9471s eta  7398s  n=164  cs run3
[1012/1800] elapsed  9473s eta  7383s  n=172  cs run3
[1013/1800] elapsed  9474s eta  7367s  n=181  cs run3
[1014/1800] elapsed  9476s eta  7352s  n=189  cs run3
[1015/1800] elapsed  9478s eta  7337s  n=199  cs run3
[1016/1800] elapsed  9479s eta  7321s  n=208  cs run3
[1017/1800] elapsed  9481s eta  7306s  n=218  cs run3
[1018/1800] elapsed  9483s eta  7291s  n=229  cs run3
[1019/1800] elapsed  9485s eta  7276s  n=240  cs run3
[1020/1800] elapsed  9487s eta  7261s  n=252  cs run3
[1021/1800] elapsed  9489s eta  7246s  n=264  cs run3
[1022/1800] elapsed  9491s eta  7232s  n=277  cs run3
[1023/1800] elapsed  9494s eta  7218s  n=290  cs run3
[1024/1800] elapsed  9496s eta  7203s  n=304  cs run3
[1025/1800] elapsed  9499s eta  7189s  n=319  cs run3
[1026/1800] elapsed  9502s eta  7175s  n=334  cs run3
[1027/1800] elapsed  9505s eta  7161s  n=350  cs run3
[1028/1800] elapsed  9508s eta  7147s  n=367  cs run3
[1029/1800] elapsed  9512s eta  7134s  n=385  cs run3
[1030/1800] elapsed  9515s eta  7120s  n=403  cs run3
[1031/1800] elapsed  9518s eta  7106s  n=423  cs run3
[1032/1800] elapsed  9523s eta  7093s  n=443  cs run3
[1033/1800] elapsed  9529s eta  7082s  n=465  cs run3
[1034/1800] elapsed  9534s eta  7069s  n=487  cs run3
[1035/1800] elapsed  9539s eta  7057s  n=511  cs run3
[1036/1800] elapsed  9545s eta  7045s  n=535  cs run3
[1037/1800] elapsed  9551s eta  7034s  n=561  cs run3
[1038/1800] elapsed  9556s eta  7021s  n=588  cs run3
[1039/1800] elapsed  9561s eta  7009s  n=617  cs run3
[1040/1800] elapsed  9567s eta  6997s  n=647  cs run3
[1041/1800] elapsed  9572s eta  6985s  n=678  cs run3
[1042/1800] elapsed  9578s eta  6974s  n=711  cs run3
[1043/1800] elapsed  9583s eta  6961s  n=745  cs run3
[1044/1800] elapsed  9592s eta  6952s  n=781  cs run3
[1045/1800] elapsed  9598s eta  6941s  n=819  cs run3
[1046/1800] elapsed  9607s eta  6931s  n=858  cs run3
[1047/1800] elapsed  9616s eta  6922s  n=899  cs run3
[1048/1800] elapsed  9623s eta  6911s  n=943  cs run3
[1049/1800] elapsed  9630s eta  6900s  n=988  cs run3
[1050/1800] elapsed  9639s eta  6891s  n=1036 cs run3
[1051/1800] elapsed  9649s eta  6882s  n=1086 cs run3
[1052/1800] elapsed  9657s eta  6872s  n=1138 cs run3
[1053/1800] elapsed  9667s eta  6864s  n=1193 cs run3
[1054/1800] elapsed  9679s eta  6857s  n=1251 cs run3
[1055/1800] elapsed  9689s eta  6848s  n=1311 cs run3
[1056/1800] elapsed  9700s eta  6840s  n=1374 cs run3
[1057/1800] elapsed  9711s eta  6832s  n=1441 cs run3
[1058/1800] elapsed  9723s eta  6825s  n=1510 cs run3
[1059/1800] elapsed  9737s eta  6819s  n=1583 cs run3
[1060/1800] elapsed  9750s eta  6813s  n=1659 cs run3
[1061/1800] elapsed  9764s eta  6807s  n=1739 cs run3
[1062/1800] elapsed  9779s eta  6801s  n=1823 cs run3
[1063/1800] elapsed  9795s eta  6797s  n=1911 cs run3
[1064/1800] elapsed  9812s eta  6793s  n=2003 cs run3
[1065/1800] elapsed  9830s eta  6790s  n=2100 cs run3
[1066/1800] elapsed  9849s eta  6787s  n=2201 cs run3
[1067/1800] elapsed  9868s eta  6785s  n=2307 cs run3
[1068/1800] elapsed  9889s eta  6784s  n=2418 cs run3
[1069/1800] elapsed  9911s eta  6783s  n=2535 cs run3
[1070/1800] elapsed  9936s eta  6785s  n=2657 cs run3
[1071/1800] elapsed  9960s eta  6785s  n=2785 cs run3
[1072/1800] elapsed  9988s eta  6789s  n=2920 cs run3
[1073/1800] elapsed 10015s eta  6791s  n=3061 cs run3
[1074/1800] elapsed 10048s eta  6798s  n=3208 cs run3
[1075/1800] elapsed 10078s eta  6803s  n=3363 cs run3
[1076/1800] elapsed 10110s eta  6808s  n=3525 cs run3
[1077/1800] elapsed 10144s eta  6816s  n=3695 cs run3
[1078/1800] elapsed 10180s eta  6824s  n=3873 cs run3
[1079/1800] elapsed 10219s eta  6834s  n=4060 cs run3
[1080/1800] elapsed 10258s eta  6845s  n=4096 cs run3
[1081/1800] elapsed 10297s eta  6855s  n=64   hb run4
[1082/1800] elapsed 10298s eta  6839s  n=67   hb run4
[1083/1800] elapsed 10298s eta  6824s  n=70   hb run4
[1084/1800] elapsed 10299s eta  6808s  n=74   hb run4
[1085/1800] elapsed 10300s eta  6793s  n=77   hb run4
[1086/1800] elapsed 10300s eta  6778s  n=81   hb run4
[1087/1800] elapsed 10301s eta  6762s  n=85   hb run4
[1088/1800] elapsed 10302s eta  6747s  n=89   hb run4
[1089/1800] elapsed 10302s eta  6732s  n=93   hb run4
[1090/1800] elapsed 10303s eta  6717s  n=98   hb run4
[1091/1800] elapsed 10304s eta  6702s  n=102  hb run4
[1092/1800] elapsed 10304s eta  6686s  n=107  hb run4
[1093/1800] elapsed 10305s eta  6671s  n=113  hb run4
[1094/1800] elapsed 10306s eta  6656s  n=118  hb run4
[1095/1800] elapsed 10307s eta  6642s  n=124  hb run4
[1096/1800] elapsed 10308s eta  6627s  n=130  hb run4
[1097/1800] elapsed 10309s eta  6612s  n=136  hb run4
[1098/1800] elapsed 10310s eta  6597s  n=143  hb run4
[1099/1800] elapsed 10311s eta  6582s  n=150  hb run4
[1100/1800] elapsed 10312s eta  6568s  n=157  hb run4
[1101/1800] elapsed 10313s eta  6553s  n=164  hb run4
[1102/1800] elapsed 10315s eta  6539s  n=172  hb run4
[1103/1800] elapsed 10316s eta  6524s  n=181  hb run4
[1104/1800] elapsed 10317s eta  6510s  n=189  hb run4
[1105/1800] elapsed 10319s eta  6496s  n=199  hb run4
[1106/1800] elapsed 10320s eta  6481s  n=208  hb run4
[1107/1800] elapsed 10322s eta  6467s  n=218  hb run4
[1108/1800] elapsed 10324s eta  6453s  n=229  hb run4
[1109/1800] elapsed 10325s eta  6439s  n=240  hb run4
[1110/1800] elapsed 10327s eta  6425s  n=252  hb run4
[1111/1800] elapsed 10329s eta  6411s  n=264  hb run4
[1112/1800] elapsed 10331s eta  6397s  n=277  hb run4
[1113/1800] elapsed 10333s eta  6383s  n=290  hb run4
[1114/1800] elapsed 10335s eta  6370s  n=304  hb run4
[1115/1800] elapsed 10338s eta  6356s  n=319  hb run4
[1116/1800] elapsed 10340s eta  6343s  n=334  hb run4
[1117/1800] elapsed 10343s eta  6329s  n=350  hb run4
[1118/1800] elapsed 10345s eta  6316s  n=367  hb run4
[1119/1800] elapsed 10348s eta  6303s  n=385  hb run4
[1120/1800] elapsed 10351s eta  6290s  n=403  hb run4
[1121/1800] elapsed 10354s eta  6277s  n=423  hb run4
[1122/1800] elapsed 10357s eta  6264s  n=443  hb run4
[1123/1800] elapsed 10361s eta  6251s  n=465  hb run4
[1124/1800] elapsed 10364s eta  6238s  n=487  hb run4
[1125/1800] elapsed 10368s eta  6226s  n=511  hb run4
[1126/1800] elapsed 10372s eta  6213s  n=535  hb run4
[1127/1800] elapsed 10376s eta  6201s  n=561  hb run4
[1128/1800] elapsed 10381s eta  6189s  n=588  hb run4
[1129/1800] elapsed 10385s eta  6177s  n=617  hb run4
[1130/1800] elapsed 10390s eta  6165s  n=647  hb run4
[1131/1800] elapsed 10396s eta  6154s  n=678  hb run4
[1132/1800] elapsed 10401s eta  6143s  n=711  hb run4
[1133/1800] elapsed 10406s eta  6131s  n=745  hb run4
[1134/1800] elapsed 10412s eta  6120s  n=781  hb run4
[1135/1800] elapsed 10418s eta  6109s  n=819  hb run4
[1136/1800] elapsed 10424s eta  6098s  n=858  hb run4
[1137/1800] elapsed 10431s eta  6087s  n=899  hb run4
[1138/1800] elapsed 10438s eta  6077s  n=943  hb run4
[1139/1800] elapsed 10447s eta  6068s  n=988  hb run4
[1140/1800] elapsed 10458s eta  6059s  n=1036 hb run4
[1141/1800] elapsed 10470s eta  6052s  n=1086 hb run4
[1142/1800] elapsed 10478s eta  6042s  n=1138 hb run4
[1143/1800] elapsed 10487s eta  6033s  n=1193 hb run4
[1144/1800] elapsed 10497s eta  6024s  n=1251 hb run4
[1145/1800] elapsed 10511s eta  6018s  n=1311 hb run4
[1146/1800] elapsed 10522s eta  6009s  n=1374 hb run4
[1147/1800] elapsed 10536s eta  6003s  n=1441 hb run4
[1148/1800] elapsed 10548s eta  5995s  n=1510 hb run4
[1149/1800] elapsed 10561s eta  5988s  n=1583 hb run4
[1150/1800] elapsed 10574s eta  5981s  n=1659 hb run4
[1151/1800] elapsed 10588s eta  5975s  n=1739 hb run4
[1152/1800] elapsed 10604s eta  5969s  n=1823 hb run4
[1153/1800] elapsed 10621s eta  5965s  n=1911 hb run4
[1154/1800] elapsed 10643s eta  5963s  n=2003 hb run4
[1155/1800] elapsed 10660s eta  5958s  n=2100 hb run4
[1156/1800] elapsed 10684s eta  5957s  n=2201 hb run4
[1157/1800] elapsed 10709s eta  5956s  n=2307 hb run4
[1158/1800] elapsed 10730s eta  5953s  n=2418 hb run4
[1159/1800] elapsed 10751s eta  5951s  n=2535 hb run4
[1160/1800] elapsed 10776s eta  5950s  n=2657 hb run4
[1161/1800] elapsed 10807s eta  5953s  n=2785 hb run4
[1162/1800] elapsed 10833s eta  5953s  n=2920 hb run4
[1163/1800] elapsed 10860s eta  5953s  n=3061 hb run4
[1164/1800] elapsed 10890s eta  5955s  n=3208 hb run4
[1165/1800] elapsed 10920s eta  5957s  n=3363 hb run4
[1166/1800] elapsed 10951s eta  5959s  n=3525 hb run4
[1167/1800] elapsed 10984s eta  5963s  n=3695 hb run4
[1168/1800] elapsed 11019s eta  5967s  n=3873 hb run4
[1169/1800] elapsed 11056s eta  5972s  n=4060 hb run4
[1170/1800] elapsed 11095s eta  5979s  n=4096 hb run4
[1171/1800] elapsed 11134s eta  5985s  n=64   hs run4
[1172/1800] elapsed 11135s eta  5971s  n=67   hs run4
[1173/1800] elapsed 11135s eta  5957s  n=70   hs run4
[1174/1800] elapsed 11136s eta  5942s  n=74   hs run4
[1175/1800] elapsed 11136s eta  5928s  n=77   hs run4
[1176/1800] elapsed 11137s eta  5914s  n=81   hs run4
[1177/1800] elapsed 11137s eta  5899s  n=85   hs run4
[1178/1800] elapsed 11138s eta  5886s  n=89   hs run4
[1179/1800] elapsed 11139s eta  5872s  n=93   hs run4
[1180/1800] elapsed 11139s eta  5857s  n=98   hs run4
[1181/1800] elapsed 11140s eta  5843s  n=102  hs run4
[1182/1800] elapsed 11141s eta  5829s  n=107  hs run4
[1183/1800] elapsed 11141s eta  5815s  n=113  hs run4
[1184/1800] elapsed 11142s eta  5801s  n=118  hs run4
[1185/1800] elapsed 11143s eta  5787s  n=124  hs run4
[1186/1800] elapsed 11144s eta  5774s  n=130  hs run4
[1187/1800] elapsed 11145s eta  5760s  n=136  hs run4
[1188/1800] elapsed 11146s eta  5746s  n=143  hs run4
[1189/1800] elapsed 11147s eta  5733s  n=150  hs run4
[1190/1800] elapsed 11148s eta  5719s  n=157  hs run4
[1191/1800] elapsed 11149s eta  5705s  n=164  hs run4
[1192/1800] elapsed 11151s eta  5692s  n=172  hs run4
[1193/1800] elapsed 11152s eta  5678s  n=181  hs run4
[1194/1800] elapsed 11153s eta  5665s  n=189  hs run4
[1195/1800] elapsed 11155s eta  5652s  n=199  hs run4
[1196/1800] elapsed 11157s eta  5639s  n=208  hs run4
[1197/1800] elapsed 11159s eta  5626s  n=218  hs run4
[1198/1800] elapsed 11161s eta  5613s  n=229  hs run4
[1199/1800] elapsed 11163s eta  5600s  n=240  hs run4
[1200/1800] elapsed 11165s eta  5587s  n=252  hs run4
[1201/1800] elapsed 11167s eta  5574s  n=264  hs run4
[1202/1800] elapsed 11169s eta  5561s  n=277  hs run4
[1203/1800] elapsed 11172s eta  5548s  n=290  hs run4
[1204/1800] elapsed 11174s eta  5535s  n=304  hs run4
[1205/1800] elapsed 11177s eta  5523s  n=319  hs run4
[1206/1800] elapsed 11179s eta  5510s  n=334  hs run4
[1207/1800] elapsed 11183s eta  5498s  n=350  hs run4
[1208/1800] elapsed 11185s eta  5485s  n=367  hs run4
[1209/1800] elapsed 11189s eta  5474s  n=385  hs run4
[1210/1800] elapsed 11192s eta  5461s  n=403  hs run4
[1211/1800] elapsed 11195s eta  5449s  n=423  hs run4
[1212/1800] elapsed 11200s eta  5438s  n=443  hs run4
[1213/1800] elapsed 11205s eta  5426s  n=465  hs run4
[1214/1800] elapsed 11208s eta  5414s  n=487  hs run4
[1215/1800] elapsed 11212s eta  5402s  n=511  hs run4
[1216/1800] elapsed 11216s eta  5391s  n=535  hs run4
[1217/1800] elapsed 11220s eta  5379s  n=561  hs run4
[1218/1800] elapsed 11227s eta  5369s  n=588  hs run4
[1219/1800] elapsed 11233s eta  5358s  n=617  hs run4
[1220/1800] elapsed 11238s eta  5347s  n=647  hs run4
[1221/1800] elapsed 11244s eta  5336s  n=678  hs run4
[1222/1800] elapsed 11249s eta  5325s  n=711  hs run4
[1223/1800] elapsed 11254s eta  5313s  n=745  hs run4
[1224/1800] elapsed 11260s eta  5303s  n=781  hs run4
[1225/1800] elapsed 11266s eta  5292s  n=819  hs run4
[1226/1800] elapsed 11273s eta  5282s  n=858  hs run4
[1227/1800] elapsed 11279s eta  5271s  n=899  hs run4
[1228/1800] elapsed 11286s eta  5261s  n=943  hs run4
[1229/1800] elapsed 11297s eta  5252s  n=988  hs run4
[1230/1800] elapsed 11305s eta  5243s  n=1036 hs run4
[1231/1800] elapsed 11315s eta  5234s  n=1086 hs run4
[1232/1800] elapsed 11328s eta  5226s  n=1138 hs run4
[1233/1800] elapsed 11337s eta  5217s  n=1193 hs run4
[1234/1800] elapsed 11347s eta  5208s  n=1251 hs run4
[1235/1800] elapsed 11362s eta  5202s  n=1311 hs run4
[1236/1800] elapsed 11372s eta  5193s  n=1374 hs run4
[1237/1800] elapsed 11385s eta  5185s  n=1441 hs run4
[1238/1800] elapsed 11397s eta  5177s  n=1510 hs run4
[1239/1800] elapsed 11411s eta  5170s  n=1583 hs run4
[1240/1800] elapsed 11427s eta  5164s  n=1659 hs run4
[1241/1800] elapsed 11442s eta  5158s  n=1739 hs run4
[1242/1800] elapsed 11459s eta  5152s  n=1823 hs run4
[1243/1800] elapsed 11477s eta  5147s  n=1911 hs run4
[1244/1800] elapsed 11493s eta  5140s  n=2003 hs run4
[1245/1800] elapsed 11512s eta  5135s  n=2100 hs run4
[1246/1800] elapsed 11530s eta  5130s  n=2201 hs run4
[1247/1800] elapsed 11549s eta  5125s  n=2307 hs run4
[1248/1800] elapsed 11569s eta  5121s  n=2418 hs run4
[1249/1800] elapsed 11601s eta  5121s  n=2535 hs run4
[1250/1800] elapsed 11626s eta  5119s  n=2657 hs run4
[1251/1800] elapsed 11658s eta  5120s  n=2785 hs run4
[1252/1800] elapsed 11684s eta  5118s  n=2920 hs run4
[1253/1800] elapsed 11718s eta  5119s  n=3061 hs run4
[1254/1800] elapsed 11752s eta  5120s  n=3208 hs run4
[1255/1800] elapsed 11787s eta  5122s  n=3363 hs run4
[1256/1800] elapsed 11832s eta  5128s  n=3525 hs run4
[1257/1800] elapsed 11872s eta  5132s  n=3695 hs run4
[1258/1800] elapsed 11917s eta  5138s  n=3873 hs run4
[1259/1800] elapsed 11954s eta  5140s  n=4060 hs run4
[1260/1800] elapsed 11993s eta  5143s  n=4096 hs run4
[1261/1800] elapsed 12040s eta  5150s  n=64   cb run4
[1262/1800] elapsed 12041s eta  5137s  n=67   cb run4
[1263/1800] elapsed 12041s eta  5123s  n=70   cb run4
[1264/1800] elapsed 12042s eta  5110s  n=74   cb run4
[1265/1800] elapsed 12043s eta  5097s  n=77   cb run4
[1266/1800] elapsed 12044s eta  5084s  n=81   cb run4
[1267/1800] elapsed 12045s eta  5071s  n=85   cb run4
[1268/1800] elapsed 12045s eta  5057s  n=89   cb run4
[1269/1800] elapsed 12046s eta  5044s  n=93   cb run4
[1270/1800] elapsed 12047s eta  5031s  n=98   cb run4
[1271/1800] elapsed 12048s eta  5018s  n=102  cb run4
[1272/1800] elapsed 12049s eta  5005s  n=107  cb run4
[1273/1800] elapsed 12051s eta  4992s  n=113  cb run4
[1274/1800] elapsed 12052s eta  4979s  n=118  cb run4
[1275/1800] elapsed 12053s eta  4966s  n=124  cb run4
[1276/1800] elapsed 12054s eta  4953s  n=130  cb run4
[1277/1800] elapsed 12056s eta  4941s  n=136  cb run4
[1278/1800] elapsed 12057s eta  4928s  n=143  cb run4
[1279/1800] elapsed 12058s eta  4915s  n=150  cb run4
[1280/1800] elapsed 12059s eta  4902s  n=157  cb run4
[1281/1800] elapsed 12061s eta  4890s  n=164  cb run4
[1282/1800] elapsed 12063s eta  4877s  n=172  cb run4
[1283/1800] elapsed 12065s eta  4865s  n=181  cb run4
[1284/1800] elapsed 12066s eta  4852s  n=189  cb run4
[1285/1800] elapsed 12068s eta  4840s  n=199  cb run4
[1286/1800] elapsed 12070s eta  4828s  n=208  cb run4
[1287/1800] elapsed 12072s eta  4815s  n=218  cb run4
[1288/1800] elapsed 12074s eta  4803s  n=229  cb run4
[1289/1800] elapsed 12076s eta  4791s  n=240  cb run4
[1290/1800] elapsed 12078s eta  4778s  n=252  cb run4
[1291/1800] elapsed 12081s eta  4766s  n=264  cb run4
[1292/1800] elapsed 12084s eta  4754s  n=277  cb run4
[1293/1800] elapsed 12086s eta  4742s  n=290  cb run4
[1294/1800] elapsed 12090s eta  4731s  n=304  cb run4
[1295/1800] elapsed 12092s eta  4719s  n=319  cb run4
[1296/1800] elapsed 12096s eta  4707s  n=334  cb run4
[1297/1800] elapsed 12099s eta  4695s  n=350  cb run4
[1298/1800] elapsed 12103s eta  4684s  n=367  cb run4
[1299/1800] elapsed 12105s eta  4672s  n=385  cb run4
[1300/1800] elapsed 12109s eta  4660s  n=403  cb run4
[1301/1800] elapsed 12114s eta  4649s  n=423  cb run4
[1302/1800] elapsed 12118s eta  4638s  n=443  cb run4
[1303/1800] elapsed 12122s eta  4627s  n=465  cb run4
[1304/1800] elapsed 12126s eta  4615s  n=487  cb run4
[1305/1800] elapsed 12130s eta  4604s  n=511  cb run4
[1306/1800] elapsed 12134s eta  4593s  n=535  cb run4
[1307/1800] elapsed 12139s eta  4582s  n=561  cb run4
[1308/1800] elapsed 12144s eta  4571s  n=588  cb run4
[1309/1800] elapsed 12149s eta  4560s  n=617  cb run4
[1310/1800] elapsed 12154s eta  4549s  n=647  cb run4
[1311/1800] elapsed 12160s eta  4539s  n=678  cb run4
[1312/1800] elapsed 12168s eta  4529s  n=711  cb run4
[1313/1800] elapsed 12174s eta  4518s  n=745  cb run4
[1314/1800] elapsed 12181s eta  4508s  n=781  cb run4
[1315/1800] elapsed 12187s eta  4498s  n=819  cb run4
[1316/1800] elapsed 12193s eta  4487s  n=858  cb run4
[1317/1800] elapsed 12200s eta  4477s  n=899  cb run4
[1318/1800] elapsed 12207s eta  4467s  n=943  cb run4
[1319/1800] elapsed 12215s eta  4457s  n=988  cb run4
[1320/1800] elapsed 12223s eta  4448s  n=1036 cb run4
[1321/1800] elapsed 12231s eta  4438s  n=1086 cb run4
[1322/1800] elapsed 12240s eta  4429s  n=1138 cb run4
[1323/1800] elapsed 12249s eta  4419s  n=1193 cb run4
[1324/1800] elapsed 12259s eta  4410s  n=1251 cb run4
[1325/1800] elapsed 12270s eta  4402s  n=1311 cb run4
[1326/1800] elapsed 12281s eta  4393s  n=1374 cb run4
[1327/1800] elapsed 12292s eta  4384s  n=1441 cb run4
[1328/1800] elapsed 12304s eta  4376s  n=1510 cb run4
[1329/1800] elapsed 12317s eta  4368s  n=1583 cb run4
[1330/1800] elapsed 12331s eta  4360s  n=1659 cb run4
[1331/1800] elapsed 12345s eta  4353s  n=1739 cb run4
[1332/1800] elapsed 12360s eta  4345s  n=1823 cb run4
[1333/1800] elapsed 12376s eta  4339s  n=1911 cb run4
[1334/1800] elapsed 12392s eta  4332s  n=2003 cb run4
[1335/1800] elapsed 12409s eta  4325s  n=2100 cb run4
[1336/1800] elapsed 12428s eta  4319s  n=2201 cb run4
[1337/1800] elapsed 12447s eta  4313s  n=2307 cb run4
[1338/1800] elapsed 12469s eta  4308s  n=2418 cb run4
[1339/1800] elapsed 12491s eta  4303s  n=2535 cb run4
[1340/1800] elapsed 12518s eta  4300s  n=2657 cb run4
[1341/1800] elapsed 12553s eta  4299s  n=2785 cb run4
[1342/1800] elapsed 12584s eta  4297s  n=2920 cb run4
[1343/1800] elapsed 12623s eta  4298s  n=3061 cb run4
[1344/1800] elapsed 12655s eta  4296s  n=3208 cb run4
[1345/1800] elapsed 12685s eta  4294s  n=3363 cb run4
[1346/1800] elapsed 12720s eta  4293s  n=3525 cb run4
[1347/1800] elapsed 12752s eta  4291s  n=3695 cb run4
[1348/1800] elapsed 12788s eta  4291s  n=3873 cb run4
[1349/1800] elapsed 12828s eta  4291s  n=4060 cb run4
[1350/1800] elapsed 12871s eta  4293s  n=4096 cb run4
[1351/1800] elapsed 12915s eta  4295s  n=64   cs run4
[1352/1800] elapsed 12916s eta  4283s  n=67   cs run4
[1353/1800] elapsed 12917s eta  4270s  n=70   cs run4
[1354/1800] elapsed 12917s eta  4257s  n=74   cs run4
[1355/1800] elapsed 12918s eta  4245s  n=77   cs run4
[1356/1800] elapsed 12919s eta  4233s  n=81   cs run4
[1357/1800] elapsed 12920s eta  4220s  n=85   cs run4
[1358/1800] elapsed 12921s eta  4208s  n=89   cs run4
[1359/1800] elapsed 12922s eta  4196s  n=93   cs run4
[1360/1800] elapsed 12923s eta  4184s  n=98   cs run4
[1361/1800] elapsed 12924s eta  4171s  n=102  cs run4
[1362/1800] elapsed 12926s eta  4159s  n=107  cs run4
[1363/1800] elapsed 12927s eta  4147s  n=113  cs run4
[1364/1800] elapsed 12928s eta  4135s  n=118  cs run4
[1365/1800] elapsed 12929s eta  4123s  n=124  cs run4
[1366/1800] elapsed 12930s eta  4111s  n=130  cs run4
[1367/1800] elapsed 12932s eta  4099s  n=136  cs run4
[1368/1800] elapsed 12933s eta  4087s  n=143  cs run4
[1369/1800] elapsed 12934s eta  4074s  n=150  cs run4
[1370/1800] elapsed 12936s eta  4063s  n=157  cs run4
[1371/1800] elapsed 12937s eta  4051s  n=164  cs run4
[1372/1800] elapsed 12939s eta  4039s  n=172  cs run4
[1373/1800] elapsed 12941s eta  4027s  n=181  cs run4
[1374/1800] elapsed 12943s eta  4015s  n=189  cs run4
[1375/1800] elapsed 12945s eta  4004s  n=199  cs run4
[1376/1800] elapsed 12947s eta  3992s  n=208  cs run4
[1377/1800] elapsed 12949s eta  3980s  n=218  cs run4
[1378/1800] elapsed 12951s eta  3969s  n=229  cs run4
[1379/1800] elapsed 12953s eta  3957s  n=240  cs run4
[1380/1800] elapsed 12955s eta  3945s  n=252  cs run4
[1381/1800] elapsed 12957s eta  3934s  n=264  cs run4
[1382/1800] elapsed 12959s eta  3922s  n=277  cs run4
[1383/1800] elapsed 12962s eta  3911s  n=290  cs run4
[1384/1800] elapsed 12965s eta  3899s  n=304  cs run4
[1385/1800] elapsed 12968s eta  3888s  n=319  cs run4
[1386/1800] elapsed 12970s eta  3876s  n=334  cs run4
[1387/1800] elapsed 12974s eta  3865s  n=350  cs run4
[1388/1800] elapsed 12976s eta  3854s  n=367  cs run4
[1389/1800] elapsed 12980s eta  3843s  n=385  cs run4
[1390/1800] elapsed 12983s eta  3832s  n=403  cs run4
[1391/1800] elapsed 12987s eta  3821s  n=423  cs run4
[1392/1800] elapsed 12991s eta  3810s  n=443  cs run4
[1393/1800] elapsed 12995s eta  3799s  n=465  cs run4
[1394/1800] elapsed 13000s eta  3788s  n=487  cs run4
[1395/1800] elapsed 13004s eta  3778s  n=511  cs run4
[1396/1800] elapsed 13008s eta  3767s  n=535  cs run4
[1397/1800] elapsed 13013s eta  3756s  n=561  cs run4
[1398/1800] elapsed 13017s eta  3745s  n=588  cs run4
[1399/1800] elapsed 13022s eta  3735s  n=617  cs run4
[1400/1800] elapsed 13027s eta  3724s  n=647  cs run4
[1401/1800] elapsed 13033s eta  3714s  n=678  cs run4
[1402/1800] elapsed 13038s eta  3703s  n=711  cs run4
[1403/1800] elapsed 13044s eta  3693s  n=745  cs run4
[1404/1800] elapsed 13050s eta  3683s  n=781  cs run4
[1405/1800] elapsed 13056s eta  3673s  n=819  cs run4
[1406/1800] elapsed 13063s eta  3663s  n=858  cs run4
[1407/1800] elapsed 13070s eta  3653s  n=899  cs run4
[1408/1800] elapsed 13077s eta  3643s  n=943  cs run4
[1409/1800] elapsed 13085s eta  3633s  n=988  cs run4
[1410/1800] elapsed 13093s eta  3624s  n=1036 cs run4
[1411/1800] elapsed 13101s eta  3614s  n=1086 cs run4
[1412/1800] elapsed 13110s eta  3605s  n=1138 cs run4
[1413/1800] elapsed 13119s eta  3595s  n=1193 cs run4
[1414/1800] elapsed 13129s eta  3586s  n=1251 cs run4
[1415/1800] elapsed 13139s eta  3577s  n=1311 cs run4
[1416/1800] elapsed 13150s eta  3568s  n=1374 cs run4
[1417/1800] elapsed 13161s eta  3559s  n=1441 cs run4
[1418/1800] elapsed 13173s eta  3551s  n=1510 cs run4
[1419/1800] elapsed 13186s eta  3542s  n=1583 cs run4
[1420/1800] elapsed 13200s eta  3534s  n=1659 cs run4
[1421/1800] elapsed 13214s eta  3526s  n=1739 cs run4
[1422/1800] elapsed 13232s eta  3519s  n=1823 cs run4
[1423/1800] elapsed 13248s eta  3512s  n=1911 cs run4
[1424/1800] elapsed 13264s eta  3504s  n=2003 cs run4
[1425/1800] elapsed 13282s eta  3497s  n=2100 cs run4
[1426/1800] elapsed 13302s eta  3491s  n=2201 cs run4
[1427/1800] elapsed 13326s eta  3485s  n=2307 cs run4
[1428/1800] elapsed 13348s eta  3479s  n=2418 cs run4
[1429/1800] elapsed 13370s eta  3473s  n=2535 cs run4
[1430/1800] elapsed 13394s eta  3468s  n=2657 cs run4
[1431/1800] elapsed 13418s eta  3462s  n=2785 cs run4
[1432/1800] elapsed 13444s eta  3457s  n=2920 cs run4
[1433/1800] elapsed 13476s eta  3453s  n=3061 cs run4
[1434/1800] elapsed 13504s eta  3449s  n=3208 cs run4
[1435/1800] elapsed 13535s eta  3445s  n=3363 cs run4
[1436/1800] elapsed 13567s eta  3441s  n=3525 cs run4
[1437/1800] elapsed 13601s eta  3438s  n=3695 cs run4
[1438/1800] elapsed 13636s eta  3435s  n=3873 cs run4
[1439/1800] elapsed 13673s eta  3432s  n=4060 cs run4
[1440/1800] elapsed 13712s eta  3430s  n=4096 cs run4
[1441/1800] elapsed 13751s eta  3428s  n=64   hb run5
[1442/1800] elapsed 13752s eta  3416s  n=67   hb run5
[1443/1800] elapsed 13752s eta  3404s  n=70   hb run5
[1444/1800] elapsed 13753s eta  3392s  n=74   hb run5
[1445/1800] elapsed 13753s eta  3381s  n=77   hb run5
[1446/1800] elapsed 13754s eta  3369s  n=81   hb run5
[1447/1800] elapsed 13754s eta  3357s  n=85   hb run5
[1448/1800] elapsed 13755s eta  3346s  n=89   hb run5
[1449/1800] elapsed 13756s eta  3334s  n=93   hb run5
[1450/1800] elapsed 13757s eta  3322s  n=98   hb run5
[1451/1800] elapsed 13758s eta  3311s  n=102  hb run5
[1452/1800] elapsed 13758s eta  3299s  n=107  hb run5
[1453/1800] elapsed 13759s eta  3288s  n=113  hb run5
[1454/1800] elapsed 13760s eta  3276s  n=118  hb run5
[1455/1800] elapsed 13761s eta  3265s  n=124  hb run5
[1456/1800] elapsed 13762s eta  3253s  n=130  hb run5
[1457/1800] elapsed 13763s eta  3242s  n=136  hb run5
[1458/1800] elapsed 13764s eta  3230s  n=143  hb run5
[1459/1800] elapsed 13765s eta  3219s  n=150  hb run5
[1460/1800] elapsed 13766s eta  3207s  n=157  hb run5
[1461/1800] elapsed 13767s eta  3196s  n=164  hb run5
[1462/1800] elapsed 13769s eta  3185s  n=172  hb run5
[1463/1800] elapsed 13770s eta  3174s  n=181  hb run5
[1464/1800] elapsed 13772s eta  3162s  n=189  hb run5
[1465/1800] elapsed 13773s eta  3151s  n=199  hb run5
[1466/1800] elapsed 13776s eta  3140s  n=208  hb run5
[1467/1800] elapsed 13778s eta  3129s  n=218  hb run5
[1468/1800] elapsed 13779s eta  3118s  n=229  hb run5
[1469/1800] elapsed 13781s eta  3107s  n=240  hb run5
[1470/1800] elapsed 13783s eta  3096s  n=252  hb run5
[1471/1800] elapsed 13785s eta  3085s  n=264  hb run5
[1472/1800] elapsed 13787s eta  3074s  n=277  hb run5
[1473/1800] elapsed 13789s eta  3063s  n=290  hb run5
[1474/1800] elapsed 13791s eta  3052s  n=304  hb run5
[1475/1800] elapsed 13794s eta  3041s  n=319  hb run5
[1476/1800] elapsed 13796s eta  3030s  n=334  hb run5
[1477/1800] elapsed 13799s eta  3019s  n=350  hb run5
[1478/1800] elapsed 13801s eta  3008s  n=367  hb run5
[1479/1800] elapsed 13804s eta  2998s  n=385  hb run5
[1480/1800] elapsed 13807s eta  2987s  n=403  hb run5
[1481/1800] elapsed 13810s eta  2976s  n=423  hb run5
[1482/1800] elapsed 13813s eta  2965s  n=443  hb run5
[1483/1800] elapsed 13817s eta  2955s  n=465  hb run5
[1484/1800] elapsed 13821s eta  2945s  n=487  hb run5
[1485/1800] elapsed 13825s eta  2934s  n=511  hb run5
[1486/1800] elapsed 13829s eta  2924s  n=535  hb run5
[1487/1800] elapsed 13834s eta  2913s  n=561  hb run5
[1488/1800] elapsed 13839s eta  2903s  n=588  hb run5
[1489/1800] elapsed 13844s eta  2893s  n=617  hb run5
[1490/1800] elapsed 13850s eta  2883s  n=647  hb run5
[1491/1800] elapsed 13855s eta  2873s  n=678  hb run5
[1492/1800] elapsed 13860s eta  2863s  n=711  hb run5
[1493/1800] elapsed 13866s eta  2853s  n=745  hb run5
[1494/1800] elapsed 13872s eta  2843s  n=781  hb run5
[1495/1800] elapsed 13878s eta  2833s  n=819  hb run5
[1496/1800] elapsed 13884s eta  2823s  n=858  hb run5
[1497/1800] elapsed 13891s eta  2813s  n=899  hb run5
[1498/1800] elapsed 13898s eta  2803s  n=943  hb run5
[1499/1800] elapsed 13905s eta  2793s  n=988  hb run5
[1500/1800] elapsed 13913s eta  2784s  n=1036 hb run5
[1501/1800] elapsed 13922s eta  2775s  n=1086 hb run5
[1502/1800] elapsed 13934s eta  2766s  n=1138 hb run5
[1503/1800] elapsed 13944s eta  2757s  n=1193 hb run5
[1504/1800] elapsed 13955s eta  2748s  n=1251 hb run5
[1505/1800] elapsed 13965s eta  2739s  n=1311 hb run5
[1506/1800] elapsed 13976s eta  2730s  n=1374 hb run5
[1507/1800] elapsed 13987s eta  2721s  n=1441 hb run5
[1508/1800] elapsed 13999s eta  2712s  n=1510 hb run5
[1509/1800] elapsed 14012s eta  2703s  n=1583 hb run5
[1510/1800] elapsed 14025s eta  2695s  n=1659 hb run5
[1511/1800] elapsed 14039s eta  2686s  n=1739 hb run5
[1512/1800] elapsed 14054s eta  2678s  n=1823 hb run5
[1513/1800] elapsed 14075s eta  2671s  n=1911 hb run5
[1514/1800] elapsed 14093s eta  2663s  n=2003 hb run5
[1515/1800] elapsed 14110s eta  2656s  n=2100 hb run5
[1516/1800] elapsed 14129s eta  2648s  n=2201 hb run5
[1517/1800] elapsed 14149s eta  2641s  n=2307 hb run5
[1518/1800] elapsed 14170s eta  2634s  n=2418 hb run5
[1519/1800] elapsed 14193s eta  2627s  n=2535 hb run5
[1520/1800] elapsed 14220s eta  2621s  n=2657 hb run5
[1521/1800] elapsed 14244s eta  2614s  n=2785 hb run5
[1522/1800] elapsed 14270s eta  2608s  n=2920 hb run5
[1523/1800] elapsed 14297s eta  2602s  n=3061 hb run5
[1524/1800] elapsed 14325s eta  2595s  n=3208 hb run5
[1525/1800] elapsed 14355s eta  2590s  n=3363 hb run5
[1526/1800] elapsed 14386s eta  2584s  n=3525 hb run5
[1527/1800] elapsed 14419s eta  2579s  n=3695 hb run5
[1528/1800] elapsed 14453s eta  2574s  n=3873 hb run5
[1529/1800] elapsed 14489s eta  2569s  n=4060 hb run5
[1530/1800] elapsed 14528s eta  2565s  n=4096 hb run5
[1531/1800] elapsed 14571s eta  2561s  n=64   hs run5
[1532/1800] elapsed 14571s eta  2550s  n=67   hs run5
[1533/1800] elapsed 14572s eta  2539s  n=70   hs run5
[1534/1800] elapsed 14572s eta  2528s  n=74   hs run5
[1535/1800] elapsed 14573s eta  2517s  n=77   hs run5
[1536/1800] elapsed 14574s eta  2506s  n=81   hs run5
[1537/1800] elapsed 14574s eta  2495s  n=85   hs run5
[1538/1800] elapsed 14575s eta  2484s  n=89   hs run5
[1539/1800] elapsed 14576s eta  2473s  n=93   hs run5
[1540/1800] elapsed 14576s eta  2462s  n=98   hs run5
[1541/1800] elapsed 14577s eta  2451s  n=102  hs run5
[1542/1800] elapsed 14578s eta  2440s  n=107  hs run5
[1543/1800] elapsed 14578s eta  2429s  n=113  hs run5
[1544/1800] elapsed 14579s eta  2418s  n=118  hs run5
[1545/1800] elapsed 14580s eta  2407s  n=124  hs run5
[1546/1800] elapsed 14581s eta  2397s  n=130  hs run5
[1547/1800] elapsed 14582s eta  2386s  n=136  hs run5
[1548/1800] elapsed 14583s eta  2375s  n=143  hs run5
[1549/1800] elapsed 14584s eta  2364s  n=150  hs run5
[1550/1800] elapsed 14585s eta  2353s  n=157  hs run5
[1551/1800] elapsed 14586s eta  2343s  n=164  hs run5
[1552/1800] elapsed 14588s eta  2332s  n=172  hs run5
[1553/1800] elapsed 14589s eta  2321s  n=181  hs run5
[1554/1800] elapsed 14590s eta  2311s  n=189  hs run5
[1555/1800] elapsed 14592s eta  2300s  n=199  hs run5
[1556/1800] elapsed 14593s eta  2289s  n=208  hs run5
[1557/1800] elapsed 14595s eta  2279s  n=218  hs run5
[1558/1800] elapsed 14596s eta  2268s  n=229  hs run5
[1559/1800] elapsed 14598s eta  2258s  n=240  hs run5
[1560/1800] elapsed 14600s eta  2247s  n=252  hs run5
[1561/1800] elapsed 14602s eta  2237s  n=264  hs run5
[1562/1800] elapsed 14604s eta  2226s  n=277  hs run5
[1563/1800] elapsed 14607s eta  2216s  n=290  hs run5
[1564/1800] elapsed 14609s eta  2205s  n=304  hs run5
[1565/1800] elapsed 14611s eta  2195s  n=319  hs run5
[1566/1800] elapsed 14614s eta  2185s  n=334  hs run5
[1567/1800] elapsed 14618s eta  2174s  n=350  hs run5
[1568/1800] elapsed 14620s eta  2164s  n=367  hs run5
[1569/1800] elapsed 14624s eta  2154s  n=385  hs run5
[1570/1800] elapsed 14628s eta  2144s  n=403  hs run5
[1571/1800] elapsed 14633s eta  2134s  n=423  hs run5
[1572/1800] elapsed 14636s eta  2124s  n=443  hs run5
[1573/1800] elapsed 14640s eta  2114s  n=465  hs run5
[1574/1800] elapsed 14645s eta  2104s  n=487  hs run5
[1575/1800] elapsed 14651s eta  2094s  n=511  hs run5
[1576/1800] elapsed 14656s eta  2084s  n=535  hs run5
[1577/1800] elapsed 14661s eta  2074s  n=561  hs run5
[1578/1800] elapsed 14665s eta  2064s  n=588  hs run5
[1579/1800] elapsed 14670s eta  2054s  n=617  hs run5
[1580/1800] elapsed 14677s eta  2044s  n=647  hs run5
[1581/1800] elapsed 14682s eta  2035s  n=678  hs run5
[1582/1800] elapsed 14687s eta  2025s  n=711  hs run5
[1583/1800] elapsed 14693s eta  2015s  n=745  hs run5
[1584/1800] elapsed 14698s eta  2005s  n=781  hs run5
[1585/1800] elapsed 14704s eta  1995s  n=819  hs run5
[1586/1800] elapsed 14714s eta  1986s  n=858  hs run5
[1587/1800] elapsed 14720s eta  1976s  n=899  hs run5
[1588/1800] elapsed 14728s eta  1967s  n=943  hs run5
[1589/1800] elapsed 14739s eta  1958s  n=988  hs run5
[1590/1800] elapsed 14750s eta  1949s  n=1036 hs run5
[1591/1800] elapsed 14758s eta  1939s  n=1086 hs run5
[1592/1800] elapsed 14767s eta  1930s  n=1138 hs run5
[1593/1800] elapsed 14776s eta  1921s  n=1193 hs run5
[1594/1800] elapsed 14786s eta  1912s  n=1251 hs run5
[1595/1800] elapsed 14797s eta  1903s  n=1311 hs run5
[1596/1800] elapsed 14808s eta  1893s  n=1374 hs run5
[1597/1800] elapsed 14819s eta  1884s  n=1441 hs run5
[1598/1800] elapsed 14831s eta  1875s  n=1510 hs run5
[1599/1800] elapsed 14844s eta  1867s  n=1583 hs run5
[1600/1800] elapsed 14857s eta  1858s  n=1659 hs run5
[1601/1800] elapsed 14871s eta  1849s  n=1739 hs run5
[1602/1800] elapsed 14888s eta  1841s  n=1823 hs run5
[1603/1800] elapsed 14903s eta  1832s  n=1911 hs run5
[1604/1800] elapsed 14921s eta  1824s  n=2003 hs run5
[1605/1800] elapsed 14939s eta  1816s  n=2100 hs run5
[1606/1800] elapsed 14958s eta  1808s  n=2201 hs run5
[1607/1800] elapsed 14980s eta  1800s  n=2307 hs run5
[1608/1800] elapsed 15001s eta  1792s  n=2418 hs run5
[1609/1800] elapsed 15024s eta  1784s  n=2535 hs run5
[1610/1800] elapsed 15052s eta  1777s  n=2657 hs run5
[1611/1800] elapsed 15076s eta  1769s  n=2785 hs run5
[1612/1800] elapsed 15105s eta  1762s  n=2920 hs run5
[1613/1800] elapsed 15132s eta  1755s  n=3061 hs run5
[1614/1800] elapsed 15160s eta  1748s  n=3208 hs run5
[1615/1800] elapsed 15193s eta  1741s  n=3363 hs run5
[1616/1800] elapsed 15227s eta  1734s  n=3525 hs run5
[1617/1800] elapsed 15259s eta  1727s  n=3695 hs run5
[1618/1800] elapsed 15294s eta  1721s  n=3873 hs run5
[1619/1800] elapsed 15331s eta  1715s  n=4060 hs run5
[1620/1800] elapsed 15370s eta  1708s  n=4096 hs run5
[1621/1800] elapsed 15410s eta  1702s  n=64   cb run5
[1622/1800] elapsed 15410s eta  1692s  n=67   cb run5
[1623/1800] elapsed 15411s eta  1681s  n=70   cb run5
[1624/1800] elapsed 15412s eta  1671s  n=74   cb run5
[1625/1800] elapsed 15412s eta  1660s  n=77   cb run5
[1626/1800] elapsed 15413s eta  1650s  n=81   cb run5
[1627/1800] elapsed 15414s eta  1639s  n=85   cb run5
[1628/1800] elapsed 15415s eta  1629s  n=89   cb run5
[1629/1800] elapsed 15416s eta  1619s  n=93   cb run5
[1630/1800] elapsed 15417s eta  1608s  n=98   cb run5
[1631/1800] elapsed 15418s eta  1598s  n=102  cb run5
[1632/1800] elapsed 15419s eta  1588s  n=107  cb run5
[1633/1800] elapsed 15420s eta  1577s  n=113  cb run5
[1634/1800] elapsed 15421s eta  1567s  n=118  cb run5
[1635/1800] elapsed 15422s eta  1557s  n=124  cb run5
[1636/1800] elapsed 15423s eta  1547s  n=130  cb run5
[1637/1800] elapsed 15424s eta  1536s  n=136  cb run5
[1638/1800] elapsed 15426s eta  1526s  n=143  cb run5
[1639/1800] elapsed 15428s eta  1516s  n=150  cb run5
[1640/1800] elapsed 15429s eta  1506s  n=157  cb run5
[1641/1800] elapsed 15431s eta  1496s  n=164  cb run5
[1642/1800] elapsed 15433s eta  1485s  n=172  cb run5
[1643/1800] elapsed 15435s eta  1475s  n=181  cb run5
[1644/1800] elapsed 15436s eta  1465s  n=189  cb run5
[1645/1800] elapsed 15438s eta  1455s  n=199  cb run5
[1646/1800] elapsed 15439s eta  1445s  n=208  cb run5
[1647/1800] elapsed 15441s eta  1435s  n=218  cb run5
[1648/1800] elapsed 15443s eta  1425s  n=229  cb run5
[1649/1800] elapsed 15445s eta  1415s  n=240  cb run5
[1650/1800] elapsed 15446s eta  1405s  n=252  cb run5
[1651/1800] elapsed 15448s eta  1395s  n=264  cb run5
[1652/1800] elapsed 15451s eta  1385s  n=277  cb run5
[1653/1800] elapsed 15453s eta  1375s  n=290  cb run5
[1654/1800] elapsed 15456s eta  1365s  n=304  cb run5
[1655/1800] elapsed 15459s eta  1355s  n=319  cb run5
[1656/1800] elapsed 15461s eta  1345s  n=334  cb run5
[1657/1800] elapsed 15464s eta  1335s  n=350  cb run5
[1658/1800] elapsed 15467s eta  1325s  n=367  cb run5
[1659/1800] elapsed 15470s eta  1315s  n=385  cb run5
[1660/1800] elapsed 15473s eta  1305s  n=403  cb run5
[1661/1800] elapsed 15477s eta  1295s  n=423  cb run5
[1662/1800] elapsed 15480s eta  1286s  n=443  cb run5
[1663/1800] elapsed 15484s eta  1276s  n=465  cb run5
[1664/1800] elapsed 15488s eta  1266s  n=487  cb run5
[1665/1800] elapsed 15492s eta  1256s  n=511  cb run5
[1666/1800] elapsed 15496s eta  1247s  n=535  cb run5
[1667/1800] elapsed 15500s eta  1237s  n=561  cb run5
[1668/1800] elapsed 15506s eta  1227s  n=588  cb run5
[1669/1800] elapsed 15510s eta  1218s  n=617  cb run5
[1670/1800] elapsed 15516s eta  1208s  n=647  cb run5
[1671/1800] elapsed 15521s eta  1198s  n=678  cb run5
[1672/1800] elapsed 15527s eta  1189s  n=711  cb run5
[1673/1800] elapsed 15533s eta  1179s  n=745  cb run5
[1674/1800] elapsed 15539s eta  1170s  n=781  cb run5
[1675/1800] elapsed 15545s eta  1160s  n=819  cb run5
[1676/1800] elapsed 15555s eta  1151s  n=858  cb run5
[1677/1800] elapsed 15562s eta  1142s  n=899  cb run5
[1678/1800] elapsed 15572s eta  1132s  n=943  cb run5
[1679/1800] elapsed 15583s eta  1123s  n=988  cb run5
[1680/1800] elapsed 15594s eta  1114s  n=1036 cb run5
[1681/1800] elapsed 15602s eta  1105s  n=1086 cb run5
[1682/1800] elapsed 15615s eta  1096s  n=1138 cb run5
[1683/1800] elapsed 15625s eta  1086s  n=1193 cb run5
[1684/1800] elapsed 15635s eta  1077s  n=1251 cb run5
[1685/1800] elapsed 15646s eta  1068s  n=1311 cb run5
[1686/1800] elapsed 15657s eta  1059s  n=1374 cb run5
[1687/1800] elapsed 15669s eta  1050s  n=1441 cb run5
[1688/1800] elapsed 15682s eta  1041s  n=1510 cb run5
[1689/1800] elapsed 15695s eta  1032s  n=1583 cb run5
[1690/1800] elapsed 15709s eta  1023s  n=1659 cb run5
[1691/1800] elapsed 15729s eta  1014s  n=1739 cb run5
[1692/1800] elapsed 15747s eta  1005s  n=1823 cb run5
[1693/1800] elapsed 15763s eta   996s  n=1911 cb run5
[1694/1800] elapsed 15780s eta   987s  n=2003 cb run5
[1695/1800] elapsed 15798s eta   979s  n=2100 cb run5
[1696/1800] elapsed 15819s eta   970s  n=2201 cb run5
[1697/1800] elapsed 15840s eta   961s  n=2307 cb run5
[1698/1800] elapsed 15861s eta   953s  n=2418 cb run5
[1699/1800] elapsed 15890s eta   945s  n=2535 cb run5
[1700/1800] elapsed 15915s eta   936s  n=2657 cb run5
[1701/1800] elapsed 15939s eta   928s  n=2785 cb run5
[1702/1800] elapsed 15967s eta   919s  n=2920 cb run5
[1703/1800] elapsed 16002s eta   911s  n=3061 cb run5
[1704/1800] elapsed 16037s eta   904s  n=3208 cb run5
[1705/1800] elapsed 16067s eta   895s  n=3363 cb run5
[1706/1800] elapsed 16104s eta   887s  n=3525 cb run5
[1707/1800] elapsed 16148s eta   880s  n=3695 cb run5
[1708/1800] elapsed 16195s eta   872s  n=3873 cb run5
[1709/1800] elapsed 16234s eta   864s  n=4060 cb run5
[1710/1800] elapsed 16273s eta   856s  n=4096 cb run5
[1711/1800] elapsed 16312s eta   848s  n=64   cs run5
[1712/1800] elapsed 16313s eta   839s  n=67   cs run5
[1713/1800] elapsed 16314s eta   829s  n=70   cs run5
[1714/1800] elapsed 16315s eta   819s  n=74   cs run5
[1715/1800] elapsed 16315s eta   809s  n=77   cs run5
[1716/1800] elapsed 16316s eta   799s  n=81   cs run5
[1717/1800] elapsed 16317s eta   789s  n=85   cs run5
[1718/1800] elapsed 16318s eta   779s  n=89   cs run5
[1719/1800] elapsed 16319s eta   769s  n=93   cs run5
[1720/1800] elapsed 16320s eta   759s  n=98   cs run5
[1721/1800] elapsed 16321s eta   749s  n=102  cs run5
[1722/1800] elapsed 16322s eta   739s  n=107  cs run5
[1723/1800] elapsed 16323s eta   729s  n=113  cs run5
[1724/1800] elapsed 16325s eta   720s  n=118  cs run5
[1725/1800] elapsed 16326s eta   710s  n=124  cs run5
[1726/1800] elapsed 16328s eta   700s  n=130  cs run5
[1727/1800] elapsed 16329s eta   690s  n=136  cs run5
[1728/1800] elapsed 16330s eta   680s  n=143  cs run5
[1729/1800] elapsed 16332s eta   671s  n=150  cs run5
[1730/1800] elapsed 16333s eta   661s  n=157  cs run5
[1731/1800] elapsed 16334s eta   651s  n=164  cs run5
[1732/1800] elapsed 16336s eta   641s  n=172  cs run5
[1733/1800] elapsed 16338s eta   632s  n=181  cs run5
[1734/1800] elapsed 16339s eta   622s  n=189  cs run5
[1735/1800] elapsed 16341s eta   612s  n=199  cs run5
[1736/1800] elapsed 16343s eta   602s  n=208  cs run5
[1737/1800] elapsed 16344s eta   593s  n=218  cs run5
[1738/1800] elapsed 16346s eta   583s  n=229  cs run5
[1739/1800] elapsed 16348s eta   573s  n=240  cs run5
[1740/1800] elapsed 16350s eta   564s  n=252  cs run5
[1741/1800] elapsed 16352s eta   554s  n=264  cs run5
[1742/1800] elapsed 16354s eta   544s  n=277  cs run5
[1743/1800] elapsed 16357s eta   535s  n=290  cs run5
[1744/1800] elapsed 16359s eta   525s  n=304  cs run5
[1745/1800] elapsed 16361s eta   515s  n=319  cs run5
[1746/1800] elapsed 16364s eta   506s  n=334  cs run5
[1747/1800] elapsed 16368s eta   496s  n=350  cs run5
[1748/1800] elapsed 16371s eta   487s  n=367  cs run5
[1749/1800] elapsed 16374s eta   477s  n=385  cs run5
[1750/1800] elapsed 16377s eta   468s  n=403  cs run5
[1751/1800] elapsed 16380s eta   458s  n=423  cs run5
[1752/1800] elapsed 16384s eta   449s  n=443  cs run5
[1753/1800] elapsed 16387s eta   439s  n=465  cs run5
[1754/1800] elapsed 16391s eta   430s  n=487  cs run5
[1755/1800] elapsed 16395s eta   420s  n=511  cs run5
[1756/1800] elapsed 16399s eta   411s  n=535  cs run5
[1757/1800] elapsed 16404s eta   401s  n=561  cs run5
[1758/1800] elapsed 16410s eta   392s  n=588  cs run5
[1759/1800] elapsed 16416s eta   382s  n=617  cs run5
[1760/1800] elapsed 16421s eta   373s  n=647  cs run5
[1761/1800] elapsed 16427s eta   364s  n=678  cs run5
[1762/1800] elapsed 16432s eta   354s  n=711  cs run5
[1763/1800] elapsed 16437s eta   345s  n=745  cs run5
[1764/1800] elapsed 16444s eta   335s  n=781  cs run5
[1765/1800] elapsed 16450s eta   326s  n=819  cs run5
[1766/1800] elapsed 16457s eta   317s  n=858  cs run5
[1767/1800] elapsed 16465s eta   307s  n=899  cs run5
[1768/1800] elapsed 16472s eta   298s  n=943  cs run5
[1769/1800] elapsed 16480s eta   288s  n=988  cs run5
[1770/1800] elapsed 16488s eta   279s  n=1036 cs run5
[1771/1800] elapsed 16497s eta   270s  n=1086 cs run5
[1772/1800] elapsed 16505s eta   260s  n=1138 cs run5
[1773/1800] elapsed 16515s eta   251s  n=1193 cs run5
[1774/1800] elapsed 16525s eta   242s  n=1251 cs run5
[1775/1800] elapsed 16535s eta   233s  n=1311 cs run5
[1776/1800] elapsed 16546s eta   223s  n=1374 cs run5
[1777/1800] elapsed 16557s eta   214s  n=1441 cs run5
[1778/1800] elapsed 16570s eta   205s  n=1510 cs run5
[1779/1800] elapsed 16582s eta   195s  n=1583 cs run5
[1780/1800] elapsed 16596s eta   186s  n=1659 cs run5
[1781/1800] elapsed 16610s eta   177s  n=1739 cs run5
[1782/1800] elapsed 16626s eta   168s  n=1823 cs run5
[1783/1800] elapsed 16641s eta   158s  n=1911 cs run5
[1784/1800] elapsed 16658s eta   149s  n=2003 cs run5
[1785/1800] elapsed 16675s eta   140s  n=2100 cs run5
[1786/1800] elapsed 16694s eta   130s  n=2201 cs run5
[1787/1800] elapsed 16713s eta   121s  n=2307 cs run5
[1788/1800] elapsed 16733s eta   112s  n=2418 cs run5
[1789/1800] elapsed 16755s eta   103s  n=2535 cs run5
[1790/1800] elapsed 16779s eta    93s  n=2657 cs run5
[1791/1800] elapsed 16804s eta    84s  n=2785 cs run5
[1792/1800] elapsed 16829s eta    75s  n=2920 cs run5
[1793/1800] elapsed 16855s eta    65s  n=3061 cs run5
[1794/1800] elapsed 16886s eta    56s  n=3208 cs run5
[1795/1800] elapsed 16916s eta    47s  n=3363 cs run5
[1796/1800] elapsed 16947s eta    37s  n=3525 cs run5
[1797/1800] elapsed 16981s eta    28s  n=3695 cs run5
[1798/1800] elapsed 17016s eta    18s  n=3873 cs run5
[1799/1800] elapsed 17053s eta     9s  n=4060 cs run5
[1800/1800] elapsed 17096s eta     0s  n=4096 cs run5
sweep complete: 1800 invocations in 17137s
